#
# There is insufficient memory for the Java Runtime Environment to continue.
# Native memory allocation (malloc) failed to allocate 1032080 bytes for Chunk::new
# Possible reasons:
#   The system is out of physical RAM or swap space
#   The process is running with CompressedOops enabled, and the Java Heap may be blocking the growth of the native heap
# Possible solutions:
#   Reduce memory load on the system
#   Increase physical memory or swap space
#   Check if swap backing store is full
#   Decrease Java heap size (-Xmx/-Xms)
#   Decrease number of Java threads
#   Decrease Java thread stack sizes (-Xss)
#   Set larger code cache with -XX:ReservedCodeCacheSize=
#   JVM is running with Zero Based Compressed Oops mode in which the Java heap is
#     placed in the first 32GB address space. The Java Heap base address is the
#     maximum limit for the native heap growth. Please use -XX:HeapBaseMinAddress
#     to set the Java Heap base and to place the Java Heap above 32GB virtual address.
# This output file may be truncated or incomplete.
#
#  Out of Memory Error (arena.cpp:168), pid=24416, tid=23620
#
# JRE version: Java(TM) SE Runtime Environment (21.0.1+12) (build 21.0.1+12-LTS-29)
# Java VM: Java HotSpot(TM) 64-Bit Server VM (21.0.1+12-LTS-29, mixed mode, sharing, tiered, compressed oops, compressed class ptrs, g1 gc, windows-amd64)
# No core dump will be written. Minidumps are not enabled by default on client versions of Windows
#

---------------  S U M M A R Y ------------

Command Line: -Dclassworlds.conf=C:\\Users\\ASUS\\.m2\\wrapper\\dists\\apache-maven-3.9.12\\59fe215c0ad6947fea90184bf7add084544567b927287592651fda3782e0e798\\bin\\m2.conf -Dmaven.home=C:\\Users\\ASUS\\.m2\\wrapper\\dists\\apache-maven-3.9.12\\59fe215c0ad6947fea90184bf7add084544567b927287592651fda3782e0e798 -Dlibrary.jansi.path=C:\\Users\\ASUS\\.m2\\wrapper\\dists\\apache-maven-3.9.12\\59fe215c0ad6947fea90184bf7add084544567b927287592651fda3782e0e798\\lib\\jansi-native -Dmaven.multiModuleProjectDirectory=D:\\studymatch\\backend\\api-gateway org.codehaus.plexus.classworlds.launcher.Launcher spring-boot:run

Host: 11th Gen Intel(R) Core(TM) i5-1135G7 @ 2.40GHz, 8 cores, 15G,  Windows 11 , 64 bit Build 22621 (10.0.22621.5415)
Time: Wed Jul 22 12:00:35 2026 SE Asia Standard Time elapsed time: 12.901460 seconds (0d 0h 0m 12s)

---------------  T H R E A D  ---------------

Current thread (0x000001c248aafe60):  JavaThread "C2 CompilerThread1" daemon [_thread_in_native, id=23620, stack(0x0000005cefe00000,0x0000005ceff00000) (1024K)]


Current CompileTask:
C2:  12901 3938   !   4       org.apache.maven.model.Plugin::clone (204 bytes)

Stack: [0x0000005cefe00000,0x0000005ceff00000]
Native frames: (J=compiled Java code, j=interpreted, Vv=VM code, C=native code)
V  [jvm.dll+0x6c9029]
V  [jvm.dll+0x854b81]
V  [jvm.dll+0x856e5e]
V  [jvm.dll+0x857543]
V  [jvm.dll+0x280c06]
V  [jvm.dll+0xc3ead]
V  [jvm.dll+0xc43c3]
V  [jvm.dll+0x3b576c]
V  [jvm.dll+0x382475]
V  [jvm.dll+0x3818ea]
V  [jvm.dll+0x249ad0]
V  [jvm.dll+0x2490b1]
V  [jvm.dll+0x1c9ca1]
V  [jvm.dll+0x2586b9]
V  [jvm.dll+0x256c9a]
V  [jvm.dll+0x3ef1b6]
V  [jvm.dll+0x7fd728]
V  [jvm.dll+0x6c777d]
C  [ucrtbase.dll+0x29333]
C  [KERNEL32.DLL+0x1259d]
C  [ntdll.dll+0x5af78]


---------------  P R O C E S S  ---------------

Threads class SMR info:
_java_thread_list=0x000001c248962a40, length=13, elements={
0x000001c26149e200, 0x000001c20280cba0, 0x000001c20280ec10, 0x000001c202811920,
0x000001c202812470, 0x000001c202812fc0, 0x000001c202814a30, 0x000001c2028157c0,
0x000001c202819050, 0x000001c2029de290, 0x000001c202a39870, 0x000001c202d54ea0,
0x000001c248aafe60
}

Java Threads: ( => current thread )
  0x000001c26149e200 JavaThread "main"                              [_thread_in_native, id=24480, stack(0x0000005cee400000,0x0000005cee500000) (1024K)]
  0x000001c20280cba0 JavaThread "Reference Handler"          daemon [_thread_blocked, id=18464, stack(0x0000005ceec00000,0x0000005ceed00000) (1024K)]
  0x000001c20280ec10 JavaThread "Finalizer"                  daemon [_thread_blocked, id=5676, stack(0x0000005ceed00000,0x0000005ceee00000) (1024K)]
  0x000001c202811920 JavaThread "Signal Dispatcher"          daemon [_thread_blocked, id=3588, stack(0x0000005ceee00000,0x0000005ceef00000) (1024K)]
  0x000001c202812470 JavaThread "Attach Listener"            daemon [_thread_blocked, id=9500, stack(0x0000005ceef00000,0x0000005cef000000) (1024K)]
  0x000001c202812fc0 JavaThread "Service Thread"             daemon [_thread_blocked, id=21416, stack(0x0000005cef000000,0x0000005cef100000) (1024K)]
  0x000001c202814a30 JavaThread "Monitor Deflation Thread"   daemon [_thread_blocked, id=23540, stack(0x0000005cef100000,0x0000005cef200000) (1024K)]
  0x000001c2028157c0 JavaThread "C2 CompilerThread0"         daemon [_thread_blocked, id=6048, stack(0x0000005cef200000,0x0000005cef300000) (1024K)]
  0x000001c202819050 JavaThread "C1 CompilerThread0"         daemon [_thread_blocked, id=18080, stack(0x0000005cef300000,0x0000005cef400000) (1024K)]
  0x000001c2029de290 JavaThread "Notification Thread"        daemon [_thread_blocked, id=8256, stack(0x0000005cef400000,0x0000005cef500000) (1024K)]
  0x000001c202a39870 JavaThread "Common-Cleaner"             daemon [_thread_blocked, id=23664, stack(0x0000005cef500000,0x0000005cef600000) (1024K)]
  0x000001c202d54ea0 JavaThread "Thread-1"                   daemon [_thread_blocked, id=21936, stack(0x0000005cef600000,0x0000005cef700000) (1024K)]
=>0x000001c248aafe60 JavaThread "C2 CompilerThread1"         daemon [_thread_in_native, id=23620, stack(0x0000005cefe00000,0x0000005ceff00000) (1024K)]
Total: 13

Other Threads:
  0x000001c2027ea1e0 VMThread "VM Thread"                           [id=23616, stack(0x0000005ceeb00000,0x0000005ceec00000) (1024K)]
  0x000001c2027d4740 WatcherThread "VM Periodic Task Thread"        [id=24572, stack(0x0000005ceea00000,0x0000005ceeb00000) (1024K)]
  0x000001c2637a0ba0 WorkerThread "GC Thread#0"                     [id=24512, stack(0x0000005cee500000,0x0000005cee600000) (1024K)]
  0x000001c2487fe1e0 WorkerThread "GC Thread#1"                     [id=23308, stack(0x0000005cef700000,0x0000005cef800000) (1024K)]
  0x000001c2487fe580 WorkerThread "GC Thread#2"                     [id=23336, stack(0x0000005cef800000,0x0000005cef900000) (1024K)]
  0x000001c2487fe920 WorkerThread "GC Thread#3"                     [id=23268, stack(0x0000005cef900000,0x0000005cefa00000) (1024K)]
  0x000001c24854d630 WorkerThread "GC Thread#4"                     [id=23328, stack(0x0000005cefa00000,0x0000005cefb00000) (1024K)]
  0x000001c24854d9d0 WorkerThread "GC Thread#5"                     [id=23324, stack(0x0000005cefb00000,0x0000005cefc00000) (1024K)]
  0x000001c248c92070 WorkerThread "GC Thread#6"                     [id=22636, stack(0x0000005cefc00000,0x0000005cefd00000) (1024K)]
  0x000001c248c92410 WorkerThread "GC Thread#7"                     [id=23264, stack(0x0000005cefd00000,0x0000005cefe00000) (1024K)]
  0x000001c2637b16d0 ConcurrentGCThread "G1 Main Marker"            [id=24516, stack(0x0000005cee600000,0x0000005cee700000) (1024K)]
  0x000001c2637b21d0 WorkerThread "G1 Conc#0"                       [id=24520, stack(0x0000005cee700000,0x0000005cee800000) (1024K)]
  0x000001c2026a6510 ConcurrentGCThread "G1 Refine#0"               [id=24528, stack(0x0000005cee800000,0x0000005cee900000) (1024K)]
  0x000001c2026a7f30 ConcurrentGCThread "G1 Service"                [id=24532, stack(0x0000005cee900000,0x0000005ceea00000) (1024K)]
Total: 14

Threads with active compile tasks:
C2 CompilerThread1    12937 3938   !   4       org.apache.maven.model.Plugin::clone (204 bytes)
Total: 1

VM state: not at safepoint (normal execution)

VM Mutex/Monitor currently owned by a thread: None

Heap address: 0x0000000704a00000, size: 4022 MB, Compressed Oops mode: Zero based, Oop shift amount: 3

CDS archive(s) mapped at: [0x000001c203000000-0x000001c203c90000-0x000001c203c90000), size 13172736, SharedBaseAddress: 0x000001c203000000, ArchiveRelocationMode: 1.
Compressed class space mapped at: 0x000001c204000000-0x000001c244000000, reserved size: 1073741824
Narrow klass base: 0x000001c203000000, Narrow klass shift: 0, Narrow klass range: 0x100000000

GC Precious Log:
 CardTable entry size: 512
 Card Set container configuration: InlinePtr #cards 4 size 8 Array Of Cards #cards 16 size 48 Howl #buckets 8 coarsen threshold 3686 Howl Bitmap #cards 512 size 80 coarsen threshold 460 Card regions per heap region 1 cards per card region 4096
 CPUs: 8 total, 8 available
 Memory: 16080M
 Large Page Support: Disabled
 NUMA Support: Disabled
 Compressed Oops: Enabled (Zero based)
 Heap Region Size: 2M
 Heap Min Capacity: 8M
 Heap Initial Capacity: 252M
 Heap Max Capacity: 4022M
 Pre-touch: Disabled
 Parallel Workers: 8
 Concurrent Workers: 2
 Concurrent Refinement Workers: 8
 Periodic GC: Disabled

Heap:
 garbage-first heap   total 258048K, used 95328K [0x0000000704a00000, 0x0000000800000000)
  region size 2048K, 46 young (94208K), 1 survivors (2048K)
 Metaspace       used 15938K, committed 16192K, reserved 1114112K
  class space    used 1864K, committed 1984K, reserved 1048576K

Heap Regions: E=young(eden), S=young(survivor), O=old, HS=humongous(starts), HC=humongous(continues), CS=collection set, F=free, TAMS=top-at-mark-start, PB=parsable bottom
|   0|0x0000000704a00000, 0x0000000704c00000, 0x0000000704c00000|100%| O|  |TAMS 0x0000000704a00000| PB 0x0000000704a00000| Untracked 
|   1|0x0000000704c00000, 0x0000000704d86ed0, 0x0000000704e00000| 76%| O|  |TAMS 0x0000000704c00000| PB 0x0000000704c00000| Untracked 
|   2|0x0000000704e00000, 0x0000000704e00000, 0x0000000705000000|  0%| F|  |TAMS 0x0000000704e00000| PB 0x0000000704e00000| Untracked 
|   3|0x0000000705000000, 0x0000000705000000, 0x0000000705200000|  0%| F|  |TAMS 0x0000000705000000| PB 0x0000000705000000| Untracked 
|   4|0x0000000705200000, 0x0000000705200000, 0x0000000705400000|  0%| F|  |TAMS 0x0000000705200000| PB 0x0000000705200000| Untracked 
|   5|0x0000000705400000, 0x0000000705400000, 0x0000000705600000|  0%| F|  |TAMS 0x0000000705400000| PB 0x0000000705400000| Untracked 
|   6|0x0000000705600000, 0x0000000705600000, 0x0000000705800000|  0%| F|  |TAMS 0x0000000705600000| PB 0x0000000705600000| Untracked 
|   7|0x0000000705800000, 0x0000000705800000, 0x0000000705a00000|  0%| F|  |TAMS 0x0000000705800000| PB 0x0000000705800000| Untracked 
|   8|0x0000000705a00000, 0x0000000705a00000, 0x0000000705c00000|  0%| F|  |TAMS 0x0000000705a00000| PB 0x0000000705a00000| Untracked 
|   9|0x0000000705c00000, 0x0000000705c00000, 0x0000000705e00000|  0%| F|  |TAMS 0x0000000705c00000| PB 0x0000000705c00000| Untracked 
|  10|0x0000000705e00000, 0x0000000705e00000, 0x0000000706000000|  0%| F|  |TAMS 0x0000000705e00000| PB 0x0000000705e00000| Untracked 
|  11|0x0000000706000000, 0x0000000706000000, 0x0000000706200000|  0%| F|  |TAMS 0x0000000706000000| PB 0x0000000706000000| Untracked 
|  12|0x0000000706200000, 0x0000000706200000, 0x0000000706400000|  0%| F|  |TAMS 0x0000000706200000| PB 0x0000000706200000| Untracked 
|  13|0x0000000706400000, 0x0000000706400000, 0x0000000706600000|  0%| F|  |TAMS 0x0000000706400000| PB 0x0000000706400000| Untracked 
|  14|0x0000000706600000, 0x0000000706600000, 0x0000000706800000|  0%| F|  |TAMS 0x0000000706600000| PB 0x0000000706600000| Untracked 
|  15|0x0000000706800000, 0x0000000706800000, 0x0000000706a00000|  0%| F|  |TAMS 0x0000000706800000| PB 0x0000000706800000| Untracked 
|  16|0x0000000706a00000, 0x0000000706a00000, 0x0000000706c00000|  0%| F|  |TAMS 0x0000000706a00000| PB 0x0000000706a00000| Untracked 
|  17|0x0000000706c00000, 0x0000000706c00000, 0x0000000706e00000|  0%| F|  |TAMS 0x0000000706c00000| PB 0x0000000706c00000| Untracked 
|  18|0x0000000706e00000, 0x0000000706e00000, 0x0000000707000000|  0%| F|  |TAMS 0x0000000706e00000| PB 0x0000000706e00000| Untracked 
|  19|0x0000000707000000, 0x0000000707000000, 0x0000000707200000|  0%| F|  |TAMS 0x0000000707000000| PB 0x0000000707000000| Untracked 
|  20|0x0000000707200000, 0x0000000707200000, 0x0000000707400000|  0%| F|  |TAMS 0x0000000707200000| PB 0x0000000707200000| Untracked 
|  21|0x0000000707400000, 0x0000000707400000, 0x0000000707600000|  0%| F|  |TAMS 0x0000000707400000| PB 0x0000000707400000| Untracked 
|  22|0x0000000707600000, 0x0000000707600000, 0x0000000707800000|  0%| F|  |TAMS 0x0000000707600000| PB 0x0000000707600000| Untracked 
|  23|0x0000000707800000, 0x0000000707800000, 0x0000000707a00000|  0%| F|  |TAMS 0x0000000707800000| PB 0x0000000707800000| Untracked 
|  24|0x0000000707a00000, 0x0000000707a00000, 0x0000000707c00000|  0%| F|  |TAMS 0x0000000707a00000| PB 0x0000000707a00000| Untracked 
|  25|0x0000000707c00000, 0x0000000707c00000, 0x0000000707e00000|  0%| F|  |TAMS 0x0000000707c00000| PB 0x0000000707c00000| Untracked 
|  26|0x0000000707e00000, 0x0000000707e00000, 0x0000000708000000|  0%| F|  |TAMS 0x0000000707e00000| PB 0x0000000707e00000| Untracked 
|  27|0x0000000708000000, 0x0000000708000000, 0x0000000708200000|  0%| F|  |TAMS 0x0000000708000000| PB 0x0000000708000000| Untracked 
|  28|0x0000000708200000, 0x0000000708200000, 0x0000000708400000|  0%| F|  |TAMS 0x0000000708200000| PB 0x0000000708200000| Untracked 
|  29|0x0000000708400000, 0x0000000708400000, 0x0000000708600000|  0%| F|  |TAMS 0x0000000708400000| PB 0x0000000708400000| Untracked 
|  30|0x0000000708600000, 0x0000000708600000, 0x0000000708800000|  0%| F|  |TAMS 0x0000000708600000| PB 0x0000000708600000| Untracked 
|  31|0x0000000708800000, 0x0000000708800000, 0x0000000708a00000|  0%| F|  |TAMS 0x0000000708800000| PB 0x0000000708800000| Untracked 
|  32|0x0000000708a00000, 0x0000000708a00000, 0x0000000708c00000|  0%| F|  |TAMS 0x0000000708a00000| PB 0x0000000708a00000| Untracked 
|  33|0x0000000708c00000, 0x0000000708c00000, 0x0000000708e00000|  0%| F|  |TAMS 0x0000000708c00000| PB 0x0000000708c00000| Untracked 
|  34|0x0000000708e00000, 0x0000000708e00000, 0x0000000709000000|  0%| F|  |TAMS 0x0000000708e00000| PB 0x0000000708e00000| Untracked 
|  35|0x0000000709000000, 0x0000000709000000, 0x0000000709200000|  0%| F|  |TAMS 0x0000000709000000| PB 0x0000000709000000| Untracked 
|  36|0x0000000709200000, 0x0000000709200000, 0x0000000709400000|  0%| F|  |TAMS 0x0000000709200000| PB 0x0000000709200000| Untracked 
|  37|0x0000000709400000, 0x0000000709400000, 0x0000000709600000|  0%| F|  |TAMS 0x0000000709400000| PB 0x0000000709400000| Untracked 
|  38|0x0000000709600000, 0x0000000709600000, 0x0000000709800000|  0%| F|  |TAMS 0x0000000709600000| PB 0x0000000709600000| Untracked 
|  39|0x0000000709800000, 0x0000000709800000, 0x0000000709a00000|  0%| F|  |TAMS 0x0000000709800000| PB 0x0000000709800000| Untracked 
|  40|0x0000000709a00000, 0x0000000709a00000, 0x0000000709c00000|  0%| F|  |TAMS 0x0000000709a00000| PB 0x0000000709a00000| Untracked 
|  41|0x0000000709c00000, 0x0000000709c00000, 0x0000000709e00000|  0%| F|  |TAMS 0x0000000709c00000| PB 0x0000000709c00000| Untracked 
|  42|0x0000000709e00000, 0x0000000709e00000, 0x000000070a000000|  0%| F|  |TAMS 0x0000000709e00000| PB 0x0000000709e00000| Untracked 
|  43|0x000000070a000000, 0x000000070a000000, 0x000000070a200000|  0%| F|  |TAMS 0x000000070a000000| PB 0x000000070a000000| Untracked 
|  44|0x000000070a200000, 0x000000070a200000, 0x000000070a400000|  0%| F|  |TAMS 0x000000070a200000| PB 0x000000070a200000| Untracked 
|  45|0x000000070a400000, 0x000000070a400000, 0x000000070a600000|  0%| F|  |TAMS 0x000000070a400000| PB 0x000000070a400000| Untracked 
|  46|0x000000070a600000, 0x000000070a600000, 0x000000070a800000|  0%| F|  |TAMS 0x000000070a600000| PB 0x000000070a600000| Untracked 
|  47|0x000000070a800000, 0x000000070a800000, 0x000000070aa00000|  0%| F|  |TAMS 0x000000070a800000| PB 0x000000070a800000| Untracked 
|  48|0x000000070aa00000, 0x000000070aa00000, 0x000000070ac00000|  0%| F|  |TAMS 0x000000070aa00000| PB 0x000000070aa00000| Untracked 
|  49|0x000000070ac00000, 0x000000070ac00000, 0x000000070ae00000|  0%| F|  |TAMS 0x000000070ac00000| PB 0x000000070ac00000| Untracked 
|  50|0x000000070ae00000, 0x000000070ae00000, 0x000000070b000000|  0%| F|  |TAMS 0x000000070ae00000| PB 0x000000070ae00000| Untracked 
|  51|0x000000070b000000, 0x000000070b000000, 0x000000070b200000|  0%| F|  |TAMS 0x000000070b000000| PB 0x000000070b000000| Untracked 
|  52|0x000000070b200000, 0x000000070b200000, 0x000000070b400000|  0%| F|  |TAMS 0x000000070b200000| PB 0x000000070b200000| Untracked 
|  53|0x000000070b400000, 0x000000070b400000, 0x000000070b600000|  0%| F|  |TAMS 0x000000070b400000| PB 0x000000070b400000| Untracked 
|  54|0x000000070b600000, 0x000000070b600000, 0x000000070b800000|  0%| F|  |TAMS 0x000000070b600000| PB 0x000000070b600000| Untracked 
|  55|0x000000070b800000, 0x000000070b800000, 0x000000070ba00000|  0%| F|  |TAMS 0x000000070b800000| PB 0x000000070b800000| Untracked 
|  56|0x000000070ba00000, 0x000000070ba00000, 0x000000070bc00000|  0%| F|  |TAMS 0x000000070ba00000| PB 0x000000070ba00000| Untracked 
|  57|0x000000070bc00000, 0x000000070bc00000, 0x000000070be00000|  0%| F|  |TAMS 0x000000070bc00000| PB 0x000000070bc00000| Untracked 
|  58|0x000000070be00000, 0x000000070be00000, 0x000000070c000000|  0%| F|  |TAMS 0x000000070be00000| PB 0x000000070be00000| Untracked 
|  59|0x000000070c000000, 0x000000070c000000, 0x000000070c200000|  0%| F|  |TAMS 0x000000070c000000| PB 0x000000070c000000| Untracked 
|  60|0x000000070c200000, 0x000000070c200000, 0x000000070c400000|  0%| F|  |TAMS 0x000000070c200000| PB 0x000000070c200000| Untracked 
|  61|0x000000070c400000, 0x000000070c400000, 0x000000070c600000|  0%| F|  |TAMS 0x000000070c400000| PB 0x000000070c400000| Untracked 
|  62|0x000000070c600000, 0x000000070c600000, 0x000000070c800000|  0%| F|  |TAMS 0x000000070c600000| PB 0x000000070c600000| Untracked 
|  63|0x000000070c800000, 0x000000070c800000, 0x000000070ca00000|  0%| F|  |TAMS 0x000000070c800000| PB 0x000000070c800000| Untracked 
|  64|0x000000070ca00000, 0x000000070ca00000, 0x000000070cc00000|  0%| F|  |TAMS 0x000000070ca00000| PB 0x000000070ca00000| Untracked 
|  65|0x000000070cc00000, 0x000000070cc00000, 0x000000070ce00000|  0%| F|  |TAMS 0x000000070cc00000| PB 0x000000070cc00000| Untracked 
|  66|0x000000070ce00000, 0x000000070ce00000, 0x000000070d000000|  0%| F|  |TAMS 0x000000070ce00000| PB 0x000000070ce00000| Untracked 
|  67|0x000000070d000000, 0x000000070d000000, 0x000000070d200000|  0%| F|  |TAMS 0x000000070d000000| PB 0x000000070d000000| Untracked 
|  68|0x000000070d200000, 0x000000070d200000, 0x000000070d400000|  0%| F|  |TAMS 0x000000070d200000| PB 0x000000070d200000| Untracked 
|  69|0x000000070d400000, 0x000000070d400000, 0x000000070d600000|  0%| F|  |TAMS 0x000000070d400000| PB 0x000000070d400000| Untracked 
|  70|0x000000070d600000, 0x000000070d600000, 0x000000070d800000|  0%| F|  |TAMS 0x000000070d600000| PB 0x000000070d600000| Untracked 
|  71|0x000000070d800000, 0x000000070d800000, 0x000000070da00000|  0%| F|  |TAMS 0x000000070d800000| PB 0x000000070d800000| Untracked 
|  72|0x000000070da00000, 0x000000070da00000, 0x000000070dc00000|  0%| F|  |TAMS 0x000000070da00000| PB 0x000000070da00000| Untracked 
|  73|0x000000070dc00000, 0x000000070dc00000, 0x000000070de00000|  0%| F|  |TAMS 0x000000070dc00000| PB 0x000000070dc00000| Untracked 
|  74|0x000000070de00000, 0x000000070de00000, 0x000000070e000000|  0%| F|  |TAMS 0x000000070de00000| PB 0x000000070de00000| Untracked 
|  75|0x000000070e000000, 0x000000070e000000, 0x000000070e200000|  0%| F|  |TAMS 0x000000070e000000| PB 0x000000070e000000| Untracked 
|  76|0x000000070e200000, 0x000000070e200000, 0x000000070e400000|  0%| F|  |TAMS 0x000000070e200000| PB 0x000000070e200000| Untracked 
|  77|0x000000070e400000, 0x000000070e400000, 0x000000070e600000|  0%| F|  |TAMS 0x000000070e400000| PB 0x000000070e400000| Untracked 
|  78|0x000000070e600000, 0x000000070e600000, 0x000000070e800000|  0%| F|  |TAMS 0x000000070e600000| PB 0x000000070e600000| Untracked 
|  79|0x000000070e800000, 0x000000070e800000, 0x000000070ea00000|  0%| F|  |TAMS 0x000000070e800000| PB 0x000000070e800000| Untracked 
|  80|0x000000070ea00000, 0x000000070ea9e130, 0x000000070ec00000| 30%| E|  |TAMS 0x000000070ea00000| PB 0x000000070ea00000| Complete 
|  81|0x000000070ec00000, 0x000000070ee00000, 0x000000070ee00000|100%| E|CS|TAMS 0x000000070ec00000| PB 0x000000070ec00000| Complete 
|  82|0x000000070ee00000, 0x000000070f000000, 0x000000070f000000|100%| E|CS|TAMS 0x000000070ee00000| PB 0x000000070ee00000| Complete 
|  83|0x000000070f000000, 0x000000070f200000, 0x000000070f200000|100%| E|CS|TAMS 0x000000070f000000| PB 0x000000070f000000| Complete 
|  84|0x000000070f200000, 0x000000070f400000, 0x000000070f400000|100%| E|CS|TAMS 0x000000070f200000| PB 0x000000070f200000| Complete 
|  85|0x000000070f400000, 0x000000070f600000, 0x000000070f600000|100%| E|CS|TAMS 0x000000070f400000| PB 0x000000070f400000| Complete 
|  86|0x000000070f600000, 0x000000070f800000, 0x000000070f800000|100%| E|CS|TAMS 0x000000070f600000| PB 0x000000070f600000| Complete 
|  87|0x000000070f800000, 0x000000070fa00000, 0x000000070fa00000|100%| E|CS|TAMS 0x000000070f800000| PB 0x000000070f800000| Complete 
|  88|0x000000070fa00000, 0x000000070fc00000, 0x000000070fc00000|100%| E|CS|TAMS 0x000000070fa00000| PB 0x000000070fa00000| Complete 
|  89|0x000000070fc00000, 0x000000070fe00000, 0x000000070fe00000|100%| E|CS|TAMS 0x000000070fc00000| PB 0x000000070fc00000| Complete 
|  90|0x000000070fe00000, 0x0000000710000000, 0x0000000710000000|100%| E|CS|TAMS 0x000000070fe00000| PB 0x000000070fe00000| Complete 
|  91|0x0000000710000000, 0x0000000710200000, 0x0000000710200000|100%| E|CS|TAMS 0x0000000710000000| PB 0x0000000710000000| Complete 
|  92|0x0000000710200000, 0x0000000710400000, 0x0000000710400000|100%| E|CS|TAMS 0x0000000710200000| PB 0x0000000710200000| Complete 
|  93|0x0000000710400000, 0x0000000710600000, 0x0000000710600000|100%| E|CS|TAMS 0x0000000710400000| PB 0x0000000710400000| Complete 
|  94|0x0000000710600000, 0x0000000710800000, 0x0000000710800000|100%| E|CS|TAMS 0x0000000710600000| PB 0x0000000710600000| Complete 
|  95|0x0000000710800000, 0x0000000710a00000, 0x0000000710a00000|100%| E|CS|TAMS 0x0000000710800000| PB 0x0000000710800000| Complete 
|  96|0x0000000710a00000, 0x0000000710c00000, 0x0000000710c00000|100%| E|CS|TAMS 0x0000000710a00000| PB 0x0000000710a00000| Complete 
|  97|0x0000000710c00000, 0x0000000710e00000, 0x0000000710e00000|100%| E|CS|TAMS 0x0000000710c00000| PB 0x0000000710c00000| Complete 
|  98|0x0000000710e00000, 0x0000000711000000, 0x0000000711000000|100%| E|CS|TAMS 0x0000000710e00000| PB 0x0000000710e00000| Complete 
|  99|0x0000000711000000, 0x0000000711200000, 0x0000000711200000|100%| E|CS|TAMS 0x0000000711000000| PB 0x0000000711000000| Complete 
| 100|0x0000000711200000, 0x0000000711400000, 0x0000000711400000|100%| E|CS|TAMS 0x0000000711200000| PB 0x0000000711200000| Complete 
| 101|0x0000000711400000, 0x0000000711600000, 0x0000000711600000|100%| E|CS|TAMS 0x0000000711400000| PB 0x0000000711400000| Complete 
| 102|0x0000000711600000, 0x0000000711800000, 0x0000000711800000|100%| E|CS|TAMS 0x0000000711600000| PB 0x0000000711600000| Complete 
| 103|0x0000000711800000, 0x0000000711a00000, 0x0000000711a00000|100%| E|CS|TAMS 0x0000000711800000| PB 0x0000000711800000| Complete 
| 104|0x0000000711a00000, 0x0000000711c00000, 0x0000000711c00000|100%| E|CS|TAMS 0x0000000711a00000| PB 0x0000000711a00000| Complete 
| 105|0x0000000711c00000, 0x0000000711e00000, 0x0000000711e00000|100%| E|CS|TAMS 0x0000000711c00000| PB 0x0000000711c00000| Complete 
| 106|0x0000000711e00000, 0x0000000712000000, 0x0000000712000000|100%| E|CS|TAMS 0x0000000711e00000| PB 0x0000000711e00000| Complete 
| 107|0x0000000712000000, 0x0000000712200000, 0x0000000712200000|100%| E|CS|TAMS 0x0000000712000000| PB 0x0000000712000000| Complete 
| 108|0x0000000712200000, 0x0000000712391148, 0x0000000712400000| 78%| S|CS|TAMS 0x0000000712200000| PB 0x0000000712200000| Complete 
| 109|0x0000000712400000, 0x0000000712600000, 0x0000000712600000|100%| E|CS|TAMS 0x0000000712400000| PB 0x0000000712400000| Complete 
| 110|0x0000000712600000, 0x0000000712800000, 0x0000000712800000|100%| E|CS|TAMS 0x0000000712600000| PB 0x0000000712600000| Complete 
| 111|0x0000000712800000, 0x0000000712a00000, 0x0000000712a00000|100%| E|CS|TAMS 0x0000000712800000| PB 0x0000000712800000| Complete 
| 112|0x0000000712a00000, 0x0000000712c00000, 0x0000000712c00000|100%| E|CS|TAMS 0x0000000712a00000| PB 0x0000000712a00000| Complete 
| 113|0x0000000712c00000, 0x0000000712e00000, 0x0000000712e00000|100%| E|CS|TAMS 0x0000000712c00000| PB 0x0000000712c00000| Complete 
| 114|0x0000000712e00000, 0x0000000713000000, 0x0000000713000000|100%| E|CS|TAMS 0x0000000712e00000| PB 0x0000000712e00000| Complete 
| 115|0x0000000713000000, 0x0000000713200000, 0x0000000713200000|100%| E|CS|TAMS 0x0000000713000000| PB 0x0000000713000000| Complete 
| 116|0x0000000713200000, 0x0000000713400000, 0x0000000713400000|100%| E|CS|TAMS 0x0000000713200000| PB 0x0000000713200000| Complete 
| 117|0x0000000713400000, 0x0000000713600000, 0x0000000713600000|100%| E|CS|TAMS 0x0000000713400000| PB 0x0000000713400000| Complete 
| 118|0x0000000713600000, 0x0000000713800000, 0x0000000713800000|100%| E|CS|TAMS 0x0000000713600000| PB 0x0000000713600000| Complete 
| 119|0x0000000713800000, 0x0000000713a00000, 0x0000000713a00000|100%| E|CS|TAMS 0x0000000713800000| PB 0x0000000713800000| Complete 
| 120|0x0000000713a00000, 0x0000000713c00000, 0x0000000713c00000|100%| E|CS|TAMS 0x0000000713a00000| PB 0x0000000713a00000| Complete 
| 121|0x0000000713c00000, 0x0000000713e00000, 0x0000000713e00000|100%| E|CS|TAMS 0x0000000713c00000| PB 0x0000000713c00000| Complete 
| 122|0x0000000713e00000, 0x0000000714000000, 0x0000000714000000|100%| E|CS|TAMS 0x0000000713e00000| PB 0x0000000713e00000| Complete 
| 123|0x0000000714000000, 0x0000000714200000, 0x0000000714200000|100%| E|CS|TAMS 0x0000000714000000| PB 0x0000000714000000| Complete 
| 124|0x0000000714200000, 0x0000000714400000, 0x0000000714400000|100%| E|CS|TAMS 0x0000000714200000| PB 0x0000000714200000| Complete 
| 125|0x0000000714400000, 0x0000000714600000, 0x0000000714600000|100%| E|CS|TAMS 0x0000000714400000| PB 0x0000000714400000| Complete 

Card table byte_map: [0x000001c27b6b0000,0x000001c27be90000] _byte_map_base: 0x000001c277e8b000

Marking Bits: (CMBitMap*) 0x000001c2637a12a0
 Bits: [0x000001c27be90000, 0x000001c27fd68000)

Polling page: 0x000001c262f00000

Metaspace:

Usage:
  Non-class:     13.74 MB used.
      Class:      1.82 MB used.
       Both:     15.56 MB used.

Virtual space:
  Non-class space:       64.00 MB reserved,      13.88 MB ( 22%) committed,  1 nodes.
      Class space:        1.00 GB reserved,       1.94 MB ( <1%) committed,  1 nodes.
             Both:        1.06 GB reserved,      15.81 MB (  1%) committed. 

Chunk freelists:
   Non-Class:  1.73 MB
       Class:  13.92 MB
        Both:  15.64 MB

MaxMetaspaceSize: unlimited
CompressedClassSpaceSize: 1.00 GB
Initial GC threshold: 21.00 MB
Current GC threshold: 21.00 MB
CDS: on
 - commit_granule_bytes: 65536.
 - commit_granule_words: 8192.
 - virtual_space_node_default_size: 8388608.
 - enlarge_chunks_in_place: 1.
 - use_allocation_guard: 0.


Internal statistics:

num_allocs_failed_limit: 0.
num_arena_births: 150.
num_arena_deaths: 0.
num_vsnodes_births: 2.
num_vsnodes_deaths: 0.
num_space_committed: 253.
num_space_uncommitted: 0.
num_chunks_returned_to_freelist: 0.
num_chunks_taken_from_freelist: 685.
num_chunk_merges: 0.
num_chunk_splits: 477.
num_chunks_enlarged: 387.
num_inconsistent_stats: 0.

CodeHeap 'non-profiled nmethods': size=120000Kb used=1990Kb max_used=1990Kb free=118009Kb
 bounds [0x000001c273660000, 0x000001c2738d0000, 0x000001c27ab90000]
CodeHeap 'profiled nmethods': size=120000Kb used=8253Kb max_used=8253Kb free=111746Kb
 bounds [0x000001c26bb90000, 0x000001c26c3a0000, 0x000001c2730c0000]
CodeHeap 'non-nmethods': size=5760Kb used=1535Kb max_used=1590Kb free=4224Kb
 bounds [0x000001c2730c0000, 0x000001c273330000, 0x000001c273660000]
 total_blobs=4483 nmethods=3994 adapters=393
 compilation: enabled
              stopped_count=0, restarted_count=0
 full_count=0

Compilation events (20 events):
Event: 12.857 Thread 0x000001c2028157c0 3989       4       com.google.inject.internal.InjectorImpl::enterContext (65 bytes)
Event: 12.860 Thread 0x000001c202819050 nmethod 3987 0x000001c26c39ad10 code [0x000001c26c39b180, 0x000001c26c39cf60]
Event: 12.860 Thread 0x000001c202819050 3986       3       java.util.regex.ASCII::isDigit (18 bytes)
Event: 12.860 Thread 0x000001c202819050 nmethod 3986 0x000001c26c39db90 code [0x000001c26c39dd20, 0x000001c26c39de78]
Event: 12.860 Thread 0x000001c202819050 3984       3       java.lang.Integer::parseInt (7 bytes)
Event: 12.860 Thread 0x000001c202819050 nmethod 3984 0x000001c26c39df10 code [0x000001c26c39e0c0, 0x000001c26c39e1e0]
Event: 12.860 Thread 0x000001c202819050 3988       3       java.util.Properties::size (8 bytes)
Event: 12.860 Thread 0x000001c202819050 nmethod 3988 0x000001c26c39e290 code [0x000001c26c39e440, 0x000001c26c39e5a0]
Event: 12.860 Thread 0x000001c202819050 3985       1       org.apache.maven.model.profile.activation.JdkVersionProfileActivator$RangeValue::access$000 (5 bytes)
Event: 12.861 Thread 0x000001c202819050 nmethod 3985 0x000001c27384f590 code [0x000001c27384f720, 0x000001c27384f7d0]
Event: 12.861 Thread 0x000001c202819050 3994       3       java.io.File::getName (42 bytes)
Event: 12.862 Thread 0x000001c202819050 nmethod 3994 0x000001c26c39e690 code [0x000001c26c39e8e0, 0x000001c26c39f138]
Event: 12.862 Thread 0x000001c202819050 3990       1       org.apache.maven.model.Model::setOrganization (6 bytes)
Event: 12.862 Thread 0x000001c202819050 nmethod 3990 0x000001c27384f890 code [0x000001c27384fa20, 0x000001c27384fb40]
Event: 12.862 Thread 0x000001c202819050 3991       1       org.apache.maven.model.Organization::setName (6 bytes)
Event: 12.862 Thread 0x000001c202819050 nmethod 3991 0x000001c27384fb90 code [0x000001c27384fd20, 0x000001c27384fe40]
Event: 12.862 Thread 0x000001c202819050 3992       1       org.apache.maven.model.Organization::setUrl (6 bytes)
Event: 12.862 Thread 0x000001c202819050 nmethod 3992 0x000001c27384fe90 code [0x000001c273850020, 0x000001c273850140]
Event: 12.862 Thread 0x000001c202819050 3983       1       org.apache.maven.model.Profile::setBuild (6 bytes)
Event: 12.862 Thread 0x000001c202819050 nmethod 3983 0x000001c273850190 code [0x000001c273850320, 0x000001c273850440]

GC Heap History (4 events):
Event: 3.269 GC heap before
{Heap before GC invocations=0 (full 0):
 garbage-first heap   total 258048K, used 22528K [0x0000000704a00000, 0x0000000800000000)
  region size 2048K, 11 young (22528K), 0 survivors (0K)
 Metaspace       used 5595K, committed 5760K, reserved 1114112K
  class space    used 653K, committed 768K, reserved 1048576K
}
Event: 3.355 GC heap after
{Heap after GC invocations=1 (full 0):
 garbage-first heap   total 258048K, used 3855K [0x0000000704a00000, 0x0000000800000000)
  region size 2048K, 2 young (4096K), 2 survivors (4096K)
 Metaspace       used 5595K, committed 5760K, reserved 1114112K
  class space    used 653K, committed 768K, reserved 1048576K
}
Event: 5.493 GC heap before
{Heap before GC invocations=1 (full 0):
 garbage-first heap   total 258048K, used 34575K [0x0000000704a00000, 0x0000000800000000)
  region size 2048K, 17 young (34816K), 2 survivors (4096K)
 Metaspace       used 9405K, committed 9600K, reserved 1114112K
  class space    used 1115K, committed 1216K, reserved 1048576K
}
Event: 5.505 GC heap after
{Heap after GC invocations=2 (full 0):
 garbage-first heap   total 258048K, used 5216K [0x0000000704a00000, 0x0000000800000000)
  region size 2048K, 1 young (2048K), 1 survivors (2048K)
 Metaspace       used 9405K, committed 9600K, reserved 1114112K
  class space    used 1115K, committed 1216K, reserved 1048576K
}

Dll operation events (8 events):
Event: 0.015 Loaded shared library D:\jdk21\bin\java.dll
Event: 0.276 Loaded shared library D:\jdk21\bin\jsvml.dll
Event: 0.287 Loaded shared library D:\jdk21\bin\net.dll
Event: 0.290 Loaded shared library D:\jdk21\bin\nio.dll
Event: 0.297 Loaded shared library D:\jdk21\bin\zip.dll
Event: 0.599 Loaded shared library C:\Users\ASUS\.m2\wrapper\dists\apache-maven-3.9.12\59fe215c0ad6947fea90184bf7add084544567b927287592651fda3782e0e798\lib\jansi-native\Windows\x86_64\jansi.dll
Event: 0.660 Loaded shared library D:\jdk21\bin\verify.dll
Event: 0.731 Loaded shared library D:\jdk21\bin\jimage.dll

Deoptimization events (20 events):
Event: 12.218 Thread 0x000001c26149e200 Uncommon trap: trap_request=0xffffffde fr.pc=0x000001c2736ac29c relative=0x0000000000000e9c
Event: 12.218 Thread 0x000001c26149e200 Uncommon trap: reason=class_check action=maybe_recompile pc=0x000001c2736ac29c method=java.util.concurrent.ConcurrentHashMap.putVal(Ljava/lang/Object;Ljava/lang/Object;Z)Ljava/lang/Object; @ 242 c2
Event: 12.218 Thread 0x000001c26149e200 DEOPT PACKING pc=0x000001c2736ac29c sp=0x0000005cee4fc300
Event: 12.218 Thread 0x000001c26149e200 DEOPT UNPACKING pc=0x000001c273117da2 sp=0x0000005cee4fc270 mode 2
Event: 12.233 Thread 0x000001c26149e200 Uncommon trap: trap_request=0xffffffbe fr.pc=0x000001c273828e18 relative=0x0000000000000358
Event: 12.233 Thread 0x000001c26149e200 Uncommon trap: reason=profile_predicate action=maybe_recompile pc=0x000001c273828e18 method=java.util.regex.Pattern$Slice.match(Ljava/util/regex/Matcher;ILjava/lang/CharSequence;)Z @ 18 c2
Event: 12.233 Thread 0x000001c26149e200 DEOPT PACKING pc=0x000001c273828e18 sp=0x0000005cee4fc110
Event: 12.233 Thread 0x000001c26149e200 DEOPT UNPACKING pc=0x000001c273117da2 sp=0x0000005cee4fc0b0 mode 2
Event: 12.233 Thread 0x000001c26149e200 Uncommon trap: trap_request=0xffffffbe fr.pc=0x000001c273828e18 relative=0x0000000000000358
Event: 12.233 Thread 0x000001c26149e200 Uncommon trap: reason=profile_predicate action=maybe_recompile pc=0x000001c273828e18 method=java.util.regex.Pattern$Slice.match(Ljava/util/regex/Matcher;ILjava/lang/CharSequence;)Z @ 18 c2
Event: 12.233 Thread 0x000001c26149e200 DEOPT PACKING pc=0x000001c273828e18 sp=0x0000005cee4fc110
Event: 12.233 Thread 0x000001c26149e200 DEOPT UNPACKING pc=0x000001c273117da2 sp=0x0000005cee4fc0b0 mode 2
Event: 12.233 Thread 0x000001c26149e200 Uncommon trap: trap_request=0xffffffbe fr.pc=0x000001c273828e18 relative=0x0000000000000358
Event: 12.233 Thread 0x000001c26149e200 Uncommon trap: reason=profile_predicate action=maybe_recompile pc=0x000001c273828e18 method=java.util.regex.Pattern$Slice.match(Ljava/util/regex/Matcher;ILjava/lang/CharSequence;)Z @ 18 c2
Event: 12.233 Thread 0x000001c26149e200 DEOPT PACKING pc=0x000001c273828e18 sp=0x0000005cee4fc110
Event: 12.233 Thread 0x000001c26149e200 DEOPT UNPACKING pc=0x000001c273117da2 sp=0x0000005cee4fc0b0 mode 2
Event: 12.233 Thread 0x000001c26149e200 Uncommon trap: trap_request=0xffffffbe fr.pc=0x000001c273828e18 relative=0x0000000000000358
Event: 12.234 Thread 0x000001c26149e200 Uncommon trap: reason=profile_predicate action=maybe_recompile pc=0x000001c273828e18 method=java.util.regex.Pattern$Slice.match(Ljava/util/regex/Matcher;ILjava/lang/CharSequence;)Z @ 18 c2
Event: 12.234 Thread 0x000001c26149e200 DEOPT PACKING pc=0x000001c273828e18 sp=0x0000005cee4fc110
Event: 12.234 Thread 0x000001c26149e200 DEOPT UNPACKING pc=0x000001c273117da2 sp=0x0000005cee4fc0b0 mode 2

Classes loaded (20 events):
Event: 8.666 Loading class java/util/AbstractMap$2$1
Event: 8.666 Loading class java/util/AbstractMap$2$1 done
Event: 9.103 Loading class java/util/StringTokenizer
Event: 9.103 Loading class java/util/StringTokenizer done
Event: 9.119 Loading class sun/invoke/util/ValueConversions$1
Event: 9.119 Loading class sun/invoke/util/ValueConversions$1 done
Event: 9.120 Loading class java/lang/invoke/BoundMethodHandle$Species_LI
Event: 9.120 Loading class java/lang/invoke/BoundMethodHandle$Species_LI done
Event: 9.188 Loading class java/util/stream/Streams$RangeIntSpliterator
Event: 9.189 Loading class java/util/stream/Streams$RangeIntSpliterator done
Event: 10.578 Loading class java/util/stream/MatchOps$MatchKind
Event: 10.579 Loading class java/util/stream/MatchOps$MatchKind done
Event: 10.579 Loading class java/util/stream/MatchOps
Event: 10.580 Loading class java/util/stream/MatchOps done
Event: 10.580 Loading class java/util/stream/MatchOps$MatchOp
Event: 10.580 Loading class java/util/stream/MatchOps$MatchOp done
Event: 10.581 Loading class java/util/stream/MatchOps$BooleanTerminalSink
Event: 10.581 Loading class java/util/stream/MatchOps$BooleanTerminalSink done
Event: 10.582 Loading class java/util/stream/MatchOps$1MatchSink
Event: 10.582 Loading class java/util/stream/MatchOps$1MatchSink done

Classes unloaded (0 events):
No events

Classes redefined (0 events):
No events

Internal exceptions (20 events):
Event: 6.168 Thread 0x000001c26149e200 Exception <a 'java/lang/NoSuchMethodError'{0x0000000713f3e538}: 'void java.lang.invoke.DirectMethodHandle$Holder.invokeStaticInit(java.lang.Object, java.lang.Object, java.lang.Object)'> (0x0000000713f3e538) 
thrown [s\open\src\hotspot\share\interpreter\linkResolver.cpp, line 773]
Event: 6.265 Thread 0x000001c26149e200 Implicit null exception at 0x000001c27370b25a to 0x000001c27370b438
Event: 6.270 Thread 0x000001c26149e200 Exception <a 'java/lang/NoSuchMethodError'{0x0000000713fb17d0}: 'java.lang.Object java.lang.invoke.Invokers$Holder.invokeExact_MT(java.lang.Object, int, java.lang.Object)'> (0x0000000713fb17d0) 
thrown [s\open\src\hotspot\share\interpreter\linkResolver.cpp, line 773]
Event: 6.918 Thread 0x000001c26149e200 Exception <a 'java/lang/NoSuchMethodError'{0x00000007137ff948}: 'void java.lang.invoke.Invokers$Holder.invokeExact_MT(java.lang.Object, java.lang.Object, java.lang.Object, java.lang.Object)'> (0x00000007137ff948) 
thrown [s\open\src\hotspot\share\interpreter\linkResolver.cpp, line 773]
Event: 6.966 Thread 0x000001c26149e200 Exception <a 'java/lang/NoClassDefFoundError'{0x000000071349a5b0}: com/google/inject/servlet/ServletModuleTargetVisitor> (0x000000071349a5b0) 
thrown [s\open\src\hotspot\share\classfile\systemDictionary.cpp, line 301]
Event: 7.465 Thread 0x000001c26149e200 Exception <a 'java/lang/NoSuchMethodError'{0x00000007132fc6a8}: 'java.lang.Object java.lang.invoke.DirectMethodHandle$Holder.invokeStaticInit(java.lang.Object, int, int, int, int)'> (0x00000007132fc6a8) 
thrown [s\open\src\hotspot\share\interpreter\linkResolver.cpp, line 773]
Event: 8.461 Thread 0x000001c26149e200 Implicit null exception at 0x000001c27368c424 to 0x000001c27368cb08
Event: 8.461 Thread 0x000001c26149e200 Implicit null exception at 0x000001c27368aba0 to 0x000001c27368b270
Event: 8.684 Thread 0x000001c26149e200 Exception <a 'java/lang/NoSuchMethodError'{0x0000000712c1b2d8}: 'void java.lang.invoke.DirectMethodHandle$Holder.invokeSpecial(java.lang.Object, java.lang.Object, java.lang.Object, java.lang.Object, java.lang.Object)'> (0x0000000712c1b2d8) 
thrown [s\open\src\hotspot\share\interpreter\linkResolver.cpp, line 773]
Event: 8.688 Thread 0x000001c26149e200 Exception <a 'java/lang/NoSuchMethodError'{0x0000000712c35650}: 'void java.lang.invoke.DirectMethodHandle$Holder.invokeSpecial(java.lang.Object, java.lang.Object, java.lang.Object, java.lang.Object, java.lang.Object, java.lang.Object)'> (0x0000000712c35650) 
thrown [s\open\src\hotspot\share\interpreter\linkResolver.cpp, line 773]
Event: 9.006 Thread 0x000001c26149e200 Exception <a 'java/lang/NoSuchMethodError'{0x0000000712d27df0}: 'java.lang.Object java.lang.invoke.DirectMethodHandle$Holder.invokeVirtual(java.lang.Object, java.lang.Object, java.lang.Object)'> (0x0000000712d27df0) 
thrown [s\open\src\hotspot\share\interpreter\linkResolver.cpp, line 773]
Event: 9.118 Thread 0x000001c26149e200 Exception <a 'java/lang/NoSuchMethodError'{0x0000000712a9e1e8}: 'void java.lang.invoke.DirectMethodHandle$Holder.invokeVirtual(java.lang.Object, java.lang.Object, int)'> (0x0000000712a9e1e8) 
thrown [s\open\src\hotspot\share\interpreter\linkResolver.cpp, line 773]
Event: 9.119 Thread 0x000001c26149e200 Exception <a 'java/lang/NoSuchMethodError'{0x0000000712aa2330}: 'int java.lang.invoke.DirectMethodHandle$Holder.invokeSpecial(java.lang.Object, java.lang.Object, java.lang.Object, int)'> (0x0000000712aa2330) 
thrown [s\open\src\hotspot\share\interpreter\linkResolver.cpp, line 773]
Event: 9.122 Thread 0x000001c26149e200 Exception <a 'java/lang/NoSuchMethodError'{0x0000000712ab49d8}: 'java.lang.Object java.lang.invoke.DirectMethodHandle$Holder.invokeStatic(java.lang.Object, java.lang.Object, java.lang.Object, java.lang.Object, int)'> (0x0000000712ab49d8) 
thrown [s\open\src\hotspot\share\interpreter\linkResolver.cpp, line 773]
Event: 9.123 Thread 0x000001c26149e200 Exception <a 'java/lang/NoSuchMethodError'{0x0000000712abc7b8}: 'void java.lang.invoke.DirectMethodHandle$Holder.invokeSpecial(java.lang.Object, java.lang.Object, java.lang.Object, int)'> (0x0000000712abc7b8) 
thrown [s\open\src\hotspot\share\interpreter\linkResolver.cpp, line 773]
Event: 9.124 Thread 0x000001c26149e200 Exception <a 'java/lang/NoSuchMethodError'{0x0000000712abfe78}: 'void java.lang.invoke.DelegatingMethodHandle$Holder.reinvoke_L(java.lang.Object, java.lang.Object, int)'> (0x0000000712abfe78) 
thrown [s\open\src\hotspot\share\interpreter\linkResolver.cpp, line 773]
Event: 10.928 Thread 0x000001c26149e200 Implicit null exception at 0x000001c2737a462f to 0x000001c2737a5884
Event: 10.929 Thread 0x000001c26149e200 Implicit null exception at 0x000001c27371f49b to 0x000001c27371f694
Event: 10.929 Thread 0x000001c26149e200 Implicit null exception at 0x000001c27378d869 to 0x000001c27378e068
Event: 10.931 Thread 0x000001c26149e200 Exception <a 'java/lang/NoSuchMethodError'{0x0000000710be6a40}: 'void java.lang.invoke.DirectMethodHandle$Holder.invokeStatic(java.lang.Object, java.lang.Object, java.lang.Object, java.lang.Object)'> (0x0000000710be6a40) 
thrown [s\open\src\hotspot\share\interpreter\linkResolver.cpp, line 773]

ZGC Phase Switch (0 events):
No events

VM Operations (20 events):
Event: 7.180 Executing VM operation: HandshakeAllThreads (Deoptimize)
Event: 7.181 Executing VM operation: HandshakeAllThreads (Deoptimize) done
Event: 7.313 Executing VM operation: HandshakeAllThreads (Deoptimize)
Event: 7.314 Executing VM operation: HandshakeAllThreads (Deoptimize) done
Event: 7.517 Executing VM operation: HandshakeAllThreads (Deoptimize)
Event: 7.517 Executing VM operation: HandshakeAllThreads (Deoptimize) done
Event: 8.184 Executing VM operation: HandshakeAllThreads (Deoptimize)
Event: 8.184 Executing VM operation: HandshakeAllThreads (Deoptimize) done
Event: 8.184 Executing VM operation: Cleanup
Event: 8.184 Executing VM operation: Cleanup done
Event: 8.188 Executing VM operation: HandshakeAllThreads (Deoptimize)
Event: 8.188 Executing VM operation: HandshakeAllThreads (Deoptimize) done
Event: 9.224 Executing VM operation: Cleanup
Event: 9.251 Executing VM operation: Cleanup done
Event: 10.271 Executing VM operation: Cleanup
Event: 10.271 Executing VM operation: Cleanup done
Event: 11.135 Executing VM operation: ICBufferFull
Event: 11.136 Executing VM operation: ICBufferFull done
Event: 12.164 Executing VM operation: Cleanup
Event: 12.177 Executing VM operation: Cleanup done

Events (20 events):
Event: 0.210 Thread 0x000001c202812fc0 Thread added: 0x000001c202812fc0
Event: 0.210 Thread 0x000001c202814a30 Thread added: 0x000001c202814a30
Event: 0.210 Thread 0x000001c2028157c0 Thread added: 0x000001c2028157c0
Event: 0.214 Thread 0x000001c202819050 Thread added: 0x000001c202819050
Event: 0.277 Thread 0x000001c2029de290 Thread added: 0x000001c2029de290
Event: 0.282 Thread 0x000001c202a39870 Thread added: 0x000001c202a39870
Event: 0.396 Thread 0x000001c202b062b0 Thread added: 0x000001c202b062b0
Event: 0.594 Thread 0x000001c202d62800 Thread added: 0x000001c202d62800
Event: 1.151 Thread 0x000001c202b062b0 Thread exited: 0x000001c202b062b0
Event: 1.187 Thread 0x000001c202d62800 Thread exited: 0x000001c202d62800
Event: 3.207 Thread 0x000001c248714930 Thread added: 0x000001c248714930
Event: 3.893 Thread 0x000001c248714930 Thread exited: 0x000001c248714930
Event: 4.133 Thread 0x000001c248970cb0 Thread added: 0x000001c248970cb0
Event: 5.402 Thread 0x000001c248970cb0 Thread exited: 0x000001c248970cb0
Event: 6.483 Thread 0x000001c2483baf30 Thread added: 0x000001c2483baf30
Event: 7.404 Thread 0x000001c2483baf30 Thread exited: 0x000001c2483baf30
Event: 7.990 Thread 0x000001c202d54ea0 Thread added: 0x000001c202d54ea0
Event: 9.285 Thread 0x000001c248aafe60 Thread added: 0x000001c248aafe60
Event: 11.155 Thread 0x000001c2492ab010 Thread added: 0x000001c2492ab010
Event: 11.830 Thread 0x000001c2492ab010 Thread exited: 0x000001c2492ab010


Dynamic libraries:
0x00007ff675850000 - 0x00007ff675860000 	D:\jdk21\bin\java.exe
0x00007ff8fb430000 - 0x00007ff8fb647000 	C:\WINDOWS\SYSTEM32\ntdll.dll
0x00007ff8f9a80000 - 0x00007ff8f9b44000 	C:\WINDOWS\System32\KERNEL32.DLL
0x00007ff8f8cb0000 - 0x00007ff8f9082000 	C:\WINDOWS\System32\KERNELBASE.dll
0x00007ff8f85c0000 - 0x00007ff8f86d1000 	C:\WINDOWS\System32\ucrtbase.dll
0x00007ff8ec880000 - 0x00007ff8ec899000 	D:\jdk21\bin\jli.dll
0x00007ff8f9650000 - 0x00007ff8f9701000 	C:\WINDOWS\System32\ADVAPI32.dll
0x00007ff8fa5e0000 - 0x00007ff8fa687000 	C:\WINDOWS\System32\msvcrt.dll
0x00007ff8f9710000 - 0x00007ff8f97b8000 	C:\WINDOWS\System32\sechost.dll
0x00007ff8f86e0000 - 0x00007ff8f8708000 	C:\WINDOWS\System32\bcrypt.dll
0x00007ff8f97c0000 - 0x00007ff8f98d4000 	C:\WINDOWS\System32\RPCRT4.dll
0x00007ff8fb150000 - 0x00007ff8fb301000 	C:\WINDOWS\System32\USER32.dll
0x00007ff8f9090000 - 0x00007ff8f90b6000 	C:\WINDOWS\System32\win32u.dll
0x00007ff8f9970000 - 0x00007ff8f9999000 	C:\WINDOWS\System32\GDI32.dll
0x00007ff8f8710000 - 0x00007ff8f8833000 	C:\WINDOWS\System32\gdi32full.dll
0x00007ff8f8520000 - 0x00007ff8f85ba000 	C:\WINDOWS\System32\msvcp_win.dll
0x00007ff8ca790000 - 0x00007ff8ca7ab000 	D:\jdk21\bin\VCRUNTIME140.dll
0x00007ff8e4d00000 - 0x00007ff8e4f9b000 	C:\WINDOWS\WinSxS\amd64_microsoft.windows.common-controls_6595b64144ccf1df_6.0.22621.5547_none_27104afb73855772\COMCTL32.dll
0x00007ff8ecba0000 - 0x00007ff8ecbaa000 	C:\WINDOWS\SYSTEM32\VERSION.dll
0x00007ff8fa400000 - 0x00007ff8fa431000 	C:\WINDOWS\System32\IMM32.DLL
0x00007ff8ec870000 - 0x00007ff8ec87c000 	D:\jdk21\bin\vcruntime140_1.dll
0x00007ff8ca700000 - 0x00007ff8ca78e000 	D:\jdk21\bin\msvcp140.dll
0x00007ff870b60000 - 0x00007ff871875000 	D:\jdk21\bin\server\jvm.dll
0x00007ff8fb370000 - 0x00007ff8fb3e1000 	C:\WINDOWS\System32\WS2_32.dll
0x00007ff8f7cf0000 - 0x00007ff8f7d3d000 	C:\WINDOWS\SYSTEM32\POWRPROF.dll
0x00007ff8ee460000 - 0x00007ff8ee494000 	C:\WINDOWS\SYSTEM32\WINMM.dll
0x00007ff8f7ca0000 - 0x00007ff8f7cb3000 	C:\WINDOWS\SYSTEM32\UMPDC.dll
0x00007ff8f7520000 - 0x00007ff8f7538000 	C:\WINDOWS\SYSTEM32\kernel.appcore.dll
0x00007ff8dcba0000 - 0x00007ff8dcbaa000 	D:\jdk21\bin\jimage.dll
0x00007ff8f5f50000 - 0x00007ff8f6183000 	C:\WINDOWS\SYSTEM32\DBGHELP.DLL
0x00007ff8fab40000 - 0x00007ff8faed3000 	C:\WINDOWS\System32\combase.dll
0x00007ff8f99a0000 - 0x00007ff8f9a77000 	C:\WINDOWS\System32\OLEAUT32.dll
0x00007ff8c9860000 - 0x00007ff8c9892000 	C:\WINDOWS\SYSTEM32\dbgcore.DLL
0x00007ff8f8af0000 - 0x00007ff8f8b6b000 	C:\WINDOWS\System32\bcryptPrimitives.dll
0x00007ff8ca6e0000 - 0x00007ff8ca6ff000 	D:\jdk21\bin\java.dll
0x00007ff8f9b50000 - 0x00007ff8fa3f2000 	C:\WINDOWS\System32\SHELL32.dll
0x00007ff8f8b70000 - 0x00007ff8f8caf000 	C:\WINDOWS\System32\wintypes.dll
0x00007ff8f6400000 - 0x00007ff8f6d1d000 	C:\WINDOWS\SYSTEM32\windows.storage.dll
0x00007ff8fafa0000 - 0x00007ff8fb0ac000 	C:\WINDOWS\System32\SHCORE.dll
0x00007ff8faac0000 - 0x00007ff8fab29000 	C:\WINDOWS\System32\shlwapi.dll
0x00007ff8f8450000 - 0x00007ff8f847b000 	C:\WINDOWS\SYSTEM32\profapi.dll
0x00007ff8ca600000 - 0x00007ff8ca6d7000 	D:\jdk21\bin\jsvml.dll
0x00007ff8dbcf0000 - 0x00007ff8dbd00000 	D:\jdk21\bin\net.dll
0x00007ff8efb60000 - 0x00007ff8efc8c000 	C:\WINDOWS\SYSTEM32\WINHTTP.dll
0x00007ff8f7a40000 - 0x00007ff8f7aa9000 	C:\WINDOWS\system32\mswsock.dll
0x00007ff8ca5e0000 - 0x00007ff8ca5f6000 	D:\jdk21\bin\nio.dll
0x00007ff8ca5c0000 - 0x00007ff8ca5d8000 	D:\jdk21\bin\zip.dll
0x00007ff8b8560000 - 0x00007ff8b8584000 	C:\Users\ASUS\.m2\wrapper\dists\apache-maven-3.9.12\59fe215c0ad6947fea90184bf7add084544567b927287592651fda3782e0e798\lib\jansi-native\Windows\x86_64\jansi.dll
0x00007ff8d76b0000 - 0x00007ff8d76c0000 	D:\jdk21\bin\verify.dll

dbghelp: loaded successfully - version: 4.0.5 - missing functions: none
symbol engine: initialized successfully - sym options: 0x614 - pdb path: .;D:\jdk21\bin;C:\WINDOWS\SYSTEM32;C:\WINDOWS\WinSxS\amd64_microsoft.windows.common-controls_6595b64144ccf1df_6.0.22621.5547_none_27104afb73855772;D:\jdk21\bin\server;C:\Users\ASUS\.m2\wrapper\dists\apache-maven-3.9.12\59fe215c0ad6947fea90184bf7add084544567b927287592651fda3782e0e798\lib\jansi-native\Windows\x86_64

VM Arguments:
jvm_args: -Dclassworlds.conf=C:\\Users\\ASUS\\.m2\\wrapper\\dists\\apache-maven-3.9.12\\59fe215c0ad6947fea90184bf7add084544567b927287592651fda3782e0e798\\bin\\m2.conf -Dmaven.home=C:\\Users\\ASUS\\.m2\\wrapper\\dists\\apache-maven-3.9.12\\59fe215c0ad6947fea90184bf7add084544567b927287592651fda3782e0e798 -Dlibrary.jansi.path=C:\\Users\\ASUS\\.m2\\wrapper\\dists\\apache-maven-3.9.12\\59fe215c0ad6947fea90184bf7add084544567b927287592651fda3782e0e798\\lib\\jansi-native -Dmaven.multiModuleProjectDirectory=D:\\studymatch\\backend\\api-gateway 
java_command: org.codehaus.plexus.classworlds.launcher.Launcher spring-boot:run
java_class_path (initial): C:\\Users\\ASUS\\.m2\\wrapper\\dists\\apache-maven-3.9.12\\59fe215c0ad6947fea90184bf7add084544567b927287592651fda3782e0e798\\boot\\plexus-classworlds-2.9.0.jar
Launcher Type: SUN_STANDARD

[Global flags]
     intx CICompilerCount                          = 4                                         {product} {ergonomic}
     uint ConcGCThreads                            = 2                                         {product} {ergonomic}
     uint G1ConcRefinementThreads                  = 8                                         {product} {ergonomic}
   size_t G1HeapRegionSize                         = 2097152                                   {product} {ergonomic}
    uintx GCDrainStackTargetSize                   = 64                                        {product} {ergonomic}
   size_t InitialHeapSize                          = 264241152                                 {product} {ergonomic}
   size_t MarkStackSize                            = 4194304                                   {product} {ergonomic}
   size_t MaxHeapSize                              = 4217372672                                {product} {ergonomic}
   size_t MaxNewSize                               = 2529165312                                {product} {ergonomic}
   size_t MinHeapDeltaBytes                        = 2097152                                   {product} {ergonomic}
   size_t MinHeapSize                              = 8388608                                   {product} {ergonomic}
    uintx NonNMethodCodeHeapSize                   = 5839372                                {pd product} {ergonomic}
    uintx NonProfiledCodeHeapSize                  = 122909434                              {pd product} {ergonomic}
    uintx ProfiledCodeHeapSize                     = 122909434                              {pd product} {ergonomic}
    uintx ReservedCodeCacheSize                    = 251658240                              {pd product} {ergonomic}
     bool SegmentedCodeCache                       = true                                      {product} {ergonomic}
   size_t SoftMaxHeapSize                          = 4217372672                             {manageable} {ergonomic}
     bool UseCompressedOops                        = true                           {product lp64_product} {ergonomic}
     bool UseG1GC                                  = true                                      {product} {ergonomic}
     bool UseLargePagesIndividualAllocation        = false                                  {pd product} {ergonomic}

Logging:
Log output configuration:
 #0: stdout all=warning uptime,level,tags foldmultilines=false
 #1: stderr all=off uptime,level,tags foldmultilines=false

Environment Variables:
PATH=D:\download\sdk_flutter\flutter_3.27.1\flutter\bin\cache\dart-sdk\bin\;C:\Program Files\Python312\Scripts\;C:\Program Files\Python312\;C:\Program Files\Common Files\Oracle\Java\javapath;C:\WINDOWS\system32;C:\WINDOWS;C:\WINDOWS\System32\Wbem;C:\WINDOWS\System32\WindowsPowerShell\v1.0\;C:\WINDOWS\System32\OpenSSH\;C:\Program Files (x86)\Java\jre1.8.0_351;C:\Program Files\Git\cmd;C:\Program Files (x86)\Microsoft SQL Server\160\Tools\Binn\;C:\Program Files\Microsoft SQL Server\160\Tools\Binn\;C:\Program Files\Microsoft SQL Server\Client SDK\ODBC\170\Tools\Binn\;C:\Program Files\Microsoft SQL Server\160\DTS\Binn\;C:\Program Files\Microsoft SQL Server\150\Tools\Binn\;C:\apache-maven-3.9.9-bin\apache-maven-3.9.9\bin;C:\Program Files\PuTTY\;C:\gradle-8.13\bin;D:\jdk21\bin;C:\Users\YourName\AppData\Roaming\npm;C:\Program Files\dotnet\;D:\download\ngrok-v3-stable-windows-amd64;C:\Users\ASUS\AppData\Local\Android\Sdk\platform-tools;C:\Program Files\nodejs\;C:\Program Files\k6\;C:\Users\ASUS\AppData\Roaming\Python\Python312\Scripts;;C:\Program Files\Docker\Docker\resources\bin;C:\Users\ASUS\.dotnet\tools;D:\Microsoft VS Code\bin;C:\Program Files\Python312\Scripts;C:\Users\ASUS\AppData\Local\Android\Sdk\platform-tools;C:\Users\ASUS\AppData\Roaming\npm;D:\intellj\IntelliJ IDEA 2025.3.1\bin;C:\Program Files\k6;C:\Users\ASUS\AppData\Roaming\Python\Python312\Scripts;C:\Users\ASUS\AppData\Local\Programs\Antigravity IDE\bin;C:\Users\ASUS\AppData\Local\Pub\Cache\bin;D:\Antigravity IDE\bin;D:\download\sdk_flutter\flutter_3.27.1\flutter\bin;D:\gcloud\google-cloud-sdk\bin;c:\Users\ASUS\.antigravity-ide\extensions\vscjava.vscode-java-debug-0.59.0-universal\bundled\scripts\noConfigScripts
USERNAME=ASUS
LANG=en_US.UTF-8
OS=Windows_NT
PROCESSOR_IDENTIFIER=Intel64 Family 6 Model 140 Stepping 1, GenuineIntel
TMP=C:\Users\ASUS\AppData\Local\Temp
TEMP=C:\Users\ASUS\AppData\Local\Temp




Periodic native trim disabled

---------------  S Y S T E M  ---------------

OS:
 Windows 11 , 64 bit Build 22621 (10.0.22621.5415)
OS uptime: 0 days 1:21 hours
Hyper-V role detected

CPU: total 8 (initial active 8) (4 cores per cpu, 2 threads per core) family 6 model 140 stepping 1 microcode 0x8a, cx8, cmov, fxsr, ht, mmx, 3dnowpref, sse, sse2, sse3, ssse3, sse4.1, sse4.2, popcnt, lzcnt, tsc, tscinvbit, avx, avx2, aes, erms, clmul, bmi1, bmi2, adx, avx512f, avx512dq, avx512cd, avx512bw, avx512vl, sha, fma, vzeroupper, avx512_vpopcntdq, avx512_vpclmulqdq, avx512_vaes, avx512_vnni, clflush, clflushopt, clwb, avx512_vbmi2, avx512_vbmi, hv, rdtscp, rdpid, fsrm, gfni, avx512_bitalg, f16c, cet_ibt, cet_ss, avx512_ifma
Processor Information for all 8 processors :
  Max Mhz: 2419, Current Mhz: 1612, Mhz Limit: 2419

Memory: 4k page, system-wide physical 16080M (573M free)
TotalPageFile size 27464M (AvailPageFile size 102M)
current process WorkingSet (physical memory assigned to process): 188M, peak: 188M
current process commit charge ("private bytes"): 390M, peak: 392M

vm_info: Java HotSpot(TM) 64-Bit Server VM (21.0.1+12-LTS-29) for windows-amd64 JRE (21.0.1+12-LTS-29), built on 2023-10-05T13:27:09Z by "mach5one" with MS VC++ 17.1 (VS2022)

END.
