#
# There is insufficient memory for the Java Runtime Environment to continue.
# Native memory allocation (malloc) failed to allocate 53184 bytes for Chunk::new
# Possible reasons:
#   The system is out of physical RAM or swap space
#   The process is running with CompressedOops enabled, and the Java Heap may be blocking the growth of the native heap
# Possible solutions:
#   Reduce memory load on the system
#   Increase physical memory or swap space
#   Check if swap backing store is full
#   Decrease Java heap size (-Xmx/-Xms)
#   Decrease number of Java threads
#   Decrease Java thread stack sizes (-Xss)
#   Set larger code cache with -XX:ReservedCodeCacheSize=
#   JVM is running with Zero Based Compressed Oops mode in which the Java heap is
#     placed in the first 32GB address space. The Java Heap base address is the
#     maximum limit for the native heap growth. Please use -XX:HeapBaseMinAddress
#     to set the Java Heap base and to place the Java Heap above 32GB virtual address.
# This output file may be truncated or incomplete.
#
#  Out of Memory Error (arena.cpp:168), pid=6108, tid=19976
#
# JRE version: Java(TM) SE Runtime Environment (21.0.1+12) (build 21.0.1+12-LTS-29)
# Java VM: Java HotSpot(TM) 64-Bit Server VM (21.0.1+12-LTS-29, mixed mode, sharing, tiered, compressed oops, compressed class ptrs, g1 gc, windows-amd64)
# No core dump will be written. Minidumps are not enabled by default on client versions of Windows
#

---------------  S U M M A R Y ------------

Command Line: --enable-native-access=ALL-UNNAMED -Dclassworlds.conf=C:\\Users\\ASUS\\.m2\\wrapper\\dists\\apache-maven-3.9.12\\59fe215c0ad6947fea90184bf7add084544567b927287592651fda3782e0e798\\bin\\m2.conf -Dmaven.home=C:\\Users\\ASUS\\.m2\\wrapper\\dists\\apache-maven-3.9.12\\59fe215c0ad6947fea90184bf7add084544567b927287592651fda3782e0e798 -Dlibrary.jansi.path=C:\\Users\\ASUS\\.m2\\wrapper\\dists\\apache-maven-3.9.12\\59fe215c0ad6947fea90184bf7add084544567b927287592651fda3782e0e798\\lib\\jansi-native -Dmaven.multiModuleProjectDirectory=D:\\studymatch\\backend\\chat_service org.codehaus.plexus.classworlds.launcher.Launcher spring-boot:run

Host: 11th Gen Intel(R) Core(TM) i5-1135G7 @ 2.40GHz, 8 cores, 15G,  Windows 11 , 64 bit Build 22621 (10.0.22621.5415)
Time: Sat Aug 22 14:56:55 2026 SE Asia Standard Time elapsed time: 2.685774 seconds (0d 0h 0m 2s)

---------------  T H R E A D  ---------------

Current thread (0x00000204d008a850):  JavaThread "C1 CompilerThread0" daemon [_thread_in_native, id=19976, stack(0x0000006b84200000,0x0000006b84300000) (1024K)]


Current CompileTask:
C1:   2685  786       3       java.net.URLStreamHandler::parseURL (1124 bytes)

Stack: [0x0000006b84200000,0x0000006b84300000]
Native frames: (J=compiled Java code, j=interpreted, Vv=VM code, C=native code)
V  [jvm.dll+0x6c9029]
V  [jvm.dll+0x854b81]
V  [jvm.dll+0x856e5e]
V  [jvm.dll+0x857543]
V  [jvm.dll+0x280c06]
V  [jvm.dll+0xc3ead]
V  [jvm.dll+0xc43c3]
V  [jvm.dll+0x19c09f]
V  [jvm.dll+0x19afce]
V  [jvm.dll+0x154753]
V  [jvm.dll+0x154008]
V  [jvm.dll+0x154244]
V  [jvm.dll+0x153686]
V  [jvm.dll+0x1553ed]
V  [jvm.dll+0x2586b9]
V  [jvm.dll+0x256c9a]
V  [jvm.dll+0x3ef1b6]
V  [jvm.dll+0x7fd728]
V  [jvm.dll+0x6c777d]
C  [ucrtbase.dll+0x29333]
C  [KERNEL32.DLL+0x1259d]
C  [ntdll.dll+0x5af78]


---------------  P R O C E S S  ---------------

Threads class SMR info:
_java_thread_list=0x00000204d05b2470, length=12, elements={
0x00000204aee2ee40, 0x00000204d007cbd0, 0x00000204d00809a0, 0x00000204d00814f0,
0x00000204d0082040, 0x00000204d0082b90, 0x00000204d0084600, 0x00000204d0085390,
0x00000204d008a850, 0x00000204d02da9c0, 0x00000204d02dce50, 0x00000204d05c8a50
}

Java Threads: ( => current thread )
  0x00000204aee2ee40 JavaThread "main"                              [_thread_in_vm, id=6708, stack(0x0000006b83200000,0x0000006b83300000) (1024K)]
  0x00000204d007cbd0 JavaThread "Reference Handler"          daemon [_thread_blocked, id=15976, stack(0x0000006b83b00000,0x0000006b83c00000) (1024K)]
  0x00000204d00809a0 JavaThread "Finalizer"                  daemon [_thread_blocked, id=13996, stack(0x0000006b83c00000,0x0000006b83d00000) (1024K)]
  0x00000204d00814f0 JavaThread "Signal Dispatcher"          daemon [_thread_blocked, id=24152, stack(0x0000006b83d00000,0x0000006b83e00000) (1024K)]
  0x00000204d0082040 JavaThread "Attach Listener"            daemon [_thread_blocked, id=19432, stack(0x0000006b83e00000,0x0000006b83f00000) (1024K)]
  0x00000204d0082b90 JavaThread "Service Thread"             daemon [_thread_blocked, id=23572, stack(0x0000006b83f00000,0x0000006b84000000) (1024K)]
  0x00000204d0084600 JavaThread "Monitor Deflation Thread"   daemon [_thread_blocked, id=14220, stack(0x0000006b84000000,0x0000006b84100000) (1024K)]
  0x00000204d0085390 JavaThread "C2 CompilerThread0"         daemon [_thread_blocked, id=16244, stack(0x0000006b84100000,0x0000006b84200000) (1024K)]
=>0x00000204d008a850 JavaThread "C1 CompilerThread0"         daemon [_thread_in_native, id=19976, stack(0x0000006b84200000,0x0000006b84300000) (1024K)]
  0x00000204d02da9c0 JavaThread "Notification Thread"        daemon [_thread_blocked, id=728, stack(0x0000006b84300000,0x0000006b84400000) (1024K)]
  0x00000204d02dce50 JavaThread "Common-Cleaner"             daemon [_thread_blocked, id=24556, stack(0x0000006b84400000,0x0000006b84500000) (1024K)]
  0x00000204d05c8a50 JavaThread "cleanup"                    daemon [_thread_blocked, id=10944, stack(0x0000006b84500000,0x0000006b84600000) (1024K)]
Total: 12

Other Threads:
  0x00000204d005cda0 VMThread "VM Thread"                           [id=19208, stack(0x0000006b83a00000,0x0000006b83b00000) (1024K)]
  0x00000204d0045d00 WatcherThread "VM Periodic Task Thread"        [id=13724, stack(0x0000006b83900000,0x0000006b83a00000) (1024K)]
  0x00000204b10926a0 WorkerThread "GC Thread#0"                     [id=22096, stack(0x0000006b83400000,0x0000006b83500000) (1024K)]
  0x00000204b10a31d0 ConcurrentGCThread "G1 Main Marker"            [id=24376, stack(0x0000006b83500000,0x0000006b83600000) (1024K)]
  0x00000204b10a3e80 WorkerThread "G1 Conc#0"                       [id=3644, stack(0x0000006b83600000,0x0000006b83700000) (1024K)]
  0x00000204b10ee7f0 ConcurrentGCThread "G1 Refine#0"               [id=20564, stack(0x0000006b83700000,0x0000006b83800000) (1024K)]
  0x00000204cff19910 ConcurrentGCThread "G1 Service"                [id=13828, stack(0x0000006b83800000,0x0000006b83900000) (1024K)]
Total: 7

Threads with active compile tasks:
C1 CompilerThread0     2718  786       3       java.net.URLStreamHandler::parseURL (1124 bytes)
Total: 1

VM state: not at safepoint (normal execution)

VM Mutex/Monitor currently owned by a thread: None

Heap address: 0x0000000704a00000, size: 4022 MB, Compressed Oops mode: Zero based, Oop shift amount: 3

CDS archive(s) mapped at: [0x00000204d1000000-0x00000204d1c90000-0x00000204d1c90000), size 13172736, SharedBaseAddress: 0x00000204d1000000, ArchiveRelocationMode: 1.
Compressed class space mapped at: 0x00000204d2000000-0x0000020512000000, reserved size: 1073741824
Narrow klass base: 0x00000204d1000000, Narrow klass shift: 0, Narrow klass range: 0x100000000

GC Precious Log:
 CardTable entry size: 512
 Card Set container configuration: InlinePtr #cards 4 size 8 Array Of Cards #cards 16 size 48 Howl #buckets 8 coarsen threshold 3686 Howl Bitmap #cards 512 size 80 coarsen threshold 460 Card regions per heap region 1 cards per card region 4096
 CPUs: 8 total, 8 available
 Memory: 16080M
 Large Page Support: Disabled
 NUMA Support: Disabled
 Compressed Oops: Enabled (Zero based)
 Heap Region Size: 2M
 Heap Min Capacity: 8M
 Heap Initial Capacity: 252M
 Heap Max Capacity: 4022M
 Pre-touch: Disabled
 Parallel Workers: 8
 Concurrent Workers: 2
 Concurrent Refinement Workers: 8
 Periodic GC: Disabled

Heap:
 garbage-first heap   total 258048K, used 12288K [0x0000000704a00000, 0x0000000800000000)
  region size 2048K, 7 young (14336K), 0 survivors (0K)
 Metaspace       used 3040K, committed 3200K, reserved 1114112K
  class space    used 312K, committed 384K, reserved 1048576K

Heap Regions: E=young(eden), S=young(survivor), O=old, HS=humongous(starts), HC=humongous(continues), CS=collection set, F=free, TAMS=top-at-mark-start, PB=parsable bottom
|   0|0x0000000704a00000, 0x0000000704a00000, 0x0000000704c00000|  0%| F|  |TAMS 0x0000000704a00000| PB 0x0000000704a00000| Untracked 
|   1|0x0000000704c00000, 0x0000000704c00000, 0x0000000704e00000|  0%| F|  |TAMS 0x0000000704c00000| PB 0x0000000704c00000| Untracked 
|   2|0x0000000704e00000, 0x0000000704e00000, 0x0000000705000000|  0%| F|  |TAMS 0x0000000704e00000| PB 0x0000000704e00000| Untracked 
|   3|0x0000000705000000, 0x0000000705000000, 0x0000000705200000|  0%| F|  |TAMS 0x0000000705000000| PB 0x0000000705000000| Untracked 
|   4|0x0000000705200000, 0x0000000705200000, 0x0000000705400000|  0%| F|  |TAMS 0x0000000705200000| PB 0x0000000705200000| Untracked 
|   5|0x0000000705400000, 0x0000000705400000, 0x0000000705600000|  0%| F|  |TAMS 0x0000000705400000| PB 0x0000000705400000| Untracked 
|   6|0x0000000705600000, 0x0000000705600000, 0x0000000705800000|  0%| F|  |TAMS 0x0000000705600000| PB 0x0000000705600000| Untracked 
|   7|0x0000000705800000, 0x0000000705800000, 0x0000000705a00000|  0%| F|  |TAMS 0x0000000705800000| PB 0x0000000705800000| Untracked 
|   8|0x0000000705a00000, 0x0000000705a00000, 0x0000000705c00000|  0%| F|  |TAMS 0x0000000705a00000| PB 0x0000000705a00000| Untracked 
|   9|0x0000000705c00000, 0x0000000705c00000, 0x0000000705e00000|  0%| F|  |TAMS 0x0000000705c00000| PB 0x0000000705c00000| Untracked 
|  10|0x0000000705e00000, 0x0000000705e00000, 0x0000000706000000|  0%| F|  |TAMS 0x0000000705e00000| PB 0x0000000705e00000| Untracked 
|  11|0x0000000706000000, 0x0000000706000000, 0x0000000706200000|  0%| F|  |TAMS 0x0000000706000000| PB 0x0000000706000000| Untracked 
|  12|0x0000000706200000, 0x0000000706200000, 0x0000000706400000|  0%| F|  |TAMS 0x0000000706200000| PB 0x0000000706200000| Untracked 
|  13|0x0000000706400000, 0x0000000706400000, 0x0000000706600000|  0%| F|  |TAMS 0x0000000706400000| PB 0x0000000706400000| Untracked 
|  14|0x0000000706600000, 0x0000000706600000, 0x0000000706800000|  0%| F|  |TAMS 0x0000000706600000| PB 0x0000000706600000| Untracked 
|  15|0x0000000706800000, 0x0000000706800000, 0x0000000706a00000|  0%| F|  |TAMS 0x0000000706800000| PB 0x0000000706800000| Untracked 
|  16|0x0000000706a00000, 0x0000000706a00000, 0x0000000706c00000|  0%| F|  |TAMS 0x0000000706a00000| PB 0x0000000706a00000| Untracked 
|  17|0x0000000706c00000, 0x0000000706c00000, 0x0000000706e00000|  0%| F|  |TAMS 0x0000000706c00000| PB 0x0000000706c00000| Untracked 
|  18|0x0000000706e00000, 0x0000000706e00000, 0x0000000707000000|  0%| F|  |TAMS 0x0000000706e00000| PB 0x0000000706e00000| Untracked 
|  19|0x0000000707000000, 0x0000000707000000, 0x0000000707200000|  0%| F|  |TAMS 0x0000000707000000| PB 0x0000000707000000| Untracked 
|  20|0x0000000707200000, 0x0000000707200000, 0x0000000707400000|  0%| F|  |TAMS 0x0000000707200000| PB 0x0000000707200000| Untracked 
|  21|0x0000000707400000, 0x0000000707400000, 0x0000000707600000|  0%| F|  |TAMS 0x0000000707400000| PB 0x0000000707400000| Untracked 
|  22|0x0000000707600000, 0x0000000707600000, 0x0000000707800000|  0%| F|  |TAMS 0x0000000707600000| PB 0x0000000707600000| Untracked 
|  23|0x0000000707800000, 0x0000000707800000, 0x0000000707a00000|  0%| F|  |TAMS 0x0000000707800000| PB 0x0000000707800000| Untracked 
|  24|0x0000000707a00000, 0x0000000707a00000, 0x0000000707c00000|  0%| F|  |TAMS 0x0000000707a00000| PB 0x0000000707a00000| Untracked 
|  25|0x0000000707c00000, 0x0000000707c00000, 0x0000000707e00000|  0%| F|  |TAMS 0x0000000707c00000| PB 0x0000000707c00000| Untracked 
|  26|0x0000000707e00000, 0x0000000707e00000, 0x0000000708000000|  0%| F|  |TAMS 0x0000000707e00000| PB 0x0000000707e00000| Untracked 
|  27|0x0000000708000000, 0x0000000708000000, 0x0000000708200000|  0%| F|  |TAMS 0x0000000708000000| PB 0x0000000708000000| Untracked 
|  28|0x0000000708200000, 0x0000000708200000, 0x0000000708400000|  0%| F|  |TAMS 0x0000000708200000| PB 0x0000000708200000| Untracked 
|  29|0x0000000708400000, 0x0000000708400000, 0x0000000708600000|  0%| F|  |TAMS 0x0000000708400000| PB 0x0000000708400000| Untracked 
|  30|0x0000000708600000, 0x0000000708600000, 0x0000000708800000|  0%| F|  |TAMS 0x0000000708600000| PB 0x0000000708600000| Untracked 
|  31|0x0000000708800000, 0x0000000708800000, 0x0000000708a00000|  0%| F|  |TAMS 0x0000000708800000| PB 0x0000000708800000| Untracked 
|  32|0x0000000708a00000, 0x0000000708a00000, 0x0000000708c00000|  0%| F|  |TAMS 0x0000000708a00000| PB 0x0000000708a00000| Untracked 
|  33|0x0000000708c00000, 0x0000000708c00000, 0x0000000708e00000|  0%| F|  |TAMS 0x0000000708c00000| PB 0x0000000708c00000| Untracked 
|  34|0x0000000708e00000, 0x0000000708e00000, 0x0000000709000000|  0%| F|  |TAMS 0x0000000708e00000| PB 0x0000000708e00000| Untracked 
|  35|0x0000000709000000, 0x0000000709000000, 0x0000000709200000|  0%| F|  |TAMS 0x0000000709000000| PB 0x0000000709000000| Untracked 
|  36|0x0000000709200000, 0x0000000709200000, 0x0000000709400000|  0%| F|  |TAMS 0x0000000709200000| PB 0x0000000709200000| Untracked 
|  37|0x0000000709400000, 0x0000000709400000, 0x0000000709600000|  0%| F|  |TAMS 0x0000000709400000| PB 0x0000000709400000| Untracked 
|  38|0x0000000709600000, 0x0000000709600000, 0x0000000709800000|  0%| F|  |TAMS 0x0000000709600000| PB 0x0000000709600000| Untracked 
|  39|0x0000000709800000, 0x0000000709800000, 0x0000000709a00000|  0%| F|  |TAMS 0x0000000709800000| PB 0x0000000709800000| Untracked 
|  40|0x0000000709a00000, 0x0000000709a00000, 0x0000000709c00000|  0%| F|  |TAMS 0x0000000709a00000| PB 0x0000000709a00000| Untracked 
|  41|0x0000000709c00000, 0x0000000709c00000, 0x0000000709e00000|  0%| F|  |TAMS 0x0000000709c00000| PB 0x0000000709c00000| Untracked 
|  42|0x0000000709e00000, 0x0000000709e00000, 0x000000070a000000|  0%| F|  |TAMS 0x0000000709e00000| PB 0x0000000709e00000| Untracked 
|  43|0x000000070a000000, 0x000000070a000000, 0x000000070a200000|  0%| F|  |TAMS 0x000000070a000000| PB 0x000000070a000000| Untracked 
|  44|0x000000070a200000, 0x000000070a200000, 0x000000070a400000|  0%| F|  |TAMS 0x000000070a200000| PB 0x000000070a200000| Untracked 
|  45|0x000000070a400000, 0x000000070a400000, 0x000000070a600000|  0%| F|  |TAMS 0x000000070a400000| PB 0x000000070a400000| Untracked 
|  46|0x000000070a600000, 0x000000070a600000, 0x000000070a800000|  0%| F|  |TAMS 0x000000070a600000| PB 0x000000070a600000| Untracked 
|  47|0x000000070a800000, 0x000000070a800000, 0x000000070aa00000|  0%| F|  |TAMS 0x000000070a800000| PB 0x000000070a800000| Untracked 
|  48|0x000000070aa00000, 0x000000070aa00000, 0x000000070ac00000|  0%| F|  |TAMS 0x000000070aa00000| PB 0x000000070aa00000| Untracked 
|  49|0x000000070ac00000, 0x000000070ac00000, 0x000000070ae00000|  0%| F|  |TAMS 0x000000070ac00000| PB 0x000000070ac00000| Untracked 
|  50|0x000000070ae00000, 0x000000070ae00000, 0x000000070b000000|  0%| F|  |TAMS 0x000000070ae00000| PB 0x000000070ae00000| Untracked 
|  51|0x000000070b000000, 0x000000070b000000, 0x000000070b200000|  0%| F|  |TAMS 0x000000070b000000| PB 0x000000070b000000| Untracked 
|  52|0x000000070b200000, 0x000000070b200000, 0x000000070b400000|  0%| F|  |TAMS 0x000000070b200000| PB 0x000000070b200000| Untracked 
|  53|0x000000070b400000, 0x000000070b400000, 0x000000070b600000|  0%| F|  |TAMS 0x000000070b400000| PB 0x000000070b400000| Untracked 
|  54|0x000000070b600000, 0x000000070b600000, 0x000000070b800000|  0%| F|  |TAMS 0x000000070b600000| PB 0x000000070b600000| Untracked 
|  55|0x000000070b800000, 0x000000070b800000, 0x000000070ba00000|  0%| F|  |TAMS 0x000000070b800000| PB 0x000000070b800000| Untracked 
|  56|0x000000070ba00000, 0x000000070ba00000, 0x000000070bc00000|  0%| F|  |TAMS 0x000000070ba00000| PB 0x000000070ba00000| Untracked 
|  57|0x000000070bc00000, 0x000000070bc00000, 0x000000070be00000|  0%| F|  |TAMS 0x000000070bc00000| PB 0x000000070bc00000| Untracked 
|  58|0x000000070be00000, 0x000000070be00000, 0x000000070c000000|  0%| F|  |TAMS 0x000000070be00000| PB 0x000000070be00000| Untracked 
|  59|0x000000070c000000, 0x000000070c000000, 0x000000070c200000|  0%| F|  |TAMS 0x000000070c000000| PB 0x000000070c000000| Untracked 
|  60|0x000000070c200000, 0x000000070c200000, 0x000000070c400000|  0%| F|  |TAMS 0x000000070c200000| PB 0x000000070c200000| Untracked 
|  61|0x000000070c400000, 0x000000070c400000, 0x000000070c600000|  0%| F|  |TAMS 0x000000070c400000| PB 0x000000070c400000| Untracked 
|  62|0x000000070c600000, 0x000000070c600000, 0x000000070c800000|  0%| F|  |TAMS 0x000000070c600000| PB 0x000000070c600000| Untracked 
|  63|0x000000070c800000, 0x000000070c800000, 0x000000070ca00000|  0%| F|  |TAMS 0x000000070c800000| PB 0x000000070c800000| Untracked 
|  64|0x000000070ca00000, 0x000000070ca00000, 0x000000070cc00000|  0%| F|  |TAMS 0x000000070ca00000| PB 0x000000070ca00000| Untracked 
|  65|0x000000070cc00000, 0x000000070cc00000, 0x000000070ce00000|  0%| F|  |TAMS 0x000000070cc00000| PB 0x000000070cc00000| Untracked 
|  66|0x000000070ce00000, 0x000000070ce00000, 0x000000070d000000|  0%| F|  |TAMS 0x000000070ce00000| PB 0x000000070ce00000| Untracked 
|  67|0x000000070d000000, 0x000000070d000000, 0x000000070d200000|  0%| F|  |TAMS 0x000000070d000000| PB 0x000000070d000000| Untracked 
|  68|0x000000070d200000, 0x000000070d200000, 0x000000070d400000|  0%| F|  |TAMS 0x000000070d200000| PB 0x000000070d200000| Untracked 
|  69|0x000000070d400000, 0x000000070d400000, 0x000000070d600000|  0%| F|  |TAMS 0x000000070d400000| PB 0x000000070d400000| Untracked 
|  70|0x000000070d600000, 0x000000070d600000, 0x000000070d800000|  0%| F|  |TAMS 0x000000070d600000| PB 0x000000070d600000| Untracked 
|  71|0x000000070d800000, 0x000000070d800000, 0x000000070da00000|  0%| F|  |TAMS 0x000000070d800000| PB 0x000000070d800000| Untracked 
|  72|0x000000070da00000, 0x000000070da00000, 0x000000070dc00000|  0%| F|  |TAMS 0x000000070da00000| PB 0x000000070da00000| Untracked 
|  73|0x000000070dc00000, 0x000000070dc00000, 0x000000070de00000|  0%| F|  |TAMS 0x000000070dc00000| PB 0x000000070dc00000| Untracked 
|  74|0x000000070de00000, 0x000000070de00000, 0x000000070e000000|  0%| F|  |TAMS 0x000000070de00000| PB 0x000000070de00000| Untracked 
|  75|0x000000070e000000, 0x000000070e000000, 0x000000070e200000|  0%| F|  |TAMS 0x000000070e000000| PB 0x000000070e000000| Untracked 
|  76|0x000000070e200000, 0x000000070e200000, 0x000000070e400000|  0%| F|  |TAMS 0x000000070e200000| PB 0x000000070e200000| Untracked 
|  77|0x000000070e400000, 0x000000070e400000, 0x000000070e600000|  0%| F|  |TAMS 0x000000070e400000| PB 0x000000070e400000| Untracked 
|  78|0x000000070e600000, 0x000000070e600000, 0x000000070e800000|  0%| F|  |TAMS 0x000000070e600000| PB 0x000000070e600000| Untracked 
|  79|0x000000070e800000, 0x000000070e800000, 0x000000070ea00000|  0%| F|  |TAMS 0x000000070e800000| PB 0x000000070e800000| Untracked 
|  80|0x000000070ea00000, 0x000000070ea00000, 0x000000070ec00000|  0%| F|  |TAMS 0x000000070ea00000| PB 0x000000070ea00000| Untracked 
|  81|0x000000070ec00000, 0x000000070ec00000, 0x000000070ee00000|  0%| F|  |TAMS 0x000000070ec00000| PB 0x000000070ec00000| Untracked 
|  82|0x000000070ee00000, 0x000000070ee00000, 0x000000070f000000|  0%| F|  |TAMS 0x000000070ee00000| PB 0x000000070ee00000| Untracked 
|  83|0x000000070f000000, 0x000000070f000000, 0x000000070f200000|  0%| F|  |TAMS 0x000000070f000000| PB 0x000000070f000000| Untracked 
|  84|0x000000070f200000, 0x000000070f200000, 0x000000070f400000|  0%| F|  |TAMS 0x000000070f200000| PB 0x000000070f200000| Untracked 
|  85|0x000000070f400000, 0x000000070f400000, 0x000000070f600000|  0%| F|  |TAMS 0x000000070f400000| PB 0x000000070f400000| Untracked 
|  86|0x000000070f600000, 0x000000070f600000, 0x000000070f800000|  0%| F|  |TAMS 0x000000070f600000| PB 0x000000070f600000| Untracked 
|  87|0x000000070f800000, 0x000000070f800000, 0x000000070fa00000|  0%| F|  |TAMS 0x000000070f800000| PB 0x000000070f800000| Untracked 
|  88|0x000000070fa00000, 0x000000070fa00000, 0x000000070fc00000|  0%| F|  |TAMS 0x000000070fa00000| PB 0x000000070fa00000| Untracked 
|  89|0x000000070fc00000, 0x000000070fc00000, 0x000000070fe00000|  0%| F|  |TAMS 0x000000070fc00000| PB 0x000000070fc00000| Untracked 
|  90|0x000000070fe00000, 0x000000070fe00000, 0x0000000710000000|  0%| F|  |TAMS 0x000000070fe00000| PB 0x000000070fe00000| Untracked 
|  91|0x0000000710000000, 0x0000000710000000, 0x0000000710200000|  0%| F|  |TAMS 0x0000000710000000| PB 0x0000000710000000| Untracked 
|  92|0x0000000710200000, 0x0000000710200000, 0x0000000710400000|  0%| F|  |TAMS 0x0000000710200000| PB 0x0000000710200000| Untracked 
|  93|0x0000000710400000, 0x0000000710400000, 0x0000000710600000|  0%| F|  |TAMS 0x0000000710400000| PB 0x0000000710400000| Untracked 
|  94|0x0000000710600000, 0x0000000710600000, 0x0000000710800000|  0%| F|  |TAMS 0x0000000710600000| PB 0x0000000710600000| Untracked 
|  95|0x0000000710800000, 0x0000000710800000, 0x0000000710a00000|  0%| F|  |TAMS 0x0000000710800000| PB 0x0000000710800000| Untracked 
|  96|0x0000000710a00000, 0x0000000710a00000, 0x0000000710c00000|  0%| F|  |TAMS 0x0000000710a00000| PB 0x0000000710a00000| Untracked 
|  97|0x0000000710c00000, 0x0000000710c00000, 0x0000000710e00000|  0%| F|  |TAMS 0x0000000710c00000| PB 0x0000000710c00000| Untracked 
|  98|0x0000000710e00000, 0x0000000710e00000, 0x0000000711000000|  0%| F|  |TAMS 0x0000000710e00000| PB 0x0000000710e00000| Untracked 
|  99|0x0000000711000000, 0x0000000711000000, 0x0000000711200000|  0%| F|  |TAMS 0x0000000711000000| PB 0x0000000711000000| Untracked 
| 100|0x0000000711200000, 0x0000000711200000, 0x0000000711400000|  0%| F|  |TAMS 0x0000000711200000| PB 0x0000000711200000| Untracked 
| 101|0x0000000711400000, 0x0000000711400000, 0x0000000711600000|  0%| F|  |TAMS 0x0000000711400000| PB 0x0000000711400000| Untracked 
| 102|0x0000000711600000, 0x0000000711600000, 0x0000000711800000|  0%| F|  |TAMS 0x0000000711600000| PB 0x0000000711600000| Untracked 
| 103|0x0000000711800000, 0x0000000711800000, 0x0000000711a00000|  0%| F|  |TAMS 0x0000000711800000| PB 0x0000000711800000| Untracked 
| 104|0x0000000711a00000, 0x0000000711a00000, 0x0000000711c00000|  0%| F|  |TAMS 0x0000000711a00000| PB 0x0000000711a00000| Untracked 
| 105|0x0000000711c00000, 0x0000000711c00000, 0x0000000711e00000|  0%| F|  |TAMS 0x0000000711c00000| PB 0x0000000711c00000| Untracked 
| 106|0x0000000711e00000, 0x0000000711e00000, 0x0000000712000000|  0%| F|  |TAMS 0x0000000711e00000| PB 0x0000000711e00000| Untracked 
| 107|0x0000000712000000, 0x0000000712000000, 0x0000000712200000|  0%| F|  |TAMS 0x0000000712000000| PB 0x0000000712000000| Untracked 
| 108|0x0000000712200000, 0x0000000712200000, 0x0000000712400000|  0%| F|  |TAMS 0x0000000712200000| PB 0x0000000712200000| Untracked 
| 109|0x0000000712400000, 0x0000000712400000, 0x0000000712600000|  0%| F|  |TAMS 0x0000000712400000| PB 0x0000000712400000| Untracked 
| 110|0x0000000712600000, 0x0000000712600000, 0x0000000712800000|  0%| F|  |TAMS 0x0000000712600000| PB 0x0000000712600000| Untracked 
| 111|0x0000000712800000, 0x0000000712800000, 0x0000000712a00000|  0%| F|  |TAMS 0x0000000712800000| PB 0x0000000712800000| Untracked 
| 112|0x0000000712a00000, 0x0000000712a00000, 0x0000000712c00000|  0%| F|  |TAMS 0x0000000712a00000| PB 0x0000000712a00000| Untracked 
| 113|0x0000000712c00000, 0x0000000712c00000, 0x0000000712e00000|  0%| F|  |TAMS 0x0000000712c00000| PB 0x0000000712c00000| Untracked 
| 114|0x0000000712e00000, 0x0000000712e00000, 0x0000000713000000|  0%| F|  |TAMS 0x0000000712e00000| PB 0x0000000712e00000| Untracked 
| 115|0x0000000713000000, 0x0000000713000000, 0x0000000713200000|  0%| F|  |TAMS 0x0000000713000000| PB 0x0000000713000000| Untracked 
| 116|0x0000000713200000, 0x0000000713200000, 0x0000000713400000|  0%| F|  |TAMS 0x0000000713200000| PB 0x0000000713200000| Untracked 
| 117|0x0000000713400000, 0x0000000713400000, 0x0000000713600000|  0%| F|  |TAMS 0x0000000713400000| PB 0x0000000713400000| Untracked 
| 118|0x0000000713600000, 0x0000000713600000, 0x0000000713800000|  0%| F|  |TAMS 0x0000000713600000| PB 0x0000000713600000| Untracked 
| 119|0x0000000713800000, 0x0000000713871260, 0x0000000713a00000| 22%| E|  |TAMS 0x0000000713800000| PB 0x0000000713800000| Complete 
| 120|0x0000000713a00000, 0x0000000713c00000, 0x0000000713c00000|100%| E|CS|TAMS 0x0000000713a00000| PB 0x0000000713a00000| Complete 
| 121|0x0000000713c00000, 0x0000000713e00000, 0x0000000713e00000|100%| E|CS|TAMS 0x0000000713c00000| PB 0x0000000713c00000| Complete 
| 122|0x0000000713e00000, 0x0000000714000000, 0x0000000714000000|100%| E|CS|TAMS 0x0000000713e00000| PB 0x0000000713e00000| Complete 
| 123|0x0000000714000000, 0x0000000714200000, 0x0000000714200000|100%| E|CS|TAMS 0x0000000714000000| PB 0x0000000714000000| Complete 
| 124|0x0000000714200000, 0x0000000714400000, 0x0000000714400000|100%| E|CS|TAMS 0x0000000714200000| PB 0x0000000714200000| Complete 
| 125|0x0000000714400000, 0x0000000714600000, 0x0000000714600000|100%| E|CS|TAMS 0x0000000714400000| PB 0x0000000714400000| Complete 

Card table byte_map: [0x00000204c8f90000,0x00000204c9770000] _byte_map_base: 0x00000204c576b000

Marking Bits: (CMBitMap*) 0x00000204b1092da0
 Bits: [0x00000204c9770000, 0x00000204cd648000)

Polling page: 0x00000204aef60000

Metaspace:

Usage:
  Non-class:      2.66 MB used.
      Class:    312.87 KB used.
       Both:      2.97 MB used.

Virtual space:
  Non-class space:       64.00 MB reserved,       2.75 MB (  4%) committed,  1 nodes.
      Class space:        1.00 GB reserved,     384.00 KB ( <1%) committed,  1 nodes.
             Both:        1.06 GB reserved,       3.12 MB ( <1%) committed. 

Chunk freelists:
   Non-Class:  10.75 MB
       Class:  15.55 MB
        Both:  26.30 MB

MaxMetaspaceSize: unlimited
CompressedClassSpaceSize: 1.00 GB
Initial GC threshold: 21.00 MB
Current GC threshold: 21.00 MB
CDS: on
 - commit_granule_bytes: 65536.
 - commit_granule_words: 8192.
 - virtual_space_node_default_size: 8388608.
 - enlarge_chunks_in_place: 1.
 - use_allocation_guard: 0.


Internal statistics:

num_allocs_failed_limit: 0.
num_arena_births: 48.
num_arena_deaths: 0.
num_vsnodes_births: 2.
num_vsnodes_deaths: 0.
num_space_committed: 50.
num_space_uncommitted: 0.
num_chunks_returned_to_freelist: 0.
num_chunks_taken_from_freelist: 123.
num_chunk_merges: 0.
num_chunk_splits: 76.
num_chunks_enlarged: 59.
num_inconsistent_stats: 0.

CodeHeap 'non-profiled nmethods': size=120000Kb used=269Kb max_used=269Kb free=119730Kb
 bounds [0x00000204c0f50000, 0x00000204c11c0000, 0x00000204c8480000]
CodeHeap 'profiled nmethods': size=120000Kb used=1419Kb max_used=1419Kb free=118580Kb
 bounds [0x00000204b9480000, 0x00000204b96f0000, 0x00000204c09b0000]
CodeHeap 'non-nmethods': size=5760Kb used=1468Kb max_used=1484Kb free=4292Kb
 bounds [0x00000204c09b0000, 0x00000204c0c20000, 0x00000204c0f50000]
 total_blobs=1239 nmethods=791 adapters=353
 compilation: enabled
              stopped_count=0, restarted_count=0
 full_count=0

Compilation events (20 events):
Event: 2.600 Thread 0x00000204d008a850  779   !   3       java.util.zip.ZipFile$ZipFileInflaterInputStream::close (67 bytes)
Event: 2.601 Thread 0x00000204d008a850 nmethod 779 0x00000204b95ddb90 code [0x00000204b95ddde0, 0x00000204b95de688]
Event: 2.601 Thread 0x00000204d008a850  780       3       jdk.internal.ref.CleanerImpl$PhantomCleanableRef::performCleanup (10 bytes)
Event: 2.601 Thread 0x00000204d008a850 nmethod 780 0x00000204b95dea10 code [0x00000204b95debc0, 0x00000204b95deda0]
Event: 2.601 Thread 0x00000204d008a850  781       3       java.util.ArrayDeque::add (7 bytes)
Event: 2.601 Thread 0x00000204d008a850 nmethod 781 0x00000204b95dee90 code [0x00000204b95df040, 0x00000204b95df198]
Event: 2.603 Thread 0x00000204d008a850  782   !   3       java.util.zip.ZipFile::getInputStream (275 bytes)
Event: 2.604 Thread 0x00000204d008a850 nmethod 782 0x00000204b95df290 code [0x00000204b95df5a0, 0x00000204b95e07a0]
Event: 2.605 Thread 0x00000204d008a850  783       3       java.util.zip.ZipFile$ZipFileInputStream::<init> (96 bytes)
Event: 2.606 Thread 0x00000204d008a850 nmethod 783 0x00000204b95e1290 code [0x00000204b95e14e0, 0x00000204b95e1f40]
Event: 2.606 Thread 0x00000204d008a850  784       3       java.util.zip.ZipUtils::CENOFF (9 bytes)
Event: 2.606 Thread 0x00000204d008a850 nmethod 784 0x00000204b95e2390 code [0x00000204b95e2540, 0x00000204b95e2820]
Event: 2.607 Thread 0x00000204d008a850  785       3       sun.net.www.protocol.file.Handler::parseURL (18 bytes)
Event: 2.607 Thread 0x00000204d008a850 nmethod 785 0x00000204b95e2990 code [0x00000204b95e2b40, 0x00000204b95e2d08]
Event: 2.607 Thread 0x00000204d008a850  786       3       java.net.URLStreamHandler::parseURL (1124 bytes)
Event: 2.612 Thread 0x00000204d0085390 nmethod 778 0x00000204c0f90410 code [0x00000204c0f906a0, 0x00000204c0f91398]
Event: 2.613 Thread 0x00000204d0085390  790       4       java.util.zip.ZipUtils::LG (22 bytes)
Event: 2.614 Thread 0x00000204d0085390 nmethod 790 0x00000204c0f91910 code [0x00000204c0f91aa0, 0x00000204c0f91bb0]
Event: 2.617 Thread 0x00000204d0085390  793       4       jdk.internal.util.Preconditions::checkFromIndexSize (25 bytes)
Event: 2.618 Thread 0x00000204d0085390 nmethod 793 0x00000204c0f91c90 code [0x00000204c0f91e20, 0x00000204c0f91ef0]

GC Heap History (0 events):
No events

Dll operation events (8 events):
Event: 0.023 Loaded shared library D:\jdk21\bin\java.dll
Event: 0.365 Loaded shared library D:\jdk21\bin\jsvml.dll
Event: 0.591 Loaded shared library D:\jdk21\bin\net.dll
Event: 0.594 Loaded shared library D:\jdk21\bin\nio.dll
Event: 0.600 Loaded shared library D:\jdk21\bin\zip.dll
Event: 1.301 Loaded shared library C:\Users\ASUS\.m2\wrapper\dists\apache-maven-3.9.12\59fe215c0ad6947fea90184bf7add084544567b927287592651fda3782e0e798\lib\jansi-native\Windows\x86_64\jansi.dll
Event: 1.387 Loaded shared library D:\jdk21\bin\verify.dll
Event: 1.504 Loaded shared library D:\jdk21\bin\jimage.dll

Deoptimization events (20 events):
Event: 2.041 Thread 0x00000204aee2ee40 DEOPT PACKING pc=0x00000204b94cf1e7 sp=0x0000006b832fa350
Event: 2.042 Thread 0x00000204aee2ee40 DEOPT UNPACKING pc=0x00000204c0a088e2 sp=0x0000006b832f97c0 mode 0
Event: 2.192 Thread 0x00000204aee2ee40 DEOPT PACKING pc=0x00000204b94a224e sp=0x0000006b832fc3e0
Event: 2.192 Thread 0x00000204aee2ee40 DEOPT UNPACKING pc=0x00000204c0a088e2 sp=0x0000006b832fb858 mode 0
Event: 2.580 Thread 0x00000204aee2ee40 Uncommon trap: trap_request=0xffffff45 fr.pc=0x00000204c0f8c728 relative=0x0000000000000668
Event: 2.580 Thread 0x00000204aee2ee40 Uncommon trap: reason=unstable_if action=reinterpret pc=0x00000204c0f8c728 method=java.util.regex.Matcher.search(I)Z @ 30 c2
Event: 2.580 Thread 0x00000204aee2ee40 DEOPT PACKING pc=0x00000204c0f8c728 sp=0x0000006b832fded0
Event: 2.580 Thread 0x00000204aee2ee40 DEOPT UNPACKING pc=0x00000204c0a07da2 sp=0x0000006b832fdec0 mode 2
Event: 2.588 Thread 0x00000204aee2ee40 Uncommon trap: trap_request=0xffffff45 fr.pc=0x00000204c0f60f90 relative=0x0000000000000530
Event: 2.588 Thread 0x00000204aee2ee40 Uncommon trap: reason=unstable_if action=reinterpret pc=0x00000204c0f60f90 method=java.lang.StringLatin1.canEncode(I)Z @ 4 c2
Event: 2.588 Thread 0x00000204aee2ee40 DEOPT PACKING pc=0x00000204c0f60f90 sp=0x0000006b832fe510
Event: 2.588 Thread 0x00000204aee2ee40 DEOPT UNPACKING pc=0x00000204c0a07da2 sp=0x0000006b832fe448 mode 2
Event: 2.588 Thread 0x00000204aee2ee40 Uncommon trap: trap_request=0xffffff45 fr.pc=0x00000204c0f61de8 relative=0x0000000000000508
Event: 2.588 Thread 0x00000204aee2ee40 Uncommon trap: reason=unstable_if action=reinterpret pc=0x00000204c0f61de8 method=java.lang.AbstractStringBuilder.isLatin1()Z @ 10 c2
Event: 2.588 Thread 0x00000204aee2ee40 DEOPT PACKING pc=0x00000204c0f61de8 sp=0x0000006b832fe530
Event: 2.588 Thread 0x00000204aee2ee40 DEOPT UNPACKING pc=0x00000204c0a07da2 sp=0x0000006b832fe4c0 mode 2
Event: 2.588 Thread 0x00000204aee2ee40 Uncommon trap: trap_request=0xffffff45 fr.pc=0x00000204c0f6160c relative=0x000000000000006c
Event: 2.588 Thread 0x00000204aee2ee40 Uncommon trap: reason=unstable_if action=reinterpret pc=0x00000204c0f6160c method=java.lang.AbstractStringBuilder.isLatin1()Z @ 10 c2
Event: 2.588 Thread 0x00000204aee2ee40 DEOPT PACKING pc=0x00000204c0f6160c sp=0x0000006b832fe530
Event: 2.588 Thread 0x00000204aee2ee40 DEOPT UNPACKING pc=0x00000204c0a07da2 sp=0x0000006b832fe4c0 mode 2

Classes loaded (20 events):
Event: 2.201 Loading class java/util/concurrent/locks/ReentrantReadWriteLock$Sync done
Event: 2.201 Loading class java/util/concurrent/locks/ReentrantReadWriteLock$NonfairSync done
Event: 2.201 Loading class java/util/concurrent/locks/ReentrantReadWriteLock$Sync$ThreadLocalHoldCounter
Event: 2.201 Loading class java/util/concurrent/locks/ReentrantReadWriteLock$Sync$ThreadLocalHoldCounter done
Event: 2.201 Loading class java/util/concurrent/locks/ReentrantReadWriteLock$ReadLock
Event: 2.201 Loading class java/util/concurrent/locks/ReentrantReadWriteLock$ReadLock done
Event: 2.201 Loading class java/util/concurrent/locks/ReentrantReadWriteLock$WriteLock
Event: 2.202 Loading class java/util/concurrent/locks/ReentrantReadWriteLock$WriteLock done
Event: 2.210 Loading class java/text/ParseException
Event: 2.210 Loading class java/text/ParseException done
Event: 2.290 Loading class sun/util/calendar/ZoneInfoFile$Checksum
Event: 2.290 Loading class sun/util/calendar/ZoneInfoFile$Checksum done
Event: 2.321 Loading class jdk/internal/module/ModulePatcher$PatchedModuleReader
Event: 2.321 Loading class jdk/internal/module/ModulePatcher$PatchedModuleReader done
Event: 2.322 Loading class sun/net/www/protocol/jrt/Handler
Event: 2.322 Loading class sun/net/www/protocol/jrt/Handler done
Event: 2.583 Loading class sun/text/resources/cldr/FormatData_en
Event: 2.584 Loading class sun/text/resources/cldr/FormatData_en done
Event: 2.585 Loading class sun/text/resources/cldr/FormatData_en_US
Event: 2.585 Loading class sun/text/resources/cldr/FormatData_en_US done

Classes unloaded (0 events):
No events

Classes redefined (0 events):
No events

Internal exceptions (18 events):
Event: 0.883 Thread 0x00000204aee2ee40 Exception <a 'java/lang/NoSuchMethodError'{0x00000007142e6218}: 'int java.lang.invoke.DirectMethodHandle$Holder.invokeSpecial(java.lang.Object, java.lang.Object, java.lang.Object)'> (0x00000007142e6218) 
thrown [s\open\src\hotspot\share\interpreter\linkResolver.cpp, line 773]
Event: 1.224 Thread 0x00000204aee2ee40 Exception <a 'java/lang/NoSuchMethodError'{0x0000000714157480}: 'java.lang.Object java.lang.invoke.Invokers$Holder.invokeExact_MT(java.lang.Object, java.lang.Object, java.lang.Object, java.lang.Object, java.lang.Object)'> (0x0000000714157480) 
thrown [s\open\src\hotspot\share\interpreter\linkResolver.cpp, line 773]
Event: 1.290 Thread 0x00000204aee2ee40 Exception <a 'java/lang/NullPointerException'{0x00000007141bb588}> (0x00000007141bb588) 
thrown [s\open\src\hotspot\share\interpreter\linkResolver.cpp, line 1372]
Event: 1.342 Thread 0x00000204aee2ee40 Exception <a 'java/lang/NoSuchMethodError'{0x00000007141e4848}: 'void java.lang.invoke.DirectMethodHandle$Holder.invokeStatic(java.lang.Object, long, java.lang.Object)'> (0x00000007141e4848) 
thrown [s\open\src\hotspot\share\interpreter\linkResolver.cpp, line 773]
Event: 1.345 Thread 0x00000204aee2ee40 Exception <a 'java/lang/NoSuchMethodError'{0x00000007141e9ff0}: 'java.lang.Object java.lang.invoke.DirectMethodHandle$Holder.newInvokeSpecial(java.lang.Object, long, java.lang.Object)'> (0x00000007141e9ff0) 
thrown [s\open\src\hotspot\share\interpreter\linkResolver.cpp, line 773]
Event: 1.357 Thread 0x00000204aee2ee40 Exception <a 'java/lang/NullPointerException'{0x00000007141f5910}> (0x00000007141f5910) 
thrown [s\open\src\hotspot\share\interpreter\linkResolver.cpp, line 1372]
Event: 1.357 Thread 0x00000204aee2ee40 Exception <a 'java/lang/NullPointerException'{0x00000007141f5bf0}> (0x00000007141f5bf0) 
thrown [s\open\src\hotspot\share\interpreter\linkResolver.cpp, line 1372]
Event: 1.357 Thread 0x00000204aee2ee40 Exception <a 'java/lang/NullPointerException'{0x00000007141f5ed0}> (0x00000007141f5ed0) 
thrown [s\open\src\hotspot\share\interpreter\linkResolver.cpp, line 1372]
Event: 1.360 Thread 0x00000204aee2ee40 Exception <a 'java/lang/NullPointerException'{0x00000007141fc340}> (0x00000007141fc340) 
thrown [s\open\src\hotspot\share\interpreter\linkResolver.cpp, line 1372]
Event: 1.372 Thread 0x00000204aee2ee40 Exception <a 'java/lang/NullPointerException'{0x0000000713e12500}> (0x0000000713e12500) 
thrown [s\open\src\hotspot\share\interpreter\linkResolver.cpp, line 1372]
Event: 1.372 Thread 0x00000204aee2ee40 Exception <a 'java/lang/NullPointerException'{0x0000000713e127e0}> (0x0000000713e127e0) 
thrown [s\open\src\hotspot\share\interpreter\linkResolver.cpp, line 1372]
Event: 1.372 Thread 0x00000204aee2ee40 Exception <a 'java/lang/NullPointerException'{0x0000000713e12ac0}> (0x0000000713e12ac0) 
thrown [s\open\src\hotspot\share\interpreter\linkResolver.cpp, line 1372]
Event: 1.372 Thread 0x00000204aee2ee40 Exception <a 'java/lang/NullPointerException'{0x0000000713e12da0}> (0x0000000713e12da0) 
thrown [s\open\src\hotspot\share\interpreter\linkResolver.cpp, line 1372]
Event: 1.410 Thread 0x00000204aee2ee40 Exception <a 'java/lang/NoSuchMethodError'{0x0000000713e829a0}: 'void java.lang.invoke.DirectMethodHandle$Holder.invokeVirtual(java.lang.Object, java.lang.Object)'> (0x0000000713e829a0) 
thrown [s\open\src\hotspot\share\interpreter\linkResolver.cpp, line 773]
Event: 1.419 Thread 0x00000204aee2ee40 Exception <a 'java/lang/NoSuchMethodError'{0x0000000713e9eef0}: 'void java.lang.invoke.DirectMethodHandle$Holder.invokeStatic(java.lang.Object, java.lang.Object)'> (0x0000000713e9eef0) 
thrown [s\open\src\hotspot\share\interpreter\linkResolver.cpp, line 773]
Event: 1.421 Thread 0x00000204aee2ee40 Exception <a 'java/lang/NoSuchMethodError'{0x0000000713ea1fa8}: 'void java.lang.invoke.DirectMethodHandle$Holder.invokeStaticInit(java.lang.Object, java.lang.Object)'> (0x0000000713ea1fa8) 
thrown [s\open\src\hotspot\share\interpreter\linkResolver.cpp, line 773]
Event: 1.493 Thread 0x00000204aee2ee40 Exception <a 'java/lang/NoSuchMethodError'{0x0000000713eecd78}: 'void java.lang.invoke.DirectMethodHandle$Holder.invokeStatic(java.lang.Object, java.lang.Object, java.lang.Object)'> (0x0000000713eecd78) 
thrown [s\open\src\hotspot\share\interpreter\linkResolver.cpp, line 773]
Event: 1.949 Thread 0x00000204aee2ee40 Exception <a 'java/lang/NoSuchMethodError'{0x0000000713cee358}: 'java.lang.Object java.lang.invoke.DirectMethodHandle$Holder.invokeSpecialIFC(java.lang.Object, java.lang.Object, java.lang.Object, java.lang.Object)'> (0x0000000713cee358) 
thrown [s\open\src\hotspot\share\interpreter\linkResolver.cpp, line 773]

ZGC Phase Switch (0 events):
No events

VM Operations (7 events):
Event: 0.602 Executing VM operation: HandshakeAllThreads (Deoptimize)
Event: 0.603 Executing VM operation: HandshakeAllThreads (Deoptimize) done
Event: 1.287 Executing VM operation: HandshakeAllThreads (Deoptimize)
Event: 1.287 Executing VM operation: HandshakeAllThreads (Deoptimize) done
Event: 1.511 Executing VM operation: HandshakeAllThreads (Deoptimize)
Event: 1.535 Executing VM operation: HandshakeAllThreads (Deoptimize) done
Event: 1.535 Executing VM operation: Cleanup

Events (14 events):
Event: 0.236 Thread 0x00000204aee2ee40 Thread added: 0x00000204aee2ee40
Event: 0.358 Thread 0x00000204d007cbd0 Thread added: 0x00000204d007cbd0
Event: 0.358 Thread 0x00000204d00809a0 Thread added: 0x00000204d00809a0
Event: 0.360 Thread 0x00000204d00814f0 Thread added: 0x00000204d00814f0
Event: 0.360 Thread 0x00000204d0082040 Thread added: 0x00000204d0082040
Event: 0.360 Thread 0x00000204d0082b90 Thread added: 0x00000204d0082b90
Event: 0.360 Thread 0x00000204d0084600 Thread added: 0x00000204d0084600
Event: 0.360 Thread 0x00000204d0085390 Thread added: 0x00000204d0085390
Event: 0.361 Thread 0x00000204d008a850 Thread added: 0x00000204d008a850
Event: 0.406 Thread 0x00000204d02da9c0 Thread added: 0x00000204d02da9c0
Event: 0.413 Thread 0x00000204d02dce50 Thread added: 0x00000204d02dce50
Event: 1.023 Thread 0x00000204d0383350 Thread added: 0x00000204d0383350
Event: 1.194 Thread 0x00000204d0383350 Thread exited: 0x00000204d0383350
Event: 1.296 Thread 0x00000204d05c8a50 Thread added: 0x00000204d05c8a50


Dynamic libraries:
0x00007ff6a1280000 - 0x00007ff6a1290000 	D:\jdk21\bin\java.exe
0x00007ffc36df0000 - 0x00007ffc37007000 	C:\WINDOWS\SYSTEM32\ntdll.dll
0x00007ffc35a40000 - 0x00007ffc35b04000 	C:\WINDOWS\System32\KERNEL32.DLL
0x00007ffc34460000 - 0x00007ffc34832000 	C:\WINDOWS\System32\KERNELBASE.dll
0x00007ffc34960000 - 0x00007ffc34a71000 	C:\WINDOWS\System32\ucrtbase.dll
0x00007ffc18540000 - 0x00007ffc18559000 	D:\jdk21\bin\jli.dll
0x00007ffc36c10000 - 0x00007ffc36cc1000 	C:\WINDOWS\System32\ADVAPI32.dll
0x00007ffc358e0000 - 0x00007ffc35987000 	C:\WINDOWS\System32\msvcrt.dll
0x00007ffc35eb0000 - 0x00007ffc35f58000 	C:\WINDOWS\System32\sechost.dll
0x00007ffc34430000 - 0x00007ffc34458000 	C:\WINDOWS\System32\bcrypt.dll
0x00007ffc357c0000 - 0x00007ffc358d4000 	C:\WINDOWS\System32\RPCRT4.dll
0x00007ffc354b0000 - 0x00007ffc35661000 	C:\WINDOWS\System32\USER32.dll
0x00007ffc34240000 - 0x00007ffc34266000 	C:\WINDOWS\System32\win32u.dll
0x00007ffc34dd0000 - 0x00007ffc34df9000 	C:\WINDOWS\System32\GDI32.dll
0x00007ffc34110000 - 0x00007ffc34233000 	C:\WINDOWS\System32\gdi32full.dll
0x00007ffc348c0000 - 0x00007ffc3495a000 	C:\WINDOWS\System32\msvcp_win.dll
0x00007ffc182b0000 - 0x00007ffc182cb000 	D:\jdk21\bin\VCRUNTIME140.dll
0x00007ffc20540000 - 0x00007ffc207db000 	C:\WINDOWS\WinSxS\amd64_microsoft.windows.common-controls_6595b64144ccf1df_6.0.22621.5547_none_27104afb73855772\COMCTL32.dll
0x00007ffc28810000 - 0x00007ffc2881a000 	C:\WINDOWS\SYSTEM32\VERSION.dll
0x00007ffc34a80000 - 0x00007ffc34ab1000 	C:\WINDOWS\System32\IMM32.DLL
0x00007ffc28190000 - 0x00007ffc2819c000 	D:\jdk21\bin\vcruntime140_1.dll
0x00007ffbe1010000 - 0x00007ffbe109e000 	D:\jdk21\bin\msvcp140.dll
0x00007ffb9a790000 - 0x00007ffb9b4a5000 	D:\jdk21\bin\server\jvm.dll
0x00007ffc34b40000 - 0x00007ffc34bb1000 	C:\WINDOWS\System32\WS2_32.dll
0x00007ffc336e0000 - 0x00007ffc3372d000 	C:\WINDOWS\SYSTEM32\POWRPROF.dll
0x00007ffc29f70000 - 0x00007ffc29fa4000 	C:\WINDOWS\SYSTEM32\WINMM.dll
0x00007ffc33660000 - 0x00007ffc33673000 	C:\WINDOWS\SYSTEM32\UMPDC.dll
0x00007ffc32ee0000 - 0x00007ffc32ef8000 	C:\WINDOWS\SYSTEM32\kernel.appcore.dll
0x00007ffc188e0000 - 0x00007ffc188ea000 	D:\jdk21\bin\jimage.dll
0x00007ffc318b0000 - 0x00007ffc31ae3000 	C:\WINDOWS\SYSTEM32\DBGHELP.DLL
0x00007ffc35b10000 - 0x00007ffc35ea3000 	C:\WINDOWS\System32\combase.dll
0x00007ffc36cd0000 - 0x00007ffc36da7000 	C:\WINDOWS\System32\OLEAUT32.dll
0x00007ffc06330000 - 0x00007ffc06362000 	C:\WINDOWS\SYSTEM32\dbgcore.DLL
0x00007ffc343b0000 - 0x00007ffc3442b000 	C:\WINDOWS\System32\bcryptPrimitives.dll
0x00007ffc18290000 - 0x00007ffc182af000 	D:\jdk21\bin\java.dll
0x00007ffc36340000 - 0x00007ffc36be2000 	C:\WINDOWS\System32\SHELL32.dll
0x00007ffc34270000 - 0x00007ffc343af000 	C:\WINDOWS\System32\wintypes.dll
0x00007ffc31dc0000 - 0x00007ffc326dd000 	C:\WINDOWS\SYSTEM32\windows.storage.dll
0x00007ffc35680000 - 0x00007ffc3578c000 	C:\WINDOWS\System32\SHCORE.dll
0x00007ffc34e00000 - 0x00007ffc34e69000 	C:\WINDOWS\System32\shlwapi.dll
0x00007ffc33e10000 - 0x00007ffc33e3b000 	C:\WINDOWS\SYSTEM32\profapi.dll
0x00007ffbd63f0000 - 0x00007ffbd64c7000 	D:\jdk21\bin\jsvml.dll
0x00007ffc18690000 - 0x00007ffc186a0000 	D:\jdk21\bin\net.dll
0x00007ffc2cec0000 - 0x00007ffc2cfec000 	C:\WINDOWS\SYSTEM32\WINHTTP.dll
0x00007ffc33400000 - 0x00007ffc33469000 	C:\WINDOWS\system32\mswsock.dll
0x00007ffc121f0000 - 0x00007ffc12206000 	D:\jdk21\bin\nio.dll
0x00007ffc056b0000 - 0x00007ffc056c8000 	D:\jdk21\bin\zip.dll
0x00007ffc04f90000 - 0x00007ffc04fb4000 	C:\Users\ASUS\.m2\wrapper\dists\apache-maven-3.9.12\59fe215c0ad6947fea90184bf7add084544567b927287592651fda3782e0e798\lib\jansi-native\Windows\x86_64\jansi.dll
0x00007ffc121e0000 - 0x00007ffc121f0000 	D:\jdk21\bin\verify.dll

dbghelp: loaded successfully - version: 4.0.5 - missing functions: none
symbol engine: initialized successfully - sym options: 0x614 - pdb path: .;D:\jdk21\bin;C:\WINDOWS\SYSTEM32;C:\WINDOWS\WinSxS\amd64_microsoft.windows.common-controls_6595b64144ccf1df_6.0.22621.5547_none_27104afb73855772;D:\jdk21\bin\server;C:\Users\ASUS\.m2\wrapper\dists\apache-maven-3.9.12\59fe215c0ad6947fea90184bf7add084544567b927287592651fda3782e0e798\lib\jansi-native\Windows\x86_64

VM Arguments:
jvm_args: --enable-native-access=ALL-UNNAMED -Dclassworlds.conf=C:\\Users\\ASUS\\.m2\\wrapper\\dists\\apache-maven-3.9.12\\59fe215c0ad6947fea90184bf7add084544567b927287592651fda3782e0e798\\bin\\m2.conf -Dmaven.home=C:\\Users\\ASUS\\.m2\\wrapper\\dists\\apache-maven-3.9.12\\59fe215c0ad6947fea90184bf7add084544567b927287592651fda3782e0e798 -Dlibrary.jansi.path=C:\\Users\\ASUS\\.m2\\wrapper\\dists\\apache-maven-3.9.12\\59fe215c0ad6947fea90184bf7add084544567b927287592651fda3782e0e798\\lib\\jansi-native -Dmaven.multiModuleProjectDirectory=D:\\studymatch\\backend\\chat_service 
java_command: org.codehaus.plexus.classworlds.launcher.Launcher spring-boot:run
java_class_path (initial): C:\\Users\\ASUS\\.m2\\wrapper\\dists\\apache-maven-3.9.12\\59fe215c0ad6947fea90184bf7add084544567b927287592651fda3782e0e798\\boot\\plexus-classworlds-2.9.0.jar
Launcher Type: SUN_STANDARD

[Global flags]
     intx CICompilerCount                          = 4                                         {product} {ergonomic}
     uint ConcGCThreads                            = 2                                         {product} {ergonomic}
     uint G1ConcRefinementThreads                  = 8                                         {product} {ergonomic}
   size_t G1HeapRegionSize                         = 2097152                                   {product} {ergonomic}
    uintx GCDrainStackTargetSize                   = 64                                        {product} {ergonomic}
   size_t InitialHeapSize                          = 264241152                                 {product} {ergonomic}
   size_t MarkStackSize                            = 4194304                                   {product} {ergonomic}
   size_t MaxHeapSize                              = 4217372672                                {product} {ergonomic}
   size_t MaxNewSize                               = 2529165312                                {product} {ergonomic}
   size_t MinHeapDeltaBytes                        = 2097152                                   {product} {ergonomic}
   size_t MinHeapSize                              = 8388608                                   {product} {ergonomic}
    uintx NonNMethodCodeHeapSize                   = 5839372                                {pd product} {ergonomic}
    uintx NonProfiledCodeHeapSize                  = 122909434                              {pd product} {ergonomic}
    uintx ProfiledCodeHeapSize                     = 122909434                              {pd product} {ergonomic}
    uintx ReservedCodeCacheSize                    = 251658240                              {pd product} {ergonomic}
     bool SegmentedCodeCache                       = true                                      {product} {ergonomic}
   size_t SoftMaxHeapSize                          = 4217372672                             {manageable} {ergonomic}
     bool UseCompressedOops                        = true                           {product lp64_product} {ergonomic}
     bool UseG1GC                                  = true                                      {product} {ergonomic}
     bool UseLargePagesIndividualAllocation        = false                                  {pd product} {ergonomic}

Logging:
Log output configuration:
 #0: stdout all=warning uptime,level,tags foldmultilines=false
 #1: stderr all=off uptime,level,tags foldmultilines=false

Environment Variables:
PATH=D:\download\sdk_flutter\flutter_3.27.1\flutter\bin\cache\dart-sdk\bin\;C:\Program Files\Python312\Scripts\;C:\Program Files\Python312\;C:\Program Files\Common Files\Oracle\Java\javapath;C:\WINDOWS\system32;C:\WINDOWS;C:\WINDOWS\System32\Wbem;C:\WINDOWS\System32\WindowsPowerShell\v1.0\;C:\WINDOWS\System32\OpenSSH\;C:\Program Files (x86)\Java\jre1.8.0_351;C:\Program Files\Git\cmd;C:\Program Files (x86)\Microsoft SQL Server\160\Tools\Binn\;C:\Program Files\Microsoft SQL Server\160\Tools\Binn\;C:\Program Files\Microsoft SQL Server\Client SDK\ODBC\170\Tools\Binn\;C:\Program Files\Microsoft SQL Server\160\DTS\Binn\;C:\Program Files\Microsoft SQL Server\150\Tools\Binn\;C:\apache-maven-3.9.9-bin\apache-maven-3.9.9\bin;C:\Program Files\PuTTY\;C:\gradle-8.13\bin;D:\jdk21\bin;C:\Users\YourName\AppData\Roaming\npm;C:\Program Files\dotnet\;D:\download\ngrok-v3-stable-windows-amd64;C:\Users\ASUS\AppData\Local\Android\Sdk\platform-tools;C:\Program Files\nodejs\;C:\Program Files\k6\;C:\Users\ASUS\AppData\Roaming\Python\Python312\Scripts;C:\Users\ASUS\.dotnet\tools;D:\Microsoft VS Code\bin;C:\Program Files\Python312\Scripts;C:\Users\ASUS\AppData\Local\Android\Sdk\platform-tools;C:\Users\ASUS\AppData\Roaming\npm;D:\intellj\IntelliJ IDEA 2025.3.1\bin;C:\Program Files\k6;C:\Users\ASUS\AppData\Roaming\Python\Python312\Scripts;C:\Users\ASUS\AppData\Local\Programs\Antigravity IDE\bin;C:\Users\ASUS\AppData\Local\Pub\Cache\bin;D:\Antigravity IDE\bin;D:\download\sdk_flutter\flutter_3.27.1\flutter\bin;D:\gcloud\google-cloud-sdk\bin;c:\Users\ASUS\.antigravity-ide\extensions\vscjava.vscode-java-debug-0.59.0-universal\bundled\scripts\noConfigScripts;c:\Users\ASUS\.antigravity-ide\extensions\ms-python.debugpy-2026.6.0-win32-x64\bundled\scripts\noConfigScripts
USERNAME=ASUS
LANG=en_US.UTF-8
OS=Windows_NT
PROCESSOR_IDENTIFIER=Intel64 Family 6 Model 140 Stepping 1, GenuineIntel
TMP=C:\Users\ASUS\AppData\Local\Temp
TEMP=C:\Users\ASUS\AppData\Local\Temp




Periodic native trim disabled

---------------  S Y S T E M  ---------------

OS:
 Windows 11 , 64 bit Build 22621 (10.0.22621.5415)
OS uptime: 0 days 5:12 hours
Hyper-V role detected

CPU: total 8 (initial active 8) (4 cores per cpu, 2 threads per core) family 6 model 140 stepping 1 microcode 0x8a, cx8, cmov, fxsr, ht, mmx, 3dnowpref, sse, sse2, sse3, ssse3, sse4.1, sse4.2, popcnt, lzcnt, tsc, tscinvbit, avx, avx2, aes, erms, clmul, bmi1, bmi2, adx, avx512f, avx512dq, avx512cd, avx512bw, avx512vl, sha, fma, vzeroupper, avx512_vpopcntdq, avx512_vpclmulqdq, avx512_vaes, avx512_vnni, clflush, clflushopt, clwb, avx512_vbmi2, avx512_vbmi, hv, rdtscp, rdpid, fsrm, gfni, avx512_bitalg, f16c, cet_ibt, cet_ss, avx512_ifma
Processor Information for processor 0
  Max Mhz: 2419, Current Mhz: 1007, Mhz Limit: 2419
Processor Information for processor 1
  Max Mhz: 2419, Current Mhz: 1612, Mhz Limit: 2419
Processor Information for processor 2
  Max Mhz: 2419, Current Mhz: 1612, Mhz Limit: 2419
Processor Information for processor 3
  Max Mhz: 2419, Current Mhz: 1612, Mhz Limit: 2419
Processor Information for processor 4
  Max Mhz: 2419, Current Mhz: 1612, Mhz Limit: 2419
Processor Information for processor 5
  Max Mhz: 2419, Current Mhz: 1612, Mhz Limit: 2419
Processor Information for processor 6
  Max Mhz: 2419, Current Mhz: 1612, Mhz Limit: 2419
Processor Information for processor 7
  Max Mhz: 2419, Current Mhz: 1612, Mhz Limit: 2419

Memory: 4k page, system-wide physical 16080M (1141M free)
TotalPageFile size 29978M (AvailPageFile size 3M)
current process WorkingSet (physical memory assigned to process): 58M, peak: 58M
current process commit charge ("private bytes"): 345M, peak: 345M

vm_info: Java HotSpot(TM) 64-Bit Server VM (21.0.1+12-LTS-29) for windows-amd64 JRE (21.0.1+12-LTS-29), built on 2023-10-05T13:27:09Z by "mach5one" with MS VC++ 17.1 (VS2022)

END.
