#
# There is insufficient memory for the Java Runtime Environment to continue.
# Native memory allocation (malloc) failed to allocate 75024 bytes for Chunk::new
# Possible reasons:
#   The system is out of physical RAM or swap space
#   The process is running with CompressedOops enabled, and the Java Heap may be blocking the growth of the native heap
# Possible solutions:
#   Reduce memory load on the system
#   Increase physical memory or swap space
#   Check if swap backing store is full
#   Decrease Java heap size (-Xmx/-Xms)
#   Decrease number of Java threads
#   Decrease Java thread stack sizes (-Xss)
#   Set larger code cache with -XX:ReservedCodeCacheSize=
#   JVM is running with Zero Based Compressed Oops mode in which the Java heap is
#     placed in the first 32GB address space. The Java Heap base address is the
#     maximum limit for the native heap growth. Please use -XX:HeapBaseMinAddress
#     to set the Java Heap base and to place the Java Heap above 32GB virtual address.
# This output file may be truncated or incomplete.
#
#  Out of Memory Error (arena.cpp:168), pid=19288, tid=16844
#
# JRE version: Java(TM) SE Runtime Environment (21.0.1+12) (build 21.0.1+12-LTS-29)
# Java VM: Java HotSpot(TM) 64-Bit Server VM (21.0.1+12-LTS-29, mixed mode, sharing, tiered, compressed oops, compressed class ptrs, g1 gc, windows-amd64)
# No core dump will be written. Minidumps are not enabled by default on client versions of Windows
#

---------------  S U M M A R Y ------------

Command Line: -Dclassworlds.conf=C:\\Users\\ASUS\\.m2\\wrapper\\dists\\apache-maven-3.9.12\\59fe215c0ad6947fea90184bf7add084544567b927287592651fda3782e0e798\\bin\\m2.conf -Dmaven.home=C:\\Users\\ASUS\\.m2\\wrapper\\dists\\apache-maven-3.9.12\\59fe215c0ad6947fea90184bf7add084544567b927287592651fda3782e0e798 -Dlibrary.jansi.path=C:\\Users\\ASUS\\.m2\\wrapper\\dists\\apache-maven-3.9.12\\59fe215c0ad6947fea90184bf7add084544567b927287592651fda3782e0e798\\lib\\jansi-native -Dmaven.multiModuleProjectDirectory=D:\\studymatch\\backend\\user_service org.codehaus.plexus.classworlds.launcher.Launcher spring-boot:run

Host: 11th Gen Intel(R) Core(TM) i5-1135G7 @ 2.40GHz, 8 cores, 15G,  Windows 11 , 64 bit Build 22621 (10.0.22621.5415)
Time: Mon Jul 20 14:06:17 2026 SE Asia Standard Time elapsed time: 3.491900 seconds (0d 0h 0m 3s)

---------------  T H R E A D  ---------------

Current thread (0x0000023dd1276940):  JavaThread "C2 CompilerThread0" daemon [_thread_in_native, id=16844, stack(0x000000cc0dc00000,0x000000cc0dd00000) (1024K)]


Current CompileTask:
C2:   3492 1120       4       sun.nio.cs.StreamDecoder::lockedRead (189 bytes)

Stack: [0x000000cc0dc00000,0x000000cc0dd00000]
Native frames: (J=compiled Java code, j=interpreted, Vv=VM code, C=native code)
V  [jvm.dll+0x6c9029]
V  [jvm.dll+0x854b81]
V  [jvm.dll+0x856e5e]
V  [jvm.dll+0x857543]
V  [jvm.dll+0x280c06]
V  [jvm.dll+0xc3ead]
V  [jvm.dll+0xc43c3]
V  [jvm.dll+0x13f83f]
V  [jvm.dll+0x654072]
V  [jvm.dll+0x65886b]
V  [jvm.dll+0x249955]
V  [jvm.dll+0x2490b1]
V  [jvm.dll+0x1c9ca1]
V  [jvm.dll+0x2586b9]
V  [jvm.dll+0x256c9a]
V  [jvm.dll+0x3ef1b6]
V  [jvm.dll+0x7fd728]
V  [jvm.dll+0x6c777d]
C  [ucrtbase.dll+0x29333]
C  [KERNEL32.DLL+0x1259d]
C  [ntdll.dll+0x5af78]


---------------  P R O C E S S  ---------------

Threads class SMR info:
_java_thread_list=0x0000023dd1f2e5c0, length=13, elements={
0x0000023db001dc30, 0x0000023dd126dc20, 0x0000023dd126fc90, 0x0000023dd1272aa0,
0x0000023dd12735f0, 0x0000023dd1274140, 0x0000023dd1275bb0, 0x0000023dd1276940,
0x0000023dd127b740, 0x0000023dd14df450, 0x0000023dd14e0ad0, 0x0000023dd1ee3be0,
0x0000023dd1fafc40
}

Java Threads: ( => current thread )
  0x0000023db001dc30 JavaThread "main"                              [_thread_in_vm, id=5668, stack(0x000000cc0ce00000,0x000000cc0cf00000) (1024K)]
  0x0000023dd126dc20 JavaThread "Reference Handler"          daemon [_thread_blocked, id=14736, stack(0x000000cc0d600000,0x000000cc0d700000) (1024K)]
  0x0000023dd126fc90 JavaThread "Finalizer"                  daemon [_thread_blocked, id=24220, stack(0x000000cc0d700000,0x000000cc0d800000) (1024K)]
  0x0000023dd1272aa0 JavaThread "Signal Dispatcher"          daemon [_thread_blocked, id=22280, stack(0x000000cc0d800000,0x000000cc0d900000) (1024K)]
  0x0000023dd12735f0 JavaThread "Attach Listener"            daemon [_thread_blocked, id=11288, stack(0x000000cc0d900000,0x000000cc0da00000) (1024K)]
  0x0000023dd1274140 JavaThread "Service Thread"             daemon [_thread_blocked, id=16732, stack(0x000000cc0da00000,0x000000cc0db00000) (1024K)]
  0x0000023dd1275bb0 JavaThread "Monitor Deflation Thread"   daemon [_thread_blocked, id=25552, stack(0x000000cc0db00000,0x000000cc0dc00000) (1024K)]
=>0x0000023dd1276940 JavaThread "C2 CompilerThread0"         daemon [_thread_in_native, id=16844, stack(0x000000cc0dc00000,0x000000cc0dd00000) (1024K)]
  0x0000023dd127b740 JavaThread "C1 CompilerThread0"         daemon [_thread_blocked, id=19992, stack(0x000000cc0dd00000,0x000000cc0de00000) (1024K)]
  0x0000023dd14df450 JavaThread "Notification Thread"        daemon [_thread_blocked, id=25584, stack(0x000000cc0de00000,0x000000cc0df00000) (1024K)]
  0x0000023dd14e0ad0 JavaThread "Common-Cleaner"             daemon [_thread_blocked, id=11212, stack(0x000000cc0df00000,0x000000cc0e000000) (1024K)]
  0x0000023dd1ee3be0 JavaThread "C2 CompilerThread1"         daemon [_thread_in_native, id=10564, stack(0x000000cc0e000000,0x000000cc0e100000) (1024K)]
  0x0000023dd1fafc40 JavaThread "C2 CompilerThread2"         daemon [_thread_in_native, id=14932, stack(0x000000cc0e100000,0x000000cc0e200000) (1024K)]
Total: 13

Other Threads:
  0x0000023db2282310 VMThread "VM Thread"                           [id=22096, stack(0x000000cc0d500000,0x000000cc0d600000) (1024K)]
  0x0000023dd1235c40 WatcherThread "VM Periodic Task Thread"        [id=24948, stack(0x000000cc0d400000,0x000000cc0d500000) (1024K)]
  0x0000023db2282df0 WorkerThread "GC Thread#0"                     [id=23780, stack(0x000000cc0cf00000,0x000000cc0d000000) (1024K)]
  0x0000023db2282a50 WorkerThread "GC Thread#1"                     [id=18152, stack(0x000000cc0e200000,0x000000cc0e300000) (1024K)]
  0x0000023db2281830 WorkerThread "GC Thread#2"                     [id=21776, stack(0x000000cc0e300000,0x000000cc0e400000) (1024K)]
  0x0000023db2281bd0 WorkerThread "GC Thread#3"                     [id=25188, stack(0x000000cc0e400000,0x000000cc0e500000) (1024K)]
  0x0000023db2281f70 WorkerThread "GC Thread#4"                     [id=19912, stack(0x000000cc0e500000,0x000000cc0e600000) (1024K)]
  0x0000023e17370730 WorkerThread "GC Thread#5"                     [id=3220, stack(0x000000cc0e600000,0x000000cc0e700000) (1024K)]
  0x0000023e1736f170 WorkerThread "GC Thread#6"                     [id=24884, stack(0x000000cc0e700000,0x000000cc0e800000) (1024K)]
  0x0000023e17371cf0 WorkerThread "GC Thread#7"                     [id=13020, stack(0x000000cc0e800000,0x000000cc0e900000) (1024K)]
  0x0000023db2293f80 ConcurrentGCThread "G1 Main Marker"            [id=10652, stack(0x000000cc0d000000,0x000000cc0d100000) (1024K)]
  0x0000023db22826b0 WorkerThread "G1 Conc#0"                       [id=1724, stack(0x000000cc0d100000,0x000000cc0d200000) (1024K)]
  0x0000023db22de360 ConcurrentGCThread "G1 Refine#0"               [id=12548, stack(0x000000cc0d200000,0x000000cc0d300000) (1024K)]
  0x0000023dd1109520 ConcurrentGCThread "G1 Service"                [id=2720, stack(0x000000cc0d300000,0x000000cc0d400000) (1024K)]
Total: 14

Threads with active compile tasks:
C2 CompilerThread0     3533 1120       4       sun.nio.cs.StreamDecoder::lockedRead (189 bytes)
C2 CompilerThread1     3533 1121   !   4       sun.nio.cs.StreamDecoder::read (78 bytes)
C2 CompilerThread2     3533 1177       4       org.codehaus.plexus.util.xml.pull.MXParser::nextImpl (1208 bytes)
Total: 3

VM state: not at safepoint (normal execution)

VM Mutex/Monitor currently owned by a thread: None

Heap address: 0x0000000704a00000, size: 4022 MB, Compressed Oops mode: Zero based, Oop shift amount: 3

CDS archive(s) mapped at: [0x0000023dd2000000-0x0000023dd2c90000-0x0000023dd2c90000), size 13172736, SharedBaseAddress: 0x0000023dd2000000, ArchiveRelocationMode: 1.
Compressed class space mapped at: 0x0000023dd3000000-0x0000023e13000000, reserved size: 1073741824
Narrow klass base: 0x0000023dd2000000, Narrow klass shift: 0, Narrow klass range: 0x100000000

GC Precious Log:
 CardTable entry size: 512
 Card Set container configuration: InlinePtr #cards 4 size 8 Array Of Cards #cards 16 size 48 Howl #buckets 8 coarsen threshold 3686 Howl Bitmap #cards 512 size 80 coarsen threshold 460 Card regions per heap region 1 cards per card region 4096
 CPUs: 8 total, 8 available
 Memory: 16080M
 Large Page Support: Disabled
 NUMA Support: Disabled
 Compressed Oops: Enabled (Zero based)
 Heap Region Size: 2M
 Heap Min Capacity: 8M
 Heap Initial Capacity: 252M
 Heap Max Capacity: 4022M
 Pre-touch: Disabled
 Parallel Workers: 8
 Concurrent Workers: 2
 Concurrent Refinement Workers: 8
 Periodic GC: Disabled

Heap:
 garbage-first heap   total 258048K, used 7862K [0x0000000704a00000, 0x0000000800000000)
  region size 2048K, 5 young (10240K), 2 survivors (4096K)
 Metaspace       used 5744K, committed 5952K, reserved 1114112K
  class space    used 672K, committed 768K, reserved 1048576K

Heap Regions: E=young(eden), S=young(survivor), O=old, HS=humongous(starts), HC=humongous(continues), CS=collection set, F=free, TAMS=top-at-mark-start, PB=parsable bottom
|   0|0x0000000704a00000, 0x0000000704a00000, 0x0000000704c00000|  0%| F|  |TAMS 0x0000000704a00000| PB 0x0000000704a00000| Untracked 
|   1|0x0000000704c00000, 0x0000000704c00000, 0x0000000704e00000|  0%| F|  |TAMS 0x0000000704c00000| PB 0x0000000704c00000| Untracked 
|   2|0x0000000704e00000, 0x0000000704e00000, 0x0000000705000000|  0%| F|  |TAMS 0x0000000704e00000| PB 0x0000000704e00000| Untracked 
|   3|0x0000000705000000, 0x0000000705000000, 0x0000000705200000|  0%| F|  |TAMS 0x0000000705000000| PB 0x0000000705000000| Untracked 
|   4|0x0000000705200000, 0x0000000705200000, 0x0000000705400000|  0%| F|  |TAMS 0x0000000705200000| PB 0x0000000705200000| Untracked 
|   5|0x0000000705400000, 0x0000000705400000, 0x0000000705600000|  0%| F|  |TAMS 0x0000000705400000| PB 0x0000000705400000| Untracked 
|   6|0x0000000705600000, 0x0000000705600000, 0x0000000705800000|  0%| F|  |TAMS 0x0000000705600000| PB 0x0000000705600000| Untracked 
|   7|0x0000000705800000, 0x0000000705800000, 0x0000000705a00000|  0%| F|  |TAMS 0x0000000705800000| PB 0x0000000705800000| Untracked 
|   8|0x0000000705a00000, 0x0000000705a00000, 0x0000000705c00000|  0%| F|  |TAMS 0x0000000705a00000| PB 0x0000000705a00000| Untracked 
|   9|0x0000000705c00000, 0x0000000705c00000, 0x0000000705e00000|  0%| F|  |TAMS 0x0000000705c00000| PB 0x0000000705c00000| Untracked 
|  10|0x0000000705e00000, 0x0000000705e00000, 0x0000000706000000|  0%| F|  |TAMS 0x0000000705e00000| PB 0x0000000705e00000| Untracked 
|  11|0x0000000706000000, 0x0000000706000000, 0x0000000706200000|  0%| F|  |TAMS 0x0000000706000000| PB 0x0000000706000000| Untracked 
|  12|0x0000000706200000, 0x0000000706200000, 0x0000000706400000|  0%| F|  |TAMS 0x0000000706200000| PB 0x0000000706200000| Untracked 
|  13|0x0000000706400000, 0x0000000706400000, 0x0000000706600000|  0%| F|  |TAMS 0x0000000706400000| PB 0x0000000706400000| Untracked 
|  14|0x0000000706600000, 0x0000000706600000, 0x0000000706800000|  0%| F|  |TAMS 0x0000000706600000| PB 0x0000000706600000| Untracked 
|  15|0x0000000706800000, 0x0000000706800000, 0x0000000706a00000|  0%| F|  |TAMS 0x0000000706800000| PB 0x0000000706800000| Untracked 
|  16|0x0000000706a00000, 0x0000000706a00000, 0x0000000706c00000|  0%| F|  |TAMS 0x0000000706a00000| PB 0x0000000706a00000| Untracked 
|  17|0x0000000706c00000, 0x0000000706c00000, 0x0000000706e00000|  0%| F|  |TAMS 0x0000000706c00000| PB 0x0000000706c00000| Untracked 
|  18|0x0000000706e00000, 0x0000000706e00000, 0x0000000707000000|  0%| F|  |TAMS 0x0000000706e00000| PB 0x0000000706e00000| Untracked 
|  19|0x0000000707000000, 0x0000000707000000, 0x0000000707200000|  0%| F|  |TAMS 0x0000000707000000| PB 0x0000000707000000| Untracked 
|  20|0x0000000707200000, 0x0000000707200000, 0x0000000707400000|  0%| F|  |TAMS 0x0000000707200000| PB 0x0000000707200000| Untracked 
|  21|0x0000000707400000, 0x0000000707400000, 0x0000000707600000|  0%| F|  |TAMS 0x0000000707400000| PB 0x0000000707400000| Untracked 
|  22|0x0000000707600000, 0x0000000707600000, 0x0000000707800000|  0%| F|  |TAMS 0x0000000707600000| PB 0x0000000707600000| Untracked 
|  23|0x0000000707800000, 0x0000000707800000, 0x0000000707a00000|  0%| F|  |TAMS 0x0000000707800000| PB 0x0000000707800000| Untracked 
|  24|0x0000000707a00000, 0x0000000707a00000, 0x0000000707c00000|  0%| F|  |TAMS 0x0000000707a00000| PB 0x0000000707a00000| Untracked 
|  25|0x0000000707c00000, 0x0000000707c00000, 0x0000000707e00000|  0%| F|  |TAMS 0x0000000707c00000| PB 0x0000000707c00000| Untracked 
|  26|0x0000000707e00000, 0x0000000707e00000, 0x0000000708000000|  0%| F|  |TAMS 0x0000000707e00000| PB 0x0000000707e00000| Untracked 
|  27|0x0000000708000000, 0x0000000708000000, 0x0000000708200000|  0%| F|  |TAMS 0x0000000708000000| PB 0x0000000708000000| Untracked 
|  28|0x0000000708200000, 0x0000000708200000, 0x0000000708400000|  0%| F|  |TAMS 0x0000000708200000| PB 0x0000000708200000| Untracked 
|  29|0x0000000708400000, 0x0000000708400000, 0x0000000708600000|  0%| F|  |TAMS 0x0000000708400000| PB 0x0000000708400000| Untracked 
|  30|0x0000000708600000, 0x0000000708600000, 0x0000000708800000|  0%| F|  |TAMS 0x0000000708600000| PB 0x0000000708600000| Untracked 
|  31|0x0000000708800000, 0x0000000708800000, 0x0000000708a00000|  0%| F|  |TAMS 0x0000000708800000| PB 0x0000000708800000| Untracked 
|  32|0x0000000708a00000, 0x0000000708a00000, 0x0000000708c00000|  0%| F|  |TAMS 0x0000000708a00000| PB 0x0000000708a00000| Untracked 
|  33|0x0000000708c00000, 0x0000000708c00000, 0x0000000708e00000|  0%| F|  |TAMS 0x0000000708c00000| PB 0x0000000708c00000| Untracked 
|  34|0x0000000708e00000, 0x0000000708e00000, 0x0000000709000000|  0%| F|  |TAMS 0x0000000708e00000| PB 0x0000000708e00000| Untracked 
|  35|0x0000000709000000, 0x0000000709000000, 0x0000000709200000|  0%| F|  |TAMS 0x0000000709000000| PB 0x0000000709000000| Untracked 
|  36|0x0000000709200000, 0x0000000709200000, 0x0000000709400000|  0%| F|  |TAMS 0x0000000709200000| PB 0x0000000709200000| Untracked 
|  37|0x0000000709400000, 0x0000000709400000, 0x0000000709600000|  0%| F|  |TAMS 0x0000000709400000| PB 0x0000000709400000| Untracked 
|  38|0x0000000709600000, 0x0000000709600000, 0x0000000709800000|  0%| F|  |TAMS 0x0000000709600000| PB 0x0000000709600000| Untracked 
|  39|0x0000000709800000, 0x0000000709800000, 0x0000000709a00000|  0%| F|  |TAMS 0x0000000709800000| PB 0x0000000709800000| Untracked 
|  40|0x0000000709a00000, 0x0000000709a00000, 0x0000000709c00000|  0%| F|  |TAMS 0x0000000709a00000| PB 0x0000000709a00000| Untracked 
|  41|0x0000000709c00000, 0x0000000709c00000, 0x0000000709e00000|  0%| F|  |TAMS 0x0000000709c00000| PB 0x0000000709c00000| Untracked 
|  42|0x0000000709e00000, 0x0000000709e00000, 0x000000070a000000|  0%| F|  |TAMS 0x0000000709e00000| PB 0x0000000709e00000| Untracked 
|  43|0x000000070a000000, 0x000000070a000000, 0x000000070a200000|  0%| F|  |TAMS 0x000000070a000000| PB 0x000000070a000000| Untracked 
|  44|0x000000070a200000, 0x000000070a200000, 0x000000070a400000|  0%| F|  |TAMS 0x000000070a200000| PB 0x000000070a200000| Untracked 
|  45|0x000000070a400000, 0x000000070a400000, 0x000000070a600000|  0%| F|  |TAMS 0x000000070a400000| PB 0x000000070a400000| Untracked 
|  46|0x000000070a600000, 0x000000070a600000, 0x000000070a800000|  0%| F|  |TAMS 0x000000070a600000| PB 0x000000070a600000| Untracked 
|  47|0x000000070a800000, 0x000000070a800000, 0x000000070aa00000|  0%| F|  |TAMS 0x000000070a800000| PB 0x000000070a800000| Untracked 
|  48|0x000000070aa00000, 0x000000070aa00000, 0x000000070ac00000|  0%| F|  |TAMS 0x000000070aa00000| PB 0x000000070aa00000| Untracked 
|  49|0x000000070ac00000, 0x000000070ac00000, 0x000000070ae00000|  0%| F|  |TAMS 0x000000070ac00000| PB 0x000000070ac00000| Untracked 
|  50|0x000000070ae00000, 0x000000070ae00000, 0x000000070b000000|  0%| F|  |TAMS 0x000000070ae00000| PB 0x000000070ae00000| Untracked 
|  51|0x000000070b000000, 0x000000070b000000, 0x000000070b200000|  0%| F|  |TAMS 0x000000070b000000| PB 0x000000070b000000| Untracked 
|  52|0x000000070b200000, 0x000000070b200000, 0x000000070b400000|  0%| F|  |TAMS 0x000000070b200000| PB 0x000000070b200000| Untracked 
|  53|0x000000070b400000, 0x000000070b400000, 0x000000070b600000|  0%| F|  |TAMS 0x000000070b400000| PB 0x000000070b400000| Untracked 
|  54|0x000000070b600000, 0x000000070b600000, 0x000000070b800000|  0%| F|  |TAMS 0x000000070b600000| PB 0x000000070b600000| Untracked 
|  55|0x000000070b800000, 0x000000070b800000, 0x000000070ba00000|  0%| F|  |TAMS 0x000000070b800000| PB 0x000000070b800000| Untracked 
|  56|0x000000070ba00000, 0x000000070ba00000, 0x000000070bc00000|  0%| F|  |TAMS 0x000000070ba00000| PB 0x000000070ba00000| Untracked 
|  57|0x000000070bc00000, 0x000000070bc00000, 0x000000070be00000|  0%| F|  |TAMS 0x000000070bc00000| PB 0x000000070bc00000| Untracked 
|  58|0x000000070be00000, 0x000000070be00000, 0x000000070c000000|  0%| F|  |TAMS 0x000000070be00000| PB 0x000000070be00000| Untracked 
|  59|0x000000070c000000, 0x000000070c000000, 0x000000070c200000|  0%| F|  |TAMS 0x000000070c000000| PB 0x000000070c000000| Untracked 
|  60|0x000000070c200000, 0x000000070c200000, 0x000000070c400000|  0%| F|  |TAMS 0x000000070c200000| PB 0x000000070c200000| Untracked 
|  61|0x000000070c400000, 0x000000070c400000, 0x000000070c600000|  0%| F|  |TAMS 0x000000070c400000| PB 0x000000070c400000| Untracked 
|  62|0x000000070c600000, 0x000000070c600000, 0x000000070c800000|  0%| F|  |TAMS 0x000000070c600000| PB 0x000000070c600000| Untracked 
|  63|0x000000070c800000, 0x000000070c800000, 0x000000070ca00000|  0%| F|  |TAMS 0x000000070c800000| PB 0x000000070c800000| Untracked 
|  64|0x000000070ca00000, 0x000000070ca00000, 0x000000070cc00000|  0%| F|  |TAMS 0x000000070ca00000| PB 0x000000070ca00000| Untracked 
|  65|0x000000070cc00000, 0x000000070cc00000, 0x000000070ce00000|  0%| F|  |TAMS 0x000000070cc00000| PB 0x000000070cc00000| Untracked 
|  66|0x000000070ce00000, 0x000000070ce00000, 0x000000070d000000|  0%| F|  |TAMS 0x000000070ce00000| PB 0x000000070ce00000| Untracked 
|  67|0x000000070d000000, 0x000000070d000000, 0x000000070d200000|  0%| F|  |TAMS 0x000000070d000000| PB 0x000000070d000000| Untracked 
|  68|0x000000070d200000, 0x000000070d200000, 0x000000070d400000|  0%| F|  |TAMS 0x000000070d200000| PB 0x000000070d200000| Untracked 
|  69|0x000000070d400000, 0x000000070d400000, 0x000000070d600000|  0%| F|  |TAMS 0x000000070d400000| PB 0x000000070d400000| Untracked 
|  70|0x000000070d600000, 0x000000070d600000, 0x000000070d800000|  0%| F|  |TAMS 0x000000070d600000| PB 0x000000070d600000| Untracked 
|  71|0x000000070d800000, 0x000000070d800000, 0x000000070da00000|  0%| F|  |TAMS 0x000000070d800000| PB 0x000000070d800000| Untracked 
|  72|0x000000070da00000, 0x000000070da00000, 0x000000070dc00000|  0%| F|  |TAMS 0x000000070da00000| PB 0x000000070da00000| Untracked 
|  73|0x000000070dc00000, 0x000000070dc00000, 0x000000070de00000|  0%| F|  |TAMS 0x000000070dc00000| PB 0x000000070dc00000| Untracked 
|  74|0x000000070de00000, 0x000000070de00000, 0x000000070e000000|  0%| F|  |TAMS 0x000000070de00000| PB 0x000000070de00000| Untracked 
|  75|0x000000070e000000, 0x000000070e000000, 0x000000070e200000|  0%| F|  |TAMS 0x000000070e000000| PB 0x000000070e000000| Untracked 
|  76|0x000000070e200000, 0x000000070e200000, 0x000000070e400000|  0%| F|  |TAMS 0x000000070e200000| PB 0x000000070e200000| Untracked 
|  77|0x000000070e400000, 0x000000070e400000, 0x000000070e600000|  0%| F|  |TAMS 0x000000070e400000| PB 0x000000070e400000| Untracked 
|  78|0x000000070e600000, 0x000000070e600000, 0x000000070e800000|  0%| F|  |TAMS 0x000000070e600000| PB 0x000000070e600000| Untracked 
|  79|0x000000070e800000, 0x000000070e800000, 0x000000070ea00000|  0%| F|  |TAMS 0x000000070e800000| PB 0x000000070e800000| Untracked 
|  80|0x000000070ea00000, 0x000000070ea00000, 0x000000070ec00000|  0%| F|  |TAMS 0x000000070ea00000| PB 0x000000070ea00000| Untracked 
|  81|0x000000070ec00000, 0x000000070ec00000, 0x000000070ee00000|  0%| F|  |TAMS 0x000000070ec00000| PB 0x000000070ec00000| Untracked 
|  82|0x000000070ee00000, 0x000000070ee00000, 0x000000070f000000|  0%| F|  |TAMS 0x000000070ee00000| PB 0x000000070ee00000| Untracked 
|  83|0x000000070f000000, 0x000000070f000000, 0x000000070f200000|  0%| F|  |TAMS 0x000000070f000000| PB 0x000000070f000000| Untracked 
|  84|0x000000070f200000, 0x000000070f200000, 0x000000070f400000|  0%| F|  |TAMS 0x000000070f200000| PB 0x000000070f200000| Untracked 
|  85|0x000000070f400000, 0x000000070f400000, 0x000000070f600000|  0%| F|  |TAMS 0x000000070f400000| PB 0x000000070f400000| Untracked 
|  86|0x000000070f600000, 0x000000070f600000, 0x000000070f800000|  0%| F|  |TAMS 0x000000070f600000| PB 0x000000070f600000| Untracked 
|  87|0x000000070f800000, 0x000000070f800000, 0x000000070fa00000|  0%| F|  |TAMS 0x000000070f800000| PB 0x000000070f800000| Untracked 
|  88|0x000000070fa00000, 0x000000070fa00000, 0x000000070fc00000|  0%| F|  |TAMS 0x000000070fa00000| PB 0x000000070fa00000| Untracked 
|  89|0x000000070fc00000, 0x000000070fc00000, 0x000000070fe00000|  0%| F|  |TAMS 0x000000070fc00000| PB 0x000000070fc00000| Untracked 
|  90|0x000000070fe00000, 0x000000070fe00000, 0x0000000710000000|  0%| F|  |TAMS 0x000000070fe00000| PB 0x000000070fe00000| Untracked 
|  91|0x0000000710000000, 0x0000000710000000, 0x0000000710200000|  0%| F|  |TAMS 0x0000000710000000| PB 0x0000000710000000| Untracked 
|  92|0x0000000710200000, 0x0000000710200000, 0x0000000710400000|  0%| F|  |TAMS 0x0000000710200000| PB 0x0000000710200000| Untracked 
|  93|0x0000000710400000, 0x0000000710400000, 0x0000000710600000|  0%| F|  |TAMS 0x0000000710400000| PB 0x0000000710400000| Untracked 
|  94|0x0000000710600000, 0x0000000710600000, 0x0000000710800000|  0%| F|  |TAMS 0x0000000710600000| PB 0x0000000710600000| Untracked 
|  95|0x0000000710800000, 0x0000000710800000, 0x0000000710a00000|  0%| F|  |TAMS 0x0000000710800000| PB 0x0000000710800000| Untracked 
|  96|0x0000000710a00000, 0x0000000710a00000, 0x0000000710c00000|  0%| F|  |TAMS 0x0000000710a00000| PB 0x0000000710a00000| Untracked 
|  97|0x0000000710c00000, 0x0000000710c00000, 0x0000000710e00000|  0%| F|  |TAMS 0x0000000710c00000| PB 0x0000000710c00000| Untracked 
|  98|0x0000000710e00000, 0x0000000710e00000, 0x0000000711000000|  0%| F|  |TAMS 0x0000000710e00000| PB 0x0000000710e00000| Untracked 
|  99|0x0000000711000000, 0x0000000711000000, 0x0000000711200000|  0%| F|  |TAMS 0x0000000711000000| PB 0x0000000711000000| Untracked 
| 100|0x0000000711200000, 0x0000000711200000, 0x0000000711400000|  0%| F|  |TAMS 0x0000000711200000| PB 0x0000000711200000| Untracked 
| 101|0x0000000711400000, 0x0000000711400000, 0x0000000711600000|  0%| F|  |TAMS 0x0000000711400000| PB 0x0000000711400000| Untracked 
| 102|0x0000000711600000, 0x0000000711600000, 0x0000000711800000|  0%| F|  |TAMS 0x0000000711600000| PB 0x0000000711600000| Untracked 
| 103|0x0000000711800000, 0x0000000711800000, 0x0000000711a00000|  0%| F|  |TAMS 0x0000000711800000| PB 0x0000000711800000| Untracked 
| 104|0x0000000711a00000, 0x0000000711a00000, 0x0000000711c00000|  0%| F|  |TAMS 0x0000000711a00000| PB 0x0000000711a00000| Untracked 
| 105|0x0000000711c00000, 0x0000000711c00000, 0x0000000711e00000|  0%| F|  |TAMS 0x0000000711c00000| PB 0x0000000711c00000| Untracked 
| 106|0x0000000711e00000, 0x0000000711e00000, 0x0000000712000000|  0%| F|  |TAMS 0x0000000711e00000| PB 0x0000000711e00000| Untracked 
| 107|0x0000000712000000, 0x0000000712000000, 0x0000000712200000|  0%| F|  |TAMS 0x0000000712000000| PB 0x0000000712000000| Untracked 
| 108|0x0000000712200000, 0x0000000712200000, 0x0000000712400000|  0%| F|  |TAMS 0x0000000712200000| PB 0x0000000712200000| Untracked 
| 109|0x0000000712400000, 0x0000000712400000, 0x0000000712600000|  0%| F|  |TAMS 0x0000000712400000| PB 0x0000000712400000| Untracked 
| 110|0x0000000712600000, 0x0000000712600000, 0x0000000712800000|  0%| F|  |TAMS 0x0000000712600000| PB 0x0000000712600000| Untracked 
| 111|0x0000000712800000, 0x0000000712800000, 0x0000000712a00000|  0%| F|  |TAMS 0x0000000712800000| PB 0x0000000712800000| Untracked 
| 112|0x0000000712a00000, 0x0000000712a00000, 0x0000000712c00000|  0%| F|  |TAMS 0x0000000712a00000| PB 0x0000000712a00000| Untracked 
| 113|0x0000000712c00000, 0x0000000712dad990, 0x0000000712e00000| 83%| S|CS|TAMS 0x0000000712c00000| PB 0x0000000712c00000| Complete 
| 114|0x0000000712e00000, 0x0000000713000000, 0x0000000713000000|100%| S|CS|TAMS 0x0000000712e00000| PB 0x0000000712e00000| Complete 
| 115|0x0000000713000000, 0x0000000713000000, 0x0000000713200000|  0%| F|  |TAMS 0x0000000713000000| PB 0x0000000713000000| Untracked 
| 116|0x0000000713200000, 0x0000000713200000, 0x0000000713400000|  0%| F|  |TAMS 0x0000000713200000| PB 0x0000000713200000| Untracked 
| 117|0x0000000713400000, 0x0000000713400000, 0x0000000713600000|  0%| F|  |TAMS 0x0000000713400000| PB 0x0000000713400000| Untracked 
| 118|0x0000000713600000, 0x0000000713600000, 0x0000000713800000|  0%| F|  |TAMS 0x0000000713600000| PB 0x0000000713600000| Untracked 
| 119|0x0000000713800000, 0x0000000713800000, 0x0000000713a00000|  0%| F|  |TAMS 0x0000000713800000| PB 0x0000000713800000| Untracked 
| 120|0x0000000713a00000, 0x0000000713a00000, 0x0000000713c00000|  0%| F|  |TAMS 0x0000000713a00000| PB 0x0000000713a00000| Untracked 
| 121|0x0000000713c00000, 0x0000000713c00000, 0x0000000713e00000|  0%| F|  |TAMS 0x0000000713c00000| PB 0x0000000713c00000| Untracked 
| 122|0x0000000713e00000, 0x0000000713e00000, 0x0000000714000000|  0%| F|  |TAMS 0x0000000713e00000| PB 0x0000000713e00000| Untracked 
| 123|0x0000000714000000, 0x000000071415f0f0, 0x0000000714200000| 68%| E|  |TAMS 0x0000000714000000| PB 0x0000000714000000| Complete 
| 124|0x0000000714200000, 0x0000000714400000, 0x0000000714400000|100%| E|CS|TAMS 0x0000000714200000| PB 0x0000000714200000| Complete 
| 125|0x0000000714400000, 0x0000000714600000, 0x0000000714600000|100%| E|CS|TAMS 0x0000000714400000| PB 0x0000000714400000| Complete 

Card table byte_map: [0x0000023dca180000,0x0000023dca960000] _byte_map_base: 0x0000023dc695b000

Marking Bits: (CMBitMap*) 0x0000023db2283b50
 Bits: [0x0000023dca960000, 0x0000023dce838000)

Polling page: 0x0000023db19e0000

Metaspace:

Usage:
  Non-class:      4.96 MB used.
      Class:    675.84 KB used.
       Both:      5.62 MB used.

Virtual space:
  Non-class space:       64.00 MB reserved,       5.06 MB (  8%) committed,  1 nodes.
      Class space:        1.00 GB reserved,     768.00 KB ( <1%) committed,  1 nodes.
             Both:        1.06 GB reserved,       5.81 MB ( <1%) committed. 

Chunk freelists:
   Non-Class:  9.06 MB
       Class:  15.27 MB
        Both:  24.33 MB

MaxMetaspaceSize: unlimited
CompressedClassSpaceSize: 1.00 GB
Initial GC threshold: 21.00 MB
Current GC threshold: 21.00 MB
CDS: on
 - commit_granule_bytes: 65536.
 - commit_granule_words: 8192.
 - virtual_space_node_default_size: 8388608.
 - enlarge_chunks_in_place: 1.
 - use_allocation_guard: 0.


Internal statistics:

num_allocs_failed_limit: 0.
num_arena_births: 66.
num_arena_deaths: 0.
num_vsnodes_births: 2.
num_vsnodes_deaths: 0.
num_space_committed: 93.
num_space_uncommitted: 0.
num_chunks_returned_to_freelist: 0.
num_chunks_taken_from_freelist: 233.
num_chunk_merges: 0.
num_chunk_splits: 150.
num_chunks_enlarged: 121.
num_inconsistent_stats: 0.

CodeHeap 'non-profiled nmethods': size=120000Kb used=417Kb max_used=417Kb free=119582Kb
 bounds [0x0000023dc2140000, 0x0000023dc23b0000, 0x0000023dc9670000]
CodeHeap 'profiled nmethods': size=120000Kb used=2346Kb max_used=2346Kb free=117653Kb
 bounds [0x0000023dba670000, 0x0000023dba8e0000, 0x0000023dc1ba0000]
CodeHeap 'non-nmethods': size=5760Kb used=1491Kb max_used=1518Kb free=4268Kb
 bounds [0x0000023dc1ba0000, 0x0000023dc1e10000, 0x0000023dc2140000]
 total_blobs=1628 nmethods=1166 adapters=367
 compilation: enabled
              stopped_count=0, restarted_count=0
 full_count=0

Compilation events (20 events):
Event: 3.138 Thread 0x0000023dd127b740 1113       3       java.nio.CharBuffer::<init> (24 bytes)
Event: 3.138 Thread 0x0000023dd127b740 nmethod 1113 0x0000023dba89be10 code [0x0000023dba89bfc0, 0x0000023dba89c178]
Event: 3.139 Thread 0x0000023dd127b740 1114       3       java.nio.CharBuffer::limit (6 bytes)
Event: 3.139 Thread 0x0000023dd127b740 nmethod 1114 0x0000023dba89c210 code [0x0000023dba89c3c0, 0x0000023dba89c578]
Event: 3.139 Thread 0x0000023dd127b740 1115       3       java.nio.CharBuffer::limit (8 bytes)
Event: 3.139 Thread 0x0000023dd127b740 nmethod 1115 0x0000023dba89c690 code [0x0000023dba89c840, 0x0000023dba89c990]
Event: 3.139 Thread 0x0000023dd127b740 1116   !   3       java.nio.CharBuffer::wrap (21 bytes)
Event: 3.139 Thread 0x0000023dd127b740 nmethod 1116 0x0000023dba89ca10 code [0x0000023dba89cbe0, 0x0000023dba89ce90]
Event: 3.139 Thread 0x0000023dd127b740 1117       3       java.nio.HeapCharBuffer::<init> (23 bytes)
Event: 3.140 Thread 0x0000023dd127b740 nmethod 1117 0x0000023dba89d010 code [0x0000023dba89d1c0, 0x0000023dba89d340]
Event: 3.140 Thread 0x0000023dd127b740 1092   !   3       sun.nio.cs.StreamDecoder::read0 (59 bytes)
Event: 3.141 Thread 0x0000023dd127b740 nmethod 1092 0x0000023dba89d410 code [0x0000023dba89d6a0, 0x0000023dba89e4e8]
Event: 3.158 Thread 0x0000023dd1ee3be0 1121   !   4       sun.nio.cs.StreamDecoder::read (78 bytes)
Event: 3.158 Thread 0x0000023dd127b740 1118       3       sun.nio.cs.StreamDecoder::lockedRead0 (95 bytes)
Event: 3.160 Thread 0x0000023dd127b740 nmethod 1118 0x0000023dba89e990 code [0x0000023dba89eb60, 0x0000023dba89eef8]
Event: 3.166 Thread 0x0000023dd127b740 1126       3       org.codehaus.plexus.util.xml.pull.MXParser::isS (30 bytes)
Event: 3.166 Thread 0x0000023dd127b740 nmethod 1126 0x0000023dba89f010 code [0x0000023dba89f1c0, 0x0000023dba89f3b8]
Event: 3.167 Thread 0x0000023dd127b740 1127       3       org.codehaus.plexus.util.xml.pull.MXParser::isNameStartChar (56 bytes)
Event: 3.167 Thread 0x0000023dd127b740 nmethod 1127 0x0000023dba89f490 code [0x0000023dba89f640, 0x0000023dba89f900]
Event: 3.167 Thread 0x0000023dd127b740 1128       3       org.codehaus.plexus.util.xml.pull.MXParser::parseStartTag (1205 bytes)

GC Heap History (0 events):
No events

Dll operation events (8 events):
Event: 0.017 Loaded shared library D:\jdk21\bin\java.dll
Event: 0.180 Loaded shared library D:\jdk21\bin\jsvml.dll
Event: 0.240 Loaded shared library D:\jdk21\bin\net.dll
Event: 0.246 Loaded shared library D:\jdk21\bin\nio.dll
Event: 0.258 Loaded shared library D:\jdk21\bin\zip.dll
Event: 0.846 Loaded shared library C:\Users\ASUS\.m2\wrapper\dists\apache-maven-3.9.12\59fe215c0ad6947fea90184bf7add084544567b927287592651fda3782e0e798\lib\jansi-native\Windows\x86_64\jansi.dll
Event: 0.887 Loaded shared library D:\jdk21\bin\jimage.dll
Event: 0.938 Loaded shared library D:\jdk21\bin\verify.dll

Deoptimization events (20 events):
Event: 1.754 Thread 0x0000023db001dc30 DEOPT PACKING pc=0x0000023dc214f568 sp=0x000000cc0cefe100
Event: 1.754 Thread 0x0000023db001dc30 DEOPT UNPACKING pc=0x0000023dc1bf7da2 sp=0x000000cc0cefe090 mode 2
Event: 1.767 Thread 0x0000023db001dc30 Uncommon trap: trap_request=0xffffff45 fr.pc=0x0000023dc214bce8 relative=0x0000000000000048
Event: 1.767 Thread 0x0000023db001dc30 Uncommon trap: reason=unstable_if action=reinterpret pc=0x0000023dc214bce8 method=java.lang.StringLatin1.canEncode(I)Z @ 4 c2
Event: 1.767 Thread 0x0000023db001dc30 DEOPT PACKING pc=0x0000023dc214bce8 sp=0x000000cc0cefe090
Event: 1.767 Thread 0x0000023db001dc30 DEOPT UNPACKING pc=0x0000023dc1bf7da2 sp=0x000000cc0cefe020 mode 2
Event: 1.911 Thread 0x0000023db001dc30 DEOPT PACKING pc=0x0000023dba6c70e7 sp=0x000000cc0cefcce0
Event: 1.911 Thread 0x0000023db001dc30 DEOPT UNPACKING pc=0x0000023dc1bf88e2 sp=0x000000cc0cefc168 mode 0
Event: 3.088 Thread 0x0000023db001dc30 Uncommon trap: trap_request=0xffffffde fr.pc=0x0000023dc218154c relative=0x00000000000005ac
Event: 3.088 Thread 0x0000023db001dc30 Uncommon trap: reason=class_check action=maybe_recompile pc=0x0000023dc218154c method=java.util.regex.Matcher.search(I)Z @ 121 c2
Event: 3.088 Thread 0x0000023db001dc30 DEOPT PACKING pc=0x0000023dc218154c sp=0x000000cc0cefdfd0
Event: 3.088 Thread 0x0000023db001dc30 DEOPT UNPACKING pc=0x0000023dc1bf7da2 sp=0x000000cc0cefdfb0 mode 2
Event: 3.088 Thread 0x0000023db001dc30 Uncommon trap: trap_request=0xffffff76 fr.pc=0x0000023dc217b000 relative=0x0000000000000320
Event: 3.103 Thread 0x0000023db001dc30 Uncommon trap: reason=predicate action=maybe_recompile pc=0x0000023dc217b000 method=java.util.regex.Pattern$BmpCharPropertyGreedy.match(Ljava/util/regex/Matcher;ILjava/lang/CharSequence;)Z @ 12 c2
Event: 3.103 Thread 0x0000023db001dc30 DEOPT PACKING pc=0x0000023dc217b000 sp=0x000000cc0cefddb0
Event: 3.103 Thread 0x0000023db001dc30 DEOPT UNPACKING pc=0x0000023dc1bf7da2 sp=0x000000cc0cefdd68 mode 2
Event: 3.103 Thread 0x0000023db001dc30 Uncommon trap: trap_request=0xffffff45 fr.pc=0x0000023dc216e964 relative=0x00000000000000c4
Event: 3.103 Thread 0x0000023db001dc30 Uncommon trap: reason=unstable_if action=reinterpret pc=0x0000023dc216e964 method=org.codehaus.plexus.util.xml.pull.MXParser.more()C @ 8 c2
Event: 3.104 Thread 0x0000023db001dc30 DEOPT PACKING pc=0x0000023dc216e964 sp=0x000000cc0cefe1a0
Event: 3.104 Thread 0x0000023db001dc30 DEOPT UNPACKING pc=0x0000023dc1bf7da2 sp=0x000000cc0cefe130 mode 2

Classes loaded (20 events):
Event: 2.750 Loading class java/lang/reflect/UndeclaredThrowableException
Event: 2.752 Loading class java/lang/reflect/UndeclaredThrowableException done
Event: 2.770 Loading class java/lang/annotation/Target
Event: 2.770 Loading class java/lang/annotation/Target done
Event: 2.770 Loading class java/lang/annotation/ElementType
Event: 2.770 Loading class java/lang/annotation/ElementType done
Event: 2.771 Loading class java/lang/annotation/Documented
Event: 2.772 Loading class java/lang/annotation/Documented done
Event: 2.806 Loading class java/util/concurrent/TimeoutException
Event: 2.806 Loading class java/util/concurrent/TimeoutException done
Event: 2.870 Loading class java/util/concurrent/CancellationException
Event: 2.870 Loading class java/util/concurrent/CancellationException done
Event: 2.951 Loading class java/lang/reflect/ParameterizedType
Event: 2.951 Loading class java/lang/reflect/ParameterizedType done
Event: 2.966 Loading class java/lang/reflect/WildcardType
Event: 2.966 Loading class java/lang/reflect/WildcardType done
Event: 2.971 Loading class sun/reflect/generics/tree/TypeVariableSignature
Event: 2.971 Loading class sun/reflect/generics/tree/TypeVariableSignature done
Event: 3.078 Loading class java/lang/annotation/IncompleteAnnotationException
Event: 3.079 Loading class java/lang/annotation/IncompleteAnnotationException done

Classes unloaded (0 events):
No events

Classes redefined (0 events):
No events

Internal exceptions (20 events):
Event: 0.908 Thread 0x0000023db001dc30 Exception <a 'java/lang/NullPointerException'{0x00000007141f3e50}> (0x00000007141f3e50) 
thrown [s\open\src\hotspot\share\interpreter\linkResolver.cpp, line 1372]
Event: 0.908 Thread 0x0000023db001dc30 Exception <a 'java/lang/NullPointerException'{0x00000007141f4130}> (0x00000007141f4130) 
thrown [s\open\src\hotspot\share\interpreter\linkResolver.cpp, line 1372]
Event: 0.917 Thread 0x0000023db001dc30 Exception <a 'java/lang/NullPointerException'{0x00000007141fa5a0}> (0x00000007141fa5a0) 
thrown [s\open\src\hotspot\share\interpreter\linkResolver.cpp, line 1372]
Event: 0.922 Thread 0x0000023db001dc30 Exception <a 'java/lang/NullPointerException'{0x0000000713e80930}> (0x0000000713e80930) 
thrown [s\open\src\hotspot\share\interpreter\linkResolver.cpp, line 1372]
Event: 0.922 Thread 0x0000023db001dc30 Exception <a 'java/lang/NullPointerException'{0x0000000713e80c10}> (0x0000000713e80c10) 
thrown [s\open\src\hotspot\share\interpreter\linkResolver.cpp, line 1372]
Event: 0.922 Thread 0x0000023db001dc30 Exception <a 'java/lang/NullPointerException'{0x0000000713e80ef0}> (0x0000000713e80ef0) 
thrown [s\open\src\hotspot\share\interpreter\linkResolver.cpp, line 1372]
Event: 0.922 Thread 0x0000023db001dc30 Exception <a 'java/lang/NullPointerException'{0x0000000713e811d0}> (0x0000000713e811d0) 
thrown [s\open\src\hotspot\share\interpreter\linkResolver.cpp, line 1372]
Event: 1.028 Thread 0x0000023db001dc30 Exception <a 'java/lang/NoSuchMethodError'{0x0000000713ef0d98}: 'void java.lang.invoke.DirectMethodHandle$Holder.invokeVirtual(java.lang.Object, java.lang.Object)'> (0x0000000713ef0d98) 
thrown [s\open\src\hotspot\share\interpreter\linkResolver.cpp, line 773]
Event: 1.036 Thread 0x0000023db001dc30 Exception <a 'java/lang/NoSuchMethodError'{0x0000000713f0d2e8}: 'void java.lang.invoke.DirectMethodHandle$Holder.invokeStatic(java.lang.Object, java.lang.Object)'> (0x0000000713f0d2e8) 
thrown [s\open\src\hotspot\share\interpreter\linkResolver.cpp, line 773]
Event: 1.037 Thread 0x0000023db001dc30 Exception <a 'java/lang/NoSuchMethodError'{0x0000000713f103a0}: 'void java.lang.invoke.DirectMethodHandle$Holder.invokeStaticInit(java.lang.Object, java.lang.Object)'> (0x0000000713f103a0) 
thrown [s\open\src\hotspot\share\interpreter\linkResolver.cpp, line 773]
Event: 1.073 Thread 0x0000023db001dc30 Exception <a 'java/lang/NoSuchMethodError'{0x0000000713f5aee0}: 'void java.lang.invoke.DirectMethodHandle$Holder.invokeStatic(java.lang.Object, java.lang.Object, java.lang.Object)'> (0x0000000713f5aee0) 
thrown [s\open\src\hotspot\share\interpreter\linkResolver.cpp, line 773]
Event: 1.486 Thread 0x0000023db001dc30 Exception <a 'java/lang/NoSuchMethodError'{0x0000000713ce8c28}: 'java.lang.Object java.lang.invoke.DirectMethodHandle$Holder.invokeSpecialIFC(java.lang.Object, java.lang.Object, java.lang.Object, java.lang.Object)'> (0x0000000713ce8c28) 
thrown [s\open\src\hotspot\share\interpreter\linkResolver.cpp, line 773]
Event: 2.306 Thread 0x0000023db001dc30 Exception <a 'java/lang/NoSuchMethodError'{0x00000007136c1fe8}: 'void java.lang.invoke.DirectMethodHandle$Holder.invokeSpecial(java.lang.Object, java.lang.Object, java.lang.Object)'> (0x00000007136c1fe8) 
thrown [s\open\src\hotspot\share\interpreter\linkResolver.cpp, line 773]
Event: 2.426 Thread 0x0000023db001dc30 Exception <a 'java/lang/NoSuchMethodError'{0x0000000713418818}: 'java.lang.Object java.lang.invoke.DirectMethodHandle$Holder.invokeInterface(java.lang.Object, java.lang.Object)'> (0x0000000713418818) 
thrown [s\open\src\hotspot\share\interpreter\linkResolver.cpp, line 773]
Event: 2.470 Thread 0x0000023db001dc30 Exception <a 'java/lang/NoSuchMethodError'{0x00000007134b7e70}: 'int java.lang.invoke.DirectMethodHandle$Holder.invokeStatic(java.lang.Object, java.lang.Object, java.lang.Object, java.lang.Object)'> (0x00000007134b7e70) 
thrown [s\open\src\hotspot\share\interpreter\linkResolver.cpp, line 773]
Event: 2.472 Thread 0x0000023db001dc30 Exception <a 'java/lang/NoSuchMethodError'{0x00000007134bb4f0}: 'java.lang.Object java.lang.invoke.Invokers$Holder.invokeExact_MT(java.lang.Object, java.lang.Object, java.lang.Object, java.lang.Object, java.lang.Object, java.lang.Object)'> (0x00000007134bb4f0) 
thrown [s\open\src\hotspot\share\interpreter\linkResolver.cpp, line 773]
Event: 2.478 Thread 0x0000023db001dc30 Exception <a 'java/lang/NoSuchMethodError'{0x00000007134c9b30}: 'int java.lang.invoke.DirectMethodHandle$Holder.invokeSpecialIFC(java.lang.Object, java.lang.Object, java.lang.Object, java.lang.Object, java.lang.Object)'> (0x00000007134c9b30) 
thrown [s\open\src\hotspot\share\interpreter\linkResolver.cpp, line 773]
Event: 2.779 Thread 0x0000023db001dc30 Exception <a 'java/lang/NoSuchMethodError'{0x00000007132607a8}: 'java.lang.Object java.lang.invoke.DirectMethodHandle$Holder.newInvokeSpecial(java.lang.Object, java.lang.Object, java.lang.Object, java.lang.Object, java.lang.Object)'> (0x00000007132607a8) 
thrown [s\open\src\hotspot\share\interpreter\linkResolver.cpp, line 773]
Event: 3.060 Thread 0x0000023db001dc30 Exception <a 'java/lang/NoSuchMethodError'{0x0000000713378d58}: 'int java.lang.invoke.DirectMethodHandle$Holder.invokeStaticInit(java.lang.Object, java.lang.Object)'> (0x0000000713378d58) 
thrown [s\open\src\hotspot\share\interpreter\linkResolver.cpp, line 773]
Event: 3.080 Thread 0x0000023db001dc30 Exception <a 'java/lang/NoClassDefFoundError'{0x00000007133af2c8}: javax/enterprise/inject/Typed> (0x00000007133af2c8) 
thrown [s\open\src\hotspot\share\classfile\systemDictionary.cpp, line 301]

ZGC Phase Switch (0 events):
No events

VM Operations (10 events):
Event: 0.262 Executing VM operation: HandshakeAllThreads (Deoptimize)
Event: 0.262 Executing VM operation: HandshakeAllThreads (Deoptimize) done
Event: 0.812 Executing VM operation: HandshakeAllThreads (Deoptimize)
Event: 0.812 Executing VM operation: HandshakeAllThreads (Deoptimize) done
Event: 1.170 Executing VM operation: HandshakeAllThreads (Deoptimize)
Event: 1.217 Executing VM operation: HandshakeAllThreads (Deoptimize) done
Event: 1.217 Executing VM operation: Cleanup
Event: 1.218 Executing VM operation: Cleanup done
Event: 2.225 Executing VM operation: Cleanup
Event: 2.272 Executing VM operation: Cleanup done

Events (14 events):
Event: 0.053 Thread 0x0000023db001dc30 Thread added: 0x0000023db001dc30
Event: 0.119 Thread 0x0000023dd126dc20 Thread added: 0x0000023dd126dc20
Event: 0.120 Thread 0x0000023dd126fc90 Thread added: 0x0000023dd126fc90
Event: 0.120 Thread 0x0000023dd1272aa0 Thread added: 0x0000023dd1272aa0
Event: 0.120 Thread 0x0000023dd12735f0 Thread added: 0x0000023dd12735f0
Event: 0.120 Thread 0x0000023dd1274140 Thread added: 0x0000023dd1274140
Event: 0.120 Thread 0x0000023dd1275bb0 Thread added: 0x0000023dd1275bb0
Event: 0.120 Thread 0x0000023dd1276940 Thread added: 0x0000023dd1276940
Event: 0.148 Thread 0x0000023dd127b740 Thread added: 0x0000023dd127b740
Event: 0.220 Thread 0x0000023dd14df450 Thread added: 0x0000023dd14df450
Event: 0.228 Thread 0x0000023dd14e0ad0 Thread added: 0x0000023dd14e0ad0
Event: 0.822 Thread 0x0000023dd18dda10 Thread added: 0x0000023dd18dda10
Event: 1.274 Thread 0x0000023dd18dda10 Thread exited: 0x0000023dd18dda10
Event: 3.135 Thread 0x0000023dd1ee3be0 Thread added: 0x0000023dd1ee3be0


Dynamic libraries:
0x00007ff728520000 - 0x00007ff728530000 	D:\jdk21\bin\java.exe
0x00007ffbdeed0000 - 0x00007ffbdf0e7000 	C:\WINDOWS\SYSTEM32\ntdll.dll
0x00007ffbde220000 - 0x00007ffbde2e4000 	C:\WINDOWS\System32\KERNEL32.DLL
0x00007ffbdc460000 - 0x00007ffbdc832000 	C:\WINDOWS\System32\KERNELBASE.dll
0x00007ffbdc980000 - 0x00007ffbdca91000 	C:\WINDOWS\System32\ucrtbase.dll
0x00007ffbc6fc0000 - 0x00007ffbc6fd9000 	D:\jdk21\bin\jli.dll
0x00007ffbc3200000 - 0x00007ffbc321b000 	D:\jdk21\bin\VCRUNTIME140.dll
0x00007ffbddac0000 - 0x00007ffbddb71000 	C:\WINDOWS\System32\ADVAPI32.dll
0x00007ffbdd5b0000 - 0x00007ffbdd657000 	C:\WINDOWS\System32\msvcrt.dll
0x00007ffbdde80000 - 0x00007ffbddf28000 	C:\WINDOWS\System32\sechost.dll
0x00007ffbdc400000 - 0x00007ffbdc428000 	C:\WINDOWS\System32\bcrypt.dll
0x00007ffbddf30000 - 0x00007ffbde044000 	C:\WINDOWS\System32\RPCRT4.dll
0x00007ffbde060000 - 0x00007ffbde211000 	C:\WINDOWS\System32\USER32.dll
0x00007ffbdc430000 - 0x00007ffbdc456000 	C:\WINDOWS\System32\win32u.dll
0x00007ffbdda40000 - 0x00007ffbdda69000 	C:\WINDOWS\System32\GDI32.dll
0x00007ffbdc040000 - 0x00007ffbdc163000 	C:\WINDOWS\System32\gdi32full.dll
0x00007ffbdc2e0000 - 0x00007ffbdc37a000 	C:\WINDOWS\System32\msvcp_win.dll
0x00007ffbc4010000 - 0x00007ffbc42ab000 	C:\WINDOWS\WinSxS\amd64_microsoft.windows.common-controls_6595b64144ccf1df_6.0.22621.5547_none_27104afb73855772\COMCTL32.dll
0x00007ffbd13e0000 - 0x00007ffbd13ea000 	C:\WINDOWS\SYSTEM32\VERSION.dll
0x00007ffbdda80000 - 0x00007ffbddab1000 	C:\WINDOWS\System32\IMM32.DLL
0x00007ffbc6fb0000 - 0x00007ffbc6fbc000 	D:\jdk21\bin\vcruntime140_1.dll
0x00007ffb95b90000 - 0x00007ffb95c1e000 	D:\jdk21\bin\msvcp140.dll
0x00007ffb4c640000 - 0x00007ffb4d355000 	D:\jdk21\bin\server\jvm.dll
0x00007ffbdd930000 - 0x00007ffbdd9a1000 	C:\WINDOWS\System32\WS2_32.dll
0x00007ffbdb600000 - 0x00007ffbdb64d000 	C:\WINDOWS\SYSTEM32\POWRPROF.dll
0x00007ffbd1a20000 - 0x00007ffbd1a54000 	C:\WINDOWS\SYSTEM32\WINMM.dll
0x00007ffbdb5b0000 - 0x00007ffbdb5c3000 	C:\WINDOWS\SYSTEM32\UMPDC.dll
0x00007ffbdb040000 - 0x00007ffbdb058000 	C:\WINDOWS\SYSTEM32\kernel.appcore.dll
0x00007ffbbf560000 - 0x00007ffbbf56a000 	D:\jdk21\bin\jimage.dll
0x00007ffbd99a0000 - 0x00007ffbd9bd3000 	C:\WINDOWS\SYSTEM32\DBGHELP.DLL
0x00007ffbde3a0000 - 0x00007ffbde733000 	C:\WINDOWS\System32\combase.dll
0x00007ffbdec40000 - 0x00007ffbded17000 	C:\WINDOWS\System32\OLEAUT32.dll
0x00007ffbae7d0000 - 0x00007ffbae802000 	C:\WINDOWS\SYSTEM32\dbgcore.DLL
0x00007ffbdc380000 - 0x00007ffbdc3fb000 	C:\WINDOWS\System32\bcryptPrimitives.dll
0x00007ffbbf540000 - 0x00007ffbbf55f000 	D:\jdk21\bin\java.dll
0x00007ffbdcd00000 - 0x00007ffbdd5a2000 	C:\WINDOWS\System32\SHELL32.dll
0x00007ffbdc840000 - 0x00007ffbdc97f000 	C:\WINDOWS\System32\wintypes.dll
0x00007ffbd9ea0000 - 0x00007ffbda7bd000 	C:\WINDOWS\SYSTEM32\windows.storage.dll
0x00007ffbded20000 - 0x00007ffbdee2c000 	C:\WINDOWS\System32\SHCORE.dll
0x00007ffbdd9b0000 - 0x00007ffbdda19000 	C:\WINDOWS\System32\shlwapi.dll
0x00007ffbdbef0000 - 0x00007ffbdbf1b000 	C:\WINDOWS\SYSTEM32\profapi.dll
0x00007ffb95ab0000 - 0x00007ffb95b87000 	D:\jdk21\bin\jsvml.dll
0x00007ffb9a5d0000 - 0x00007ffb9a5e0000 	D:\jdk21\bin\net.dll
0x00007ffbd5060000 - 0x00007ffbd518c000 	C:\WINDOWS\SYSTEM32\WINHTTP.dll
0x00007ffbdb4f0000 - 0x00007ffbdb559000 	C:\WINDOWS\system32\mswsock.dll
0x00007ffb96820000 - 0x00007ffb96836000 	D:\jdk21\bin\nio.dll
0x00007ffb95a90000 - 0x00007ffb95aa8000 	D:\jdk21\bin\zip.dll
0x00007ffb95560000 - 0x00007ffb95584000 	C:\Users\ASUS\.m2\wrapper\dists\apache-maven-3.9.12\59fe215c0ad6947fea90184bf7add084544567b927287592651fda3782e0e798\lib\jansi-native\Windows\x86_64\jansi.dll
0x00007ffb96810000 - 0x00007ffb96820000 	D:\jdk21\bin\verify.dll

dbghelp: loaded successfully - version: 4.0.5 - missing functions: none
symbol engine: initialized successfully - sym options: 0x614 - pdb path: .;D:\jdk21\bin;C:\WINDOWS\SYSTEM32;C:\WINDOWS\WinSxS\amd64_microsoft.windows.common-controls_6595b64144ccf1df_6.0.22621.5547_none_27104afb73855772;D:\jdk21\bin\server;C:\Users\ASUS\.m2\wrapper\dists\apache-maven-3.9.12\59fe215c0ad6947fea90184bf7add084544567b927287592651fda3782e0e798\lib\jansi-native\Windows\x86_64

VM Arguments:
jvm_args: -Dclassworlds.conf=C:\\Users\\ASUS\\.m2\\wrapper\\dists\\apache-maven-3.9.12\\59fe215c0ad6947fea90184bf7add084544567b927287592651fda3782e0e798\\bin\\m2.conf -Dmaven.home=C:\\Users\\ASUS\\.m2\\wrapper\\dists\\apache-maven-3.9.12\\59fe215c0ad6947fea90184bf7add084544567b927287592651fda3782e0e798 -Dlibrary.jansi.path=C:\\Users\\ASUS\\.m2\\wrapper\\dists\\apache-maven-3.9.12\\59fe215c0ad6947fea90184bf7add084544567b927287592651fda3782e0e798\\lib\\jansi-native -Dmaven.multiModuleProjectDirectory=D:\\studymatch\\backend\\user_service 
java_command: org.codehaus.plexus.classworlds.launcher.Launcher spring-boot:run
java_class_path (initial): C:\\Users\\ASUS\\.m2\\wrapper\\dists\\apache-maven-3.9.12\\59fe215c0ad6947fea90184bf7add084544567b927287592651fda3782e0e798\\boot\\plexus-classworlds-2.9.0.jar
Launcher Type: SUN_STANDARD

[Global flags]
     intx CICompilerCount                          = 4                                         {product} {ergonomic}
     uint ConcGCThreads                            = 2                                         {product} {ergonomic}
     uint G1ConcRefinementThreads                  = 8                                         {product} {ergonomic}
   size_t G1HeapRegionSize                         = 2097152                                   {product} {ergonomic}
    uintx GCDrainStackTargetSize                   = 64                                        {product} {ergonomic}
   size_t InitialHeapSize                          = 264241152                                 {product} {ergonomic}
   size_t MarkStackSize                            = 4194304                                   {product} {ergonomic}
   size_t MaxHeapSize                              = 4217372672                                {product} {ergonomic}
   size_t MaxNewSize                               = 2529165312                                {product} {ergonomic}
   size_t MinHeapDeltaBytes                        = 2097152                                   {product} {ergonomic}
   size_t MinHeapSize                              = 8388608                                   {product} {ergonomic}
    uintx NonNMethodCodeHeapSize                   = 5839372                                {pd product} {ergonomic}
    uintx NonProfiledCodeHeapSize                  = 122909434                              {pd product} {ergonomic}
    uintx ProfiledCodeHeapSize                     = 122909434                              {pd product} {ergonomic}
    uintx ReservedCodeCacheSize                    = 251658240                              {pd product} {ergonomic}
     bool SegmentedCodeCache                       = true                                      {product} {ergonomic}
   size_t SoftMaxHeapSize                          = 4217372672                             {manageable} {ergonomic}
     bool UseCompressedOops                        = true                           {product lp64_product} {ergonomic}
     bool UseG1GC                                  = true                                      {product} {ergonomic}
     bool UseLargePagesIndividualAllocation        = false                                  {pd product} {ergonomic}

Logging:
Log output configuration:
 #0: stdout all=warning uptime,level,tags foldmultilines=false
 #1: stderr all=off uptime,level,tags foldmultilines=false

Environment Variables:
PATH=D:\download\sdk_flutter\flutter_3.27.1\flutter\bin\cache\dart-sdk\bin\;C:\Program Files\Python312\Scripts\;C:\Program Files\Python312\;C:\Program Files\Common Files\Oracle\Java\javapath;C:\WINDOWS\system32;C:\WINDOWS;C:\WINDOWS\System32\Wbem;C:\WINDOWS\System32\WindowsPowerShell\v1.0\;C:\WINDOWS\System32\OpenSSH\;C:\Program Files (x86)\Java\jre1.8.0_351;C:\Program Files\Git\cmd;C:\Program Files (x86)\Microsoft SQL Server\160\Tools\Binn\;C:\Program Files\Microsoft SQL Server\160\Tools\Binn\;C:\Program Files\Microsoft SQL Server\Client SDK\ODBC\170\Tools\Binn\;C:\Program Files\Microsoft SQL Server\160\DTS\Binn\;C:\Program Files\Microsoft SQL Server\150\Tools\Binn\;C:\apache-maven-3.9.9-bin\apache-maven-3.9.9\bin;C:\Program Files\PuTTY\;C:\gradle-8.13\bin;D:\jdk21\bin;C:\Users\YourName\AppData\Roaming\npm;C:\Program Files\dotnet\;D:\download\ngrok-v3-stable-windows-amd64;C:\Users\ASUS\AppData\Local\Android\Sdk\platform-tools;C:\Program Files\nodejs\;C:\Program Files\k6\;C:\Users\ASUS\AppData\Roaming\Python\Python312\Scripts;;C:\Program Files\Docker\Docker\resources\bin;C:\Users\ASUS\.dotnet\tools;D:\Microsoft VS Code\bin;C:\Program Files\Python312\Scripts;C:\Users\ASUS\AppData\Local\Android\Sdk\platform-tools;C:\Users\ASUS\AppData\Roaming\npm;D:\intellj\IntelliJ IDEA 2025.3.1\bin;C:\Program Files\k6;C:\Users\ASUS\AppData\Roaming\Python\Python312\Scripts;C:\Users\ASUS\AppData\Local\Programs\Antigravity IDE\bin;C:\Users\ASUS\AppData\Local\Pub\Cache\bin;D:\Antigravity IDE\bin;D:\download\sdk_flutter\flutter_3.27.1\flutter\bin;D:\gcloud\google-cloud-sdk\bin;c:\Users\ASUS\.antigravity-ide\extensions\vscjava.vscode-java-debug-0.59.0-universal\bundled\scripts\noConfigScripts
USERNAME=ASUS
LANG=en_US.UTF-8
OS=Windows_NT
PROCESSOR_IDENTIFIER=Intel64 Family 6 Model 140 Stepping 1, GenuineIntel
TMP=C:\Users\ASUS\AppData\Local\Temp
TEMP=C:\Users\ASUS\AppData\Local\Temp




Periodic native trim disabled

---------------  S Y S T E M  ---------------

OS:
 Windows 11 , 64 bit Build 22621 (10.0.22621.5415)
OS uptime: 0 days 3:48 hours
Hyper-V role detected

CPU: total 8 (initial active 8) (4 cores per cpu, 2 threads per core) family 6 model 140 stepping 1 microcode 0x8a, cx8, cmov, fxsr, ht, mmx, 3dnowpref, sse, sse2, sse3, ssse3, sse4.1, sse4.2, popcnt, lzcnt, tsc, tscinvbit, avx, avx2, aes, erms, clmul, bmi1, bmi2, adx, avx512f, avx512dq, avx512cd, avx512bw, avx512vl, sha, fma, vzeroupper, avx512_vpopcntdq, avx512_vpclmulqdq, avx512_vaes, avx512_vnni, clflush, clflushopt, clwb, avx512_vbmi2, avx512_vbmi, hv, rdtscp, rdpid, fsrm, gfni, avx512_bitalg, f16c, cet_ibt, cet_ss, avx512_ifma
Processor Information for all 8 processors :
  Max Mhz: 2419, Current Mhz: 1713, Mhz Limit: 2419

Memory: 4k page, system-wide physical 16080M (703M free)
TotalPageFile size 29538M (AvailPageFile size 21M)
current process WorkingSet (physical memory assigned to process): 87M, peak: 87M
current process commit charge ("private bytes"): 359M, peak: 360M

vm_info: Java HotSpot(TM) 64-Bit Server VM (21.0.1+12-LTS-29) for windows-amd64 JRE (21.0.1+12-LTS-29), built on 2023-10-05T13:27:09Z by "mach5one" with MS VC++ 17.1 (VS2022)

END.
