#
# There is insufficient memory for the Java Runtime Environment to continue.
# Native memory allocation (malloc) failed to allocate 459904 bytes for Chunk::new
# Possible reasons:
#   The system is out of physical RAM or swap space
#   The process is running with CompressedOops enabled, and the Java Heap may be blocking the growth of the native heap
# Possible solutions:
#   Reduce memory load on the system
#   Increase physical memory or swap space
#   Check if swap backing store is full
#   Decrease Java heap size (-Xmx/-Xms)
#   Decrease number of Java threads
#   Decrease Java thread stack sizes (-Xss)
#   Set larger code cache with -XX:ReservedCodeCacheSize=
#   JVM is running with Zero Based Compressed Oops mode in which the Java heap is
#     placed in the first 32GB address space. The Java Heap base address is the
#     maximum limit for the native heap growth. Please use -XX:HeapBaseMinAddress
#     to set the Java Heap base and to place the Java Heap above 32GB virtual address.
# This output file may be truncated or incomplete.
#
#  Out of Memory Error (arena.cpp:168), pid=7548, tid=15048
#
# JRE version: Java(TM) SE Runtime Environment (21.0.1+12) (build 21.0.1+12-LTS-29)
# Java VM: Java HotSpot(TM) 64-Bit Server VM (21.0.1+12-LTS-29, mixed mode, sharing, tiered, compressed oops, compressed class ptrs, g1 gc, windows-amd64)
# No core dump will be written. Minidumps are not enabled by default on client versions of Windows
#

---------------  S U M M A R Y ------------

Command Line: --enable-native-access=ALL-UNNAMED -Dclassworlds.conf=C:\\Users\\ASUS\\.m2\\wrapper\\dists\\apache-maven-3.9.12\\59fe215c0ad6947fea90184bf7add084544567b927287592651fda3782e0e798\\bin\\m2.conf -Dmaven.home=C:\\Users\\ASUS\\.m2\\wrapper\\dists\\apache-maven-3.9.12\\59fe215c0ad6947fea90184bf7add084544567b927287592651fda3782e0e798 -Dlibrary.jansi.path=C:\\Users\\ASUS\\.m2\\wrapper\\dists\\apache-maven-3.9.12\\59fe215c0ad6947fea90184bf7add084544567b927287592651fda3782e0e798\\lib\\jansi-native -Dmaven.multiModuleProjectDirectory=D:\\studymatch\\backend\\social_service org.codehaus.plexus.classworlds.launcher.Launcher spring-boot:run

Host: 11th Gen Intel(R) Core(TM) i5-1135G7 @ 2.40GHz, 8 cores, 15G,  Windows 11 , 64 bit Build 22621 (10.0.22621.5415)
Time: Wed Jul 22 11:57:36 2026 SE Asia Standard Time elapsed time: 9.665143 seconds (0d 0h 0m 9s)

---------------  T H R E A D  ---------------

Current thread (0x00000134d6118980):  JavaThread "C2 CompilerThread0" daemon [_thread_in_native, id=15048, stack(0x00000020e5f00000,0x00000020e6000000) (1024K)]


Current CompileTask:
C2:   9665 3617       4       org.apache.maven.model.io.xpp3.MavenXpp3Reader::checkFieldWithDuplicate (75 bytes)

Stack: [0x00000020e5f00000,0x00000020e6000000]
Native frames: (J=compiled Java code, j=interpreted, Vv=VM code, C=native code)
V  [jvm.dll+0x6c9029]
V  [jvm.dll+0x854b81]
V  [jvm.dll+0x856e5e]
V  [jvm.dll+0x857543]
V  [jvm.dll+0x280c06]
V  [jvm.dll+0xc3ead]
V  [jvm.dll+0xc43c3]
V  [jvm.dll+0x3b576c]
V  [jvm.dll+0x1e20b9]
V  [jvm.dll+0x249c22]
V  [jvm.dll+0x2490b1]
V  [jvm.dll+0x1c9ca1]
V  [jvm.dll+0x2586b9]
V  [jvm.dll+0x256c9a]
V  [jvm.dll+0x3ef1b6]
V  [jvm.dll+0x7fd728]
V  [jvm.dll+0x6c777d]
C  [ucrtbase.dll+0x29333]
C  [KERNEL32.DLL+0x1259d]
C  [ntdll.dll+0x5af78]


---------------  P R O C E S S  ---------------

Threads class SMR info:
_java_thread_list=0x000001351c7f67d0, length=13, elements={
0x00000134b4e20710, 0x00000134d610dca0, 0x00000134d61104b0, 0x00000134d6114520,
0x00000134d61153c0, 0x00000134d6115fd0, 0x00000134d6117a40, 0x00000134d6118980,
0x00000134d611d200, 0x00000134d63f8380, 0x00000134d6407bf0, 0x000001351c4975e0,
0x000001351c808240
}

Java Threads: ( => current thread )
  0x00000134b4e20710 JavaThread "main"                              [_thread_in_vm, id=18500, stack(0x00000020e5100000,0x00000020e5200000) (1024K)]
  0x00000134d610dca0 JavaThread "Reference Handler"          daemon [_thread_blocked, id=17108, stack(0x00000020e5900000,0x00000020e5a00000) (1024K)]
  0x00000134d61104b0 JavaThread "Finalizer"                  daemon [_thread_blocked, id=20264, stack(0x00000020e5a00000,0x00000020e5b00000) (1024K)]
  0x00000134d6114520 JavaThread "Signal Dispatcher"          daemon [_thread_blocked, id=20988, stack(0x00000020e5b00000,0x00000020e5c00000) (1024K)]
  0x00000134d61153c0 JavaThread "Attach Listener"            daemon [_thread_blocked, id=17652, stack(0x00000020e5c00000,0x00000020e5d00000) (1024K)]
  0x00000134d6115fd0 JavaThread "Service Thread"             daemon [_thread_blocked, id=11536, stack(0x00000020e5d00000,0x00000020e5e00000) (1024K)]
  0x00000134d6117a40 JavaThread "Monitor Deflation Thread"   daemon [_thread_blocked, id=21412, stack(0x00000020e5e00000,0x00000020e5f00000) (1024K)]
=>0x00000134d6118980 JavaThread "C2 CompilerThread0"         daemon [_thread_in_native, id=15048, stack(0x00000020e5f00000,0x00000020e6000000) (1024K)]
  0x00000134d611d200 JavaThread "C1 CompilerThread0"         daemon [_thread_blocked, id=16404, stack(0x00000020e6000000,0x00000020e6100000) (1024K)]
  0x00000134d63f8380 JavaThread "Notification Thread"        daemon [_thread_blocked, id=22456, stack(0x00000020e6100000,0x00000020e6200000) (1024K)]
  0x00000134d6407bf0 JavaThread "Common-Cleaner"             daemon [_thread_blocked, id=20792, stack(0x00000020e6200000,0x00000020e6300000) (1024K)]
  0x000001351c4975e0 JavaThread "Thread-1"                   daemon [_thread_blocked, id=21420, stack(0x00000020e6300000,0x00000020e6400000) (1024K)]
  0x000001351c808240 JavaThread "C2 CompilerThread1"         daemon [_thread_in_native, id=2748, stack(0x00000020e6b00000,0x00000020e6c00000) (1024K)]
Total: 13

Other Threads:
  0x00000134d60ecf60 VMThread "VM Thread"                           [id=18488, stack(0x00000020e5800000,0x00000020e5900000) (1024K)]
  0x00000134d60d6e10 WatcherThread "VM Periodic Task Thread"        [id=22176, stack(0x00000020e5700000,0x00000020e5800000) (1024K)]
  0x00000134b7111be0 WorkerThread "GC Thread#0"                     [id=16512, stack(0x00000020e5200000,0x00000020e5300000) (1024K)]
  0x000001351c0a28c0 WorkerThread "GC Thread#1"                     [id=21732, stack(0x00000020e6400000,0x00000020e6500000) (1024K)]
  0x000001351c12a730 WorkerThread "GC Thread#2"                     [id=348, stack(0x00000020e6500000,0x00000020e6600000) (1024K)]
  0x000001351c12aad0 WorkerThread "GC Thread#3"                     [id=10500, stack(0x00000020e6600000,0x00000020e6700000) (1024K)]
  0x000001351c2ef660 WorkerThread "GC Thread#4"                     [id=4816, stack(0x00000020e6700000,0x00000020e6800000) (1024K)]
  0x000001351c2efa00 WorkerThread "GC Thread#5"                     [id=15188, stack(0x00000020e6800000,0x00000020e6900000) (1024K)]
  0x000001351c2979f0 WorkerThread "GC Thread#6"                     [id=7364, stack(0x00000020e6900000,0x00000020e6a00000) (1024K)]
  0x000001351c464410 WorkerThread "GC Thread#7"                     [id=9232, stack(0x00000020e6a00000,0x00000020e6b00000) (1024K)]
  0x00000134b7122710 ConcurrentGCThread "G1 Main Marker"            [id=1748, stack(0x00000020e5300000,0x00000020e5400000) (1024K)]
  0x00000134b7123210 WorkerThread "G1 Conc#0"                       [id=7288, stack(0x00000020e5400000,0x00000020e5500000) (1024K)]
  0x00000134d5faa530 ConcurrentGCThread "G1 Refine#0"               [id=17076, stack(0x00000020e5500000,0x00000020e5600000) (1024K)]
  0x00000134b716e190 ConcurrentGCThread "G1 Service"                [id=21696, stack(0x00000020e5600000,0x00000020e5700000) (1024K)]
Total: 14

Threads with active compile tasks:
C2 CompilerThread0     9717 3617       4       org.apache.maven.model.io.xpp3.MavenXpp3Reader::checkFieldWithDuplicate (75 bytes)
C2 CompilerThread1     9717 3774       4       java.lang.String::endsWith (15 bytes)
Total: 2

VM state: not at safepoint (normal execution)

VM Mutex/Monitor currently owned by a thread:  ([mutex/lock_event])
[0x00007ff871799178] MethodCompileQueue_lock - owner thread: 0x00000134b4e20710

Heap address: 0x0000000704a00000, size: 4022 MB, Compressed Oops mode: Zero based, Oop shift amount: 3

CDS archive(s) mapped at: [0x00000134d7000000-0x00000134d7c90000-0x00000134d7c90000), size 13172736, SharedBaseAddress: 0x00000134d7000000, ArchiveRelocationMode: 1.
Compressed class space mapped at: 0x00000134d8000000-0x0000013518000000, reserved size: 1073741824
Narrow klass base: 0x00000134d7000000, Narrow klass shift: 0, Narrow klass range: 0x100000000

GC Precious Log:
 CardTable entry size: 512
 Card Set container configuration: InlinePtr #cards 4 size 8 Array Of Cards #cards 16 size 48 Howl #buckets 8 coarsen threshold 3686 Howl Bitmap #cards 512 size 80 coarsen threshold 460 Card regions per heap region 1 cards per card region 4096
 CPUs: 8 total, 8 available
 Memory: 16080M
 Large Page Support: Disabled
 NUMA Support: Disabled
 Compressed Oops: Enabled (Zero based)
 Heap Region Size: 2M
 Heap Min Capacity: 8M
 Heap Initial Capacity: 252M
 Heap Max Capacity: 4022M
 Pre-touch: Disabled
 Parallel Workers: 8
 Concurrent Workers: 2
 Concurrent Refinement Workers: 8
 Periodic GC: Disabled

Heap:
 garbage-first heap   total 258048K, used 68773K [0x0000000704a00000, 0x0000000800000000)
  region size 2048K, 33 young (67584K), 1 survivors (2048K)
 Metaspace       used 15789K, committed 16064K, reserved 1114112K
  class space    used 1860K, committed 1984K, reserved 1048576K

Heap Regions: E=young(eden), S=young(survivor), O=old, HS=humongous(starts), HC=humongous(continues), CS=collection set, F=free, TAMS=top-at-mark-start, PB=parsable bottom
|   0|0x0000000704a00000, 0x0000000704c00000, 0x0000000704c00000|100%| O|  |TAMS 0x0000000704a00000| PB 0x0000000704a00000| Untracked 
|   1|0x0000000704c00000, 0x0000000704d80b50, 0x0000000704e00000| 75%| O|  |TAMS 0x0000000704c00000| PB 0x0000000704c00000| Untracked 
|   2|0x0000000704e00000, 0x0000000704e00000, 0x0000000705000000|  0%| F|  |TAMS 0x0000000704e00000| PB 0x0000000704e00000| Untracked 
|   3|0x0000000705000000, 0x0000000705000000, 0x0000000705200000|  0%| F|  |TAMS 0x0000000705000000| PB 0x0000000705000000| Untracked 
|   4|0x0000000705200000, 0x0000000705200000, 0x0000000705400000|  0%| F|  |TAMS 0x0000000705200000| PB 0x0000000705200000| Untracked 
|   5|0x0000000705400000, 0x0000000705400000, 0x0000000705600000|  0%| F|  |TAMS 0x0000000705400000| PB 0x0000000705400000| Untracked 
|   6|0x0000000705600000, 0x0000000705600000, 0x0000000705800000|  0%| F|  |TAMS 0x0000000705600000| PB 0x0000000705600000| Untracked 
|   7|0x0000000705800000, 0x0000000705800000, 0x0000000705a00000|  0%| F|  |TAMS 0x0000000705800000| PB 0x0000000705800000| Untracked 
|   8|0x0000000705a00000, 0x0000000705a00000, 0x0000000705c00000|  0%| F|  |TAMS 0x0000000705a00000| PB 0x0000000705a00000| Untracked 
|   9|0x0000000705c00000, 0x0000000705c00000, 0x0000000705e00000|  0%| F|  |TAMS 0x0000000705c00000| PB 0x0000000705c00000| Untracked 
|  10|0x0000000705e00000, 0x0000000705e00000, 0x0000000706000000|  0%| F|  |TAMS 0x0000000705e00000| PB 0x0000000705e00000| Untracked 
|  11|0x0000000706000000, 0x0000000706000000, 0x0000000706200000|  0%| F|  |TAMS 0x0000000706000000| PB 0x0000000706000000| Untracked 
|  12|0x0000000706200000, 0x0000000706200000, 0x0000000706400000|  0%| F|  |TAMS 0x0000000706200000| PB 0x0000000706200000| Untracked 
|  13|0x0000000706400000, 0x0000000706400000, 0x0000000706600000|  0%| F|  |TAMS 0x0000000706400000| PB 0x0000000706400000| Untracked 
|  14|0x0000000706600000, 0x0000000706600000, 0x0000000706800000|  0%| F|  |TAMS 0x0000000706600000| PB 0x0000000706600000| Untracked 
|  15|0x0000000706800000, 0x0000000706800000, 0x0000000706a00000|  0%| F|  |TAMS 0x0000000706800000| PB 0x0000000706800000| Untracked 
|  16|0x0000000706a00000, 0x0000000706a00000, 0x0000000706c00000|  0%| F|  |TAMS 0x0000000706a00000| PB 0x0000000706a00000| Untracked 
|  17|0x0000000706c00000, 0x0000000706c00000, 0x0000000706e00000|  0%| F|  |TAMS 0x0000000706c00000| PB 0x0000000706c00000| Untracked 
|  18|0x0000000706e00000, 0x0000000706e00000, 0x0000000707000000|  0%| F|  |TAMS 0x0000000706e00000| PB 0x0000000706e00000| Untracked 
|  19|0x0000000707000000, 0x0000000707000000, 0x0000000707200000|  0%| F|  |TAMS 0x0000000707000000| PB 0x0000000707000000| Untracked 
|  20|0x0000000707200000, 0x0000000707200000, 0x0000000707400000|  0%| F|  |TAMS 0x0000000707200000| PB 0x0000000707200000| Untracked 
|  21|0x0000000707400000, 0x0000000707400000, 0x0000000707600000|  0%| F|  |TAMS 0x0000000707400000| PB 0x0000000707400000| Untracked 
|  22|0x0000000707600000, 0x0000000707600000, 0x0000000707800000|  0%| F|  |TAMS 0x0000000707600000| PB 0x0000000707600000| Untracked 
|  23|0x0000000707800000, 0x0000000707800000, 0x0000000707a00000|  0%| F|  |TAMS 0x0000000707800000| PB 0x0000000707800000| Untracked 
|  24|0x0000000707a00000, 0x0000000707a00000, 0x0000000707c00000|  0%| F|  |TAMS 0x0000000707a00000| PB 0x0000000707a00000| Untracked 
|  25|0x0000000707c00000, 0x0000000707c00000, 0x0000000707e00000|  0%| F|  |TAMS 0x0000000707c00000| PB 0x0000000707c00000| Untracked 
|  26|0x0000000707e00000, 0x0000000707e00000, 0x0000000708000000|  0%| F|  |TAMS 0x0000000707e00000| PB 0x0000000707e00000| Untracked 
|  27|0x0000000708000000, 0x0000000708000000, 0x0000000708200000|  0%| F|  |TAMS 0x0000000708000000| PB 0x0000000708000000| Untracked 
|  28|0x0000000708200000, 0x0000000708200000, 0x0000000708400000|  0%| F|  |TAMS 0x0000000708200000| PB 0x0000000708200000| Untracked 
|  29|0x0000000708400000, 0x0000000708400000, 0x0000000708600000|  0%| F|  |TAMS 0x0000000708400000| PB 0x0000000708400000| Untracked 
|  30|0x0000000708600000, 0x0000000708600000, 0x0000000708800000|  0%| F|  |TAMS 0x0000000708600000| PB 0x0000000708600000| Untracked 
|  31|0x0000000708800000, 0x0000000708800000, 0x0000000708a00000|  0%| F|  |TAMS 0x0000000708800000| PB 0x0000000708800000| Untracked 
|  32|0x0000000708a00000, 0x0000000708a00000, 0x0000000708c00000|  0%| F|  |TAMS 0x0000000708a00000| PB 0x0000000708a00000| Untracked 
|  33|0x0000000708c00000, 0x0000000708c00000, 0x0000000708e00000|  0%| F|  |TAMS 0x0000000708c00000| PB 0x0000000708c00000| Untracked 
|  34|0x0000000708e00000, 0x0000000708e00000, 0x0000000709000000|  0%| F|  |TAMS 0x0000000708e00000| PB 0x0000000708e00000| Untracked 
|  35|0x0000000709000000, 0x0000000709000000, 0x0000000709200000|  0%| F|  |TAMS 0x0000000709000000| PB 0x0000000709000000| Untracked 
|  36|0x0000000709200000, 0x0000000709200000, 0x0000000709400000|  0%| F|  |TAMS 0x0000000709200000| PB 0x0000000709200000| Untracked 
|  37|0x0000000709400000, 0x0000000709400000, 0x0000000709600000|  0%| F|  |TAMS 0x0000000709400000| PB 0x0000000709400000| Untracked 
|  38|0x0000000709600000, 0x0000000709600000, 0x0000000709800000|  0%| F|  |TAMS 0x0000000709600000| PB 0x0000000709600000| Untracked 
|  39|0x0000000709800000, 0x0000000709800000, 0x0000000709a00000|  0%| F|  |TAMS 0x0000000709800000| PB 0x0000000709800000| Untracked 
|  40|0x0000000709a00000, 0x0000000709a00000, 0x0000000709c00000|  0%| F|  |TAMS 0x0000000709a00000| PB 0x0000000709a00000| Untracked 
|  41|0x0000000709c00000, 0x0000000709c00000, 0x0000000709e00000|  0%| F|  |TAMS 0x0000000709c00000| PB 0x0000000709c00000| Untracked 
|  42|0x0000000709e00000, 0x0000000709e00000, 0x000000070a000000|  0%| F|  |TAMS 0x0000000709e00000| PB 0x0000000709e00000| Untracked 
|  43|0x000000070a000000, 0x000000070a000000, 0x000000070a200000|  0%| F|  |TAMS 0x000000070a000000| PB 0x000000070a000000| Untracked 
|  44|0x000000070a200000, 0x000000070a200000, 0x000000070a400000|  0%| F|  |TAMS 0x000000070a200000| PB 0x000000070a200000| Untracked 
|  45|0x000000070a400000, 0x000000070a400000, 0x000000070a600000|  0%| F|  |TAMS 0x000000070a400000| PB 0x000000070a400000| Untracked 
|  46|0x000000070a600000, 0x000000070a600000, 0x000000070a800000|  0%| F|  |TAMS 0x000000070a600000| PB 0x000000070a600000| Untracked 
|  47|0x000000070a800000, 0x000000070a800000, 0x000000070aa00000|  0%| F|  |TAMS 0x000000070a800000| PB 0x000000070a800000| Untracked 
|  48|0x000000070aa00000, 0x000000070aa00000, 0x000000070ac00000|  0%| F|  |TAMS 0x000000070aa00000| PB 0x000000070aa00000| Untracked 
|  49|0x000000070ac00000, 0x000000070ac00000, 0x000000070ae00000|  0%| F|  |TAMS 0x000000070ac00000| PB 0x000000070ac00000| Untracked 
|  50|0x000000070ae00000, 0x000000070ae00000, 0x000000070b000000|  0%| F|  |TAMS 0x000000070ae00000| PB 0x000000070ae00000| Untracked 
|  51|0x000000070b000000, 0x000000070b000000, 0x000000070b200000|  0%| F|  |TAMS 0x000000070b000000| PB 0x000000070b000000| Untracked 
|  52|0x000000070b200000, 0x000000070b200000, 0x000000070b400000|  0%| F|  |TAMS 0x000000070b200000| PB 0x000000070b200000| Untracked 
|  53|0x000000070b400000, 0x000000070b400000, 0x000000070b600000|  0%| F|  |TAMS 0x000000070b400000| PB 0x000000070b400000| Untracked 
|  54|0x000000070b600000, 0x000000070b600000, 0x000000070b800000|  0%| F|  |TAMS 0x000000070b600000| PB 0x000000070b600000| Untracked 
|  55|0x000000070b800000, 0x000000070b800000, 0x000000070ba00000|  0%| F|  |TAMS 0x000000070b800000| PB 0x000000070b800000| Untracked 
|  56|0x000000070ba00000, 0x000000070ba00000, 0x000000070bc00000|  0%| F|  |TAMS 0x000000070ba00000| PB 0x000000070ba00000| Untracked 
|  57|0x000000070bc00000, 0x000000070bc00000, 0x000000070be00000|  0%| F|  |TAMS 0x000000070bc00000| PB 0x000000070bc00000| Untracked 
|  58|0x000000070be00000, 0x000000070be00000, 0x000000070c000000|  0%| F|  |TAMS 0x000000070be00000| PB 0x000000070be00000| Untracked 
|  59|0x000000070c000000, 0x000000070c000000, 0x000000070c200000|  0%| F|  |TAMS 0x000000070c000000| PB 0x000000070c000000| Untracked 
|  60|0x000000070c200000, 0x000000070c200000, 0x000000070c400000|  0%| F|  |TAMS 0x000000070c200000| PB 0x000000070c200000| Untracked 
|  61|0x000000070c400000, 0x000000070c400000, 0x000000070c600000|  0%| F|  |TAMS 0x000000070c400000| PB 0x000000070c400000| Untracked 
|  62|0x000000070c600000, 0x000000070c600000, 0x000000070c800000|  0%| F|  |TAMS 0x000000070c600000| PB 0x000000070c600000| Untracked 
|  63|0x000000070c800000, 0x000000070c800000, 0x000000070ca00000|  0%| F|  |TAMS 0x000000070c800000| PB 0x000000070c800000| Untracked 
|  64|0x000000070ca00000, 0x000000070ca00000, 0x000000070cc00000|  0%| F|  |TAMS 0x000000070ca00000| PB 0x000000070ca00000| Untracked 
|  65|0x000000070cc00000, 0x000000070cc00000, 0x000000070ce00000|  0%| F|  |TAMS 0x000000070cc00000| PB 0x000000070cc00000| Untracked 
|  66|0x000000070ce00000, 0x000000070ce00000, 0x000000070d000000|  0%| F|  |TAMS 0x000000070ce00000| PB 0x000000070ce00000| Untracked 
|  67|0x000000070d000000, 0x000000070d000000, 0x000000070d200000|  0%| F|  |TAMS 0x000000070d000000| PB 0x000000070d000000| Untracked 
|  68|0x000000070d200000, 0x000000070d200000, 0x000000070d400000|  0%| F|  |TAMS 0x000000070d200000| PB 0x000000070d200000| Untracked 
|  69|0x000000070d400000, 0x000000070d400000, 0x000000070d600000|  0%| F|  |TAMS 0x000000070d400000| PB 0x000000070d400000| Untracked 
|  70|0x000000070d600000, 0x000000070d600000, 0x000000070d800000|  0%| F|  |TAMS 0x000000070d600000| PB 0x000000070d600000| Untracked 
|  71|0x000000070d800000, 0x000000070d800000, 0x000000070da00000|  0%| F|  |TAMS 0x000000070d800000| PB 0x000000070d800000| Untracked 
|  72|0x000000070da00000, 0x000000070da00000, 0x000000070dc00000|  0%| F|  |TAMS 0x000000070da00000| PB 0x000000070da00000| Untracked 
|  73|0x000000070dc00000, 0x000000070dc00000, 0x000000070de00000|  0%| F|  |TAMS 0x000000070dc00000| PB 0x000000070dc00000| Untracked 
|  74|0x000000070de00000, 0x000000070de00000, 0x000000070e000000|  0%| F|  |TAMS 0x000000070de00000| PB 0x000000070de00000| Untracked 
|  75|0x000000070e000000, 0x000000070e000000, 0x000000070e200000|  0%| F|  |TAMS 0x000000070e000000| PB 0x000000070e000000| Untracked 
|  76|0x000000070e200000, 0x000000070e200000, 0x000000070e400000|  0%| F|  |TAMS 0x000000070e200000| PB 0x000000070e200000| Untracked 
|  77|0x000000070e400000, 0x000000070e400000, 0x000000070e600000|  0%| F|  |TAMS 0x000000070e400000| PB 0x000000070e400000| Untracked 
|  78|0x000000070e600000, 0x000000070e600000, 0x000000070e800000|  0%| F|  |TAMS 0x000000070e600000| PB 0x000000070e600000| Untracked 
|  79|0x000000070e800000, 0x000000070e800000, 0x000000070ea00000|  0%| F|  |TAMS 0x000000070e800000| PB 0x000000070e800000| Untracked 
|  80|0x000000070ea00000, 0x000000070ea00000, 0x000000070ec00000|  0%| F|  |TAMS 0x000000070ea00000| PB 0x000000070ea00000| Untracked 
|  81|0x000000070ec00000, 0x000000070ec00000, 0x000000070ee00000|  0%| F|  |TAMS 0x000000070ec00000| PB 0x000000070ec00000| Untracked 
|  82|0x000000070ee00000, 0x000000070ee00000, 0x000000070f000000|  0%| F|  |TAMS 0x000000070ee00000| PB 0x000000070ee00000| Untracked 
|  83|0x000000070f000000, 0x000000070f000000, 0x000000070f200000|  0%| F|  |TAMS 0x000000070f000000| PB 0x000000070f000000| Untracked 
|  84|0x000000070f200000, 0x000000070f200000, 0x000000070f400000|  0%| F|  |TAMS 0x000000070f200000| PB 0x000000070f200000| Untracked 
|  85|0x000000070f400000, 0x000000070f400000, 0x000000070f600000|  0%| F|  |TAMS 0x000000070f400000| PB 0x000000070f400000| Untracked 
|  86|0x000000070f600000, 0x000000070f600000, 0x000000070f800000|  0%| F|  |TAMS 0x000000070f600000| PB 0x000000070f600000| Untracked 
|  87|0x000000070f800000, 0x000000070f800000, 0x000000070fa00000|  0%| F|  |TAMS 0x000000070f800000| PB 0x000000070f800000| Untracked 
|  88|0x000000070fa00000, 0x000000070fa00000, 0x000000070fc00000|  0%| F|  |TAMS 0x000000070fa00000| PB 0x000000070fa00000| Untracked 
|  89|0x000000070fc00000, 0x000000070fc00000, 0x000000070fe00000|  0%| F|  |TAMS 0x000000070fc00000| PB 0x000000070fc00000| Untracked 
|  90|0x000000070fe00000, 0x000000070fe00000, 0x0000000710000000|  0%| F|  |TAMS 0x000000070fe00000| PB 0x000000070fe00000| Untracked 
|  91|0x0000000710000000, 0x0000000710000000, 0x0000000710200000|  0%| F|  |TAMS 0x0000000710000000| PB 0x0000000710000000| Untracked 
|  92|0x0000000710200000, 0x0000000710200000, 0x0000000710400000|  0%| F|  |TAMS 0x0000000710200000| PB 0x0000000710200000| Untracked 
|  93|0x0000000710400000, 0x00000007105523d8, 0x0000000710600000| 66%| E|  |TAMS 0x0000000710400000| PB 0x0000000710400000| Complete 
|  94|0x0000000710600000, 0x0000000710800000, 0x0000000710800000|100%| E|CS|TAMS 0x0000000710600000| PB 0x0000000710600000| Complete 
|  95|0x0000000710800000, 0x0000000710a00000, 0x0000000710a00000|100%| E|CS|TAMS 0x0000000710800000| PB 0x0000000710800000| Complete 
|  96|0x0000000710a00000, 0x0000000710c00000, 0x0000000710c00000|100%| E|CS|TAMS 0x0000000710a00000| PB 0x0000000710a00000| Complete 
|  97|0x0000000710c00000, 0x0000000710e00000, 0x0000000710e00000|100%| E|CS|TAMS 0x0000000710c00000| PB 0x0000000710c00000| Complete 
|  98|0x0000000710e00000, 0x0000000711000000, 0x0000000711000000|100%| E|CS|TAMS 0x0000000710e00000| PB 0x0000000710e00000| Complete 
|  99|0x0000000711000000, 0x0000000711200000, 0x0000000711200000|100%| E|CS|TAMS 0x0000000711000000| PB 0x0000000711000000| Complete 
| 100|0x0000000711200000, 0x0000000711400000, 0x0000000711400000|100%| E|CS|TAMS 0x0000000711200000| PB 0x0000000711200000| Complete 
| 101|0x0000000711400000, 0x0000000711600000, 0x0000000711600000|100%| E|CS|TAMS 0x0000000711400000| PB 0x0000000711400000| Complete 
| 102|0x0000000711600000, 0x0000000711800000, 0x0000000711800000|100%| E|CS|TAMS 0x0000000711600000| PB 0x0000000711600000| Complete 
| 103|0x0000000711800000, 0x0000000711a00000, 0x0000000711a00000|100%| E|CS|TAMS 0x0000000711800000| PB 0x0000000711800000| Complete 
| 104|0x0000000711a00000, 0x0000000711c00000, 0x0000000711c00000|100%| E|CS|TAMS 0x0000000711a00000| PB 0x0000000711a00000| Complete 
| 105|0x0000000711c00000, 0x0000000711e00000, 0x0000000711e00000|100%| E|CS|TAMS 0x0000000711c00000| PB 0x0000000711c00000| Complete 
| 106|0x0000000711e00000, 0x0000000712000000, 0x0000000712000000|100%| E|CS|TAMS 0x0000000711e00000| PB 0x0000000711e00000| Complete 
| 107|0x0000000712000000, 0x00000007121a89c0, 0x0000000712200000| 82%| S|CS|TAMS 0x0000000712000000| PB 0x0000000712000000| Complete 
| 108|0x0000000712200000, 0x0000000712400000, 0x0000000712400000|100%| E|CS|TAMS 0x0000000712200000| PB 0x0000000712200000| Complete 
| 109|0x0000000712400000, 0x0000000712600000, 0x0000000712600000|100%| E|CS|TAMS 0x0000000712400000| PB 0x0000000712400000| Complete 
| 110|0x0000000712600000, 0x0000000712800000, 0x0000000712800000|100%| E|CS|TAMS 0x0000000712600000| PB 0x0000000712600000| Complete 
| 111|0x0000000712800000, 0x0000000712a00000, 0x0000000712a00000|100%| E|CS|TAMS 0x0000000712800000| PB 0x0000000712800000| Complete 
| 112|0x0000000712a00000, 0x0000000712c00000, 0x0000000712c00000|100%| E|CS|TAMS 0x0000000712a00000| PB 0x0000000712a00000| Complete 
| 113|0x0000000712c00000, 0x0000000712e00000, 0x0000000712e00000|100%| E|CS|TAMS 0x0000000712c00000| PB 0x0000000712c00000| Complete 
| 114|0x0000000712e00000, 0x0000000713000000, 0x0000000713000000|100%| E|CS|TAMS 0x0000000712e00000| PB 0x0000000712e00000| Complete 
| 115|0x0000000713000000, 0x0000000713200000, 0x0000000713200000|100%| E|CS|TAMS 0x0000000713000000| PB 0x0000000713000000| Complete 
| 116|0x0000000713200000, 0x0000000713400000, 0x0000000713400000|100%| E|CS|TAMS 0x0000000713200000| PB 0x0000000713200000| Complete 
| 117|0x0000000713400000, 0x0000000713600000, 0x0000000713600000|100%| E|CS|TAMS 0x0000000713400000| PB 0x0000000713400000| Complete 
| 118|0x0000000713600000, 0x0000000713800000, 0x0000000713800000|100%| E|CS|TAMS 0x0000000713600000| PB 0x0000000713600000| Complete 
| 119|0x0000000713800000, 0x0000000713a00000, 0x0000000713a00000|100%| E|CS|TAMS 0x0000000713800000| PB 0x0000000713800000| Complete 
| 120|0x0000000713a00000, 0x0000000713c00000, 0x0000000713c00000|100%| E|CS|TAMS 0x0000000713a00000| PB 0x0000000713a00000| Complete 
| 121|0x0000000713c00000, 0x0000000713e00000, 0x0000000713e00000|100%| E|CS|TAMS 0x0000000713c00000| PB 0x0000000713c00000| Complete 
| 122|0x0000000713e00000, 0x0000000714000000, 0x0000000714000000|100%| E|CS|TAMS 0x0000000713e00000| PB 0x0000000713e00000| Complete 
| 123|0x0000000714000000, 0x0000000714200000, 0x0000000714200000|100%| E|CS|TAMS 0x0000000714000000| PB 0x0000000714000000| Complete 
| 124|0x0000000714200000, 0x0000000714400000, 0x0000000714400000|100%| E|CS|TAMS 0x0000000714200000| PB 0x0000000714200000| Complete 
| 125|0x0000000714400000, 0x0000000714600000, 0x0000000714600000|100%| E|CS|TAMS 0x0000000714400000| PB 0x0000000714400000| Complete 

Card table byte_map: [0x00000134cf010000,0x00000134cf7f0000] _byte_map_base: 0x00000134cb7eb000

Marking Bits: (CMBitMap*) 0x00000134b71122e0
 Bits: [0x00000134cf7f0000, 0x00000134d36c8000)

Polling page: 0x00000134b4fe0000

Metaspace:

Usage:
  Non-class:     13.60 MB used.
      Class:      1.82 MB used.
       Both:     15.42 MB used.

Virtual space:
  Non-class space:       64.00 MB reserved,      13.75 MB ( 21%) committed,  1 nodes.
      Class space:        1.00 GB reserved,       1.94 MB ( <1%) committed,  1 nodes.
             Both:        1.06 GB reserved,      15.69 MB (  1%) committed. 

Chunk freelists:
   Non-Class:  1.81 MB
       Class:  13.92 MB
        Both:  15.73 MB

MaxMetaspaceSize: unlimited
CompressedClassSpaceSize: 1.00 GB
Initial GC threshold: 21.00 MB
Current GC threshold: 21.00 MB
CDS: on
 - commit_granule_bytes: 65536.
 - commit_granule_words: 8192.
 - virtual_space_node_default_size: 8388608.
 - enlarge_chunks_in_place: 1.
 - use_allocation_guard: 0.


Internal statistics:

num_allocs_failed_limit: 0.
num_arena_births: 144.
num_arena_deaths: 0.
num_vsnodes_births: 2.
num_vsnodes_deaths: 0.
num_space_committed: 251.
num_space_uncommitted: 0.
num_chunks_returned_to_freelist: 0.
num_chunks_taken_from_freelist: 670.
num_chunk_merges: 0.
num_chunk_splits: 468.
num_chunks_enlarged: 383.
num_inconsistent_stats: 0.

CodeHeap 'non-profiled nmethods': size=120000Kb used=1659Kb max_used=1659Kb free=118340Kb
 bounds [0x00000134c6fd0000, 0x00000134c7240000, 0x00000134ce500000]
CodeHeap 'profiled nmethods': size=120000Kb used=7812Kb max_used=7812Kb free=112187Kb
 bounds [0x00000134bf500000, 0x00000134bfcb0000, 0x00000134c6a30000]
CodeHeap 'non-nmethods': size=5760Kb used=1533Kb max_used=1569Kb free=4226Kb
 bounds [0x00000134c6a30000, 0x00000134c6ca0000, 0x00000134c6fd0000]
 total_blobs=4265 nmethods=3776 adapters=393
 compilation: enabled
              stopped_count=0, restarted_count=0
 full_count=0

Compilation events (20 events):
Event: 9.639 Thread 0x00000134d611d200 3742       3       java.lang.invoke.Invokers$Holder::linkToTargetMethod (13 bytes)
Event: 9.639 Thread 0x00000134d611d200 nmethod 3742 0x00000134bfc90210 code [0x00000134bfc903e0, 0x00000134bfc90810]
Event: 9.639 Thread 0x00000134d611d200 3743       3       java.lang.ThreadLocal::<init> (12 bytes)
Event: 9.639 Thread 0x00000134d611d200 nmethod 3743 0x00000134bfc90910 code [0x00000134bfc90ac0, 0x00000134bfc90cf0]
Event: 9.639 Thread 0x00000134d611d200 3747       1       org.eclipse.aether.resolution.ArtifactResult::getRepository (5 bytes)
Event: 9.639 Thread 0x00000134d611d200 nmethod 3747 0x00000134c7168290 code [0x00000134c7168420, 0x00000134c71684f0]
Event: 9.639 Thread 0x00000134d611d200 3744       1       org.eclipse.aether.resolution.VersionRequest::getTrace (5 bytes)
Event: 9.639 Thread 0x00000134d611d200 nmethod 3744 0x00000134c7168590 code [0x00000134c7168720, 0x00000134c71687f0]
Event: 9.639 Thread 0x00000134d611d200 3745       1       org.apache.maven.repository.internal.DefaultVersionResolver$Key::hashCode (5 bytes)
Event: 9.640 Thread 0x00000134d611d200 nmethod 3745 0x00000134c7168890 code [0x00000134c7168a20, 0x00000134c7168ae8]
Event: 9.640 Thread 0x00000134d611d200 3746       1       org.eclipse.aether.resolution.VersionResult::getVersion (5 bytes)
Event: 9.640 Thread 0x00000134d611d200 nmethod 3746 0x00000134c7168b90 code [0x00000134c7168d20, 0x00000134c7168df0]
Event: 9.641 Thread 0x00000134d611d200 3748   !   3       java.util.regex.Pattern::<init> (144 bytes)
Event: 9.643 Thread 0x00000134d611d200 nmethod 3748 0x00000134bfc90e10 code [0x00000134bfc91120, 0x00000134bfc921f0]
Event: 9.643 Thread 0x00000134d611d200 3749       1       org.apache.maven.model.ModelBase::setProperties (6 bytes)
Event: 9.644 Thread 0x00000134d611d200 nmethod 3749 0x00000134c7168e90 code [0x00000134c7169020, 0x00000134c7169140]
Event: 9.645 Thread 0x00000134d611d200 3751       3       java.lang.Integer::stringSize (47 bytes)
Event: 9.646 Thread 0x00000134d611d200 nmethod 3751 0x00000134bfc92790 code [0x00000134bfc92940, 0x00000134bfc92ba8]
Event: 9.651 Thread 0x00000134d611d200 3754       3       java.lang.StringBuilder::append (8 bytes)
Event: 9.651 Thread 0x00000134d611d200 nmethod 3754 0x00000134bfc92c90 code [0x00000134bfc92e40, 0x00000134bfc92f90]

GC Heap History (4 events):
Event: 2.855 GC heap before
{Heap before GC invocations=0 (full 0):
 garbage-first heap   total 258048K, used 22528K [0x0000000704a00000, 0x0000000800000000)
  region size 2048K, 11 young (22528K), 0 survivors (0K)
 Metaspace       used 5568K, committed 5760K, reserved 1114112K
  class space    used 649K, committed 768K, reserved 1048576K
}
Event: 2.886 GC heap after
{Heap after GC invocations=1 (full 0):
 garbage-first heap   total 258048K, used 3754K [0x0000000704a00000, 0x0000000800000000)
  region size 2048K, 2 young (4096K), 2 survivors (4096K)
 Metaspace       used 5568K, committed 5760K, reserved 1114112K
  class space    used 649K, committed 768K, reserved 1048576K
}
Event: 4.381 GC heap before
{Heap before GC invocations=1 (full 0):
 garbage-first heap   total 258048K, used 36522K [0x0000000704a00000, 0x0000000800000000)
  region size 2048K, 18 young (36864K), 2 survivors (4096K)
 Metaspace       used 9563K, committed 9728K, reserved 1114112K
  class space    used 1137K, committed 1216K, reserved 1048576K
}
Event: 4.389 GC heap after
{Heap after GC invocations=2 (full 0):
 garbage-first heap   total 258048K, used 5285K [0x0000000704a00000, 0x0000000800000000)
  region size 2048K, 1 young (2048K), 1 survivors (2048K)
 Metaspace       used 9563K, committed 9728K, reserved 1114112K
  class space    used 1137K, committed 1216K, reserved 1048576K
}

Dll operation events (8 events):
Event: 0.022 Loaded shared library D:\jdk21\bin\java.dll
Event: 0.440 Loaded shared library D:\jdk21\bin\jsvml.dll
Event: 0.502 Loaded shared library D:\jdk21\bin\net.dll
Event: 0.505 Loaded shared library D:\jdk21\bin\nio.dll
Event: 0.511 Loaded shared library D:\jdk21\bin\zip.dll
Event: 0.927 Loaded shared library C:\Users\ASUS\.m2\wrapper\dists\apache-maven-3.9.12\59fe215c0ad6947fea90184bf7add084544567b927287592651fda3782e0e798\lib\jansi-native\Windows\x86_64\jansi.dll
Event: 1.204 Loaded shared library D:\jdk21\bin\jimage.dll
Event: 1.214 Loaded shared library D:\jdk21\bin\verify.dll

Deoptimization events (20 events):
Event: 9.508 Thread 0x00000134b4e20710 Uncommon trap: trap_request=0xffffffc6 fr.pc=0x00000134c70e3900 relative=0x00000000000008c0
Event: 9.508 Thread 0x00000134b4e20710 Uncommon trap: reason=bimorphic_or_optimized_type_check action=maybe_recompile pc=0x00000134c70e3900 method=java.util.HashMap.putVal(ILjava/lang/Object;Ljava/lang/Object;ZZ)Ljava/lang/Object; @ 203 c2
Event: 9.508 Thread 0x00000134b4e20710 DEOPT PACKING pc=0x00000134c70e3900 sp=0x00000020e51fdbb0
Event: 9.508 Thread 0x00000134b4e20710 DEOPT UNPACKING pc=0x00000134c6a87da2 sp=0x00000020e51fdb40 mode 2
Event: 9.509 Thread 0x00000134b4e20710 Uncommon trap: trap_request=0xffffff45 fr.pc=0x00000134c708b3ec relative=0x00000000000001ac
Event: 9.509 Thread 0x00000134b4e20710 Uncommon trap: reason=unstable_if action=reinterpret pc=0x00000134c708b3ec method=java.util.HashMap.getNode(Ljava/lang/Object;)Ljava/util/HashMap$Node; @ 66 c2
Event: 9.509 Thread 0x00000134b4e20710 DEOPT PACKING pc=0x00000134c708b3ec sp=0x00000020e51fdc30
Event: 9.509 Thread 0x00000134b4e20710 DEOPT UNPACKING pc=0x00000134c6a87da2 sp=0x00000020e51fdbb0 mode 2
Event: 9.509 Thread 0x00000134b4e20710 Uncommon trap: trap_request=0xffffffc6 fr.pc=0x00000134c70e3900 relative=0x00000000000008c0
Event: 9.509 Thread 0x00000134b4e20710 Uncommon trap: reason=bimorphic_or_optimized_type_check action=maybe_recompile pc=0x00000134c70e3900 method=java.util.HashMap.putVal(ILjava/lang/Object;Ljava/lang/Object;ZZ)Ljava/lang/Object; @ 203 c2
Event: 9.509 Thread 0x00000134b4e20710 DEOPT PACKING pc=0x00000134c70e3900 sp=0x00000020e51fdbb0
Event: 9.509 Thread 0x00000134b4e20710 DEOPT UNPACKING pc=0x00000134c6a87da2 sp=0x00000020e51fdb40 mode 2
Event: 9.509 Thread 0x00000134b4e20710 Uncommon trap: trap_request=0xffffffc6 fr.pc=0x00000134c70e3900 relative=0x00000000000008c0
Event: 9.509 Thread 0x00000134b4e20710 Uncommon trap: reason=bimorphic_or_optimized_type_check action=maybe_recompile pc=0x00000134c70e3900 method=java.util.HashMap.putVal(ILjava/lang/Object;Ljava/lang/Object;ZZ)Ljava/lang/Object; @ 203 c2
Event: 9.509 Thread 0x00000134b4e20710 DEOPT PACKING pc=0x00000134c70e3900 sp=0x00000020e51fdbb0
Event: 9.509 Thread 0x00000134b4e20710 DEOPT UNPACKING pc=0x00000134c6a87da2 sp=0x00000020e51fdb40 mode 2
Event: 9.520 Thread 0x00000134b4e20710 Uncommon trap: trap_request=0xffffffc6 fr.pc=0x00000134c70e3900 relative=0x00000000000008c0
Event: 9.520 Thread 0x00000134b4e20710 Uncommon trap: reason=bimorphic_or_optimized_type_check action=maybe_recompile pc=0x00000134c70e3900 method=java.util.HashMap.putVal(ILjava/lang/Object;Ljava/lang/Object;ZZ)Ljava/lang/Object; @ 203 c2
Event: 9.521 Thread 0x00000134b4e20710 DEOPT PACKING pc=0x00000134c70e3900 sp=0x00000020e51fdbb0
Event: 9.521 Thread 0x00000134b4e20710 DEOPT UNPACKING pc=0x00000134c6a87da2 sp=0x00000020e51fdb40 mode 2

Classes loaded (20 events):
Event: 6.951 Loading class java/util/AbstractMap$2$1
Event: 6.951 Loading class java/util/AbstractMap$2$1 done
Event: 7.358 Loading class java/util/StringTokenizer
Event: 7.368 Loading class java/util/StringTokenizer done
Event: 7.402 Loading class sun/invoke/util/ValueConversions$1
Event: 7.402 Loading class sun/invoke/util/ValueConversions$1 done
Event: 7.403 Loading class java/lang/invoke/BoundMethodHandle$Species_LI
Event: 7.403 Loading class java/lang/invoke/BoundMethodHandle$Species_LI done
Event: 7.483 Loading class java/util/stream/Streams$RangeIntSpliterator
Event: 7.484 Loading class java/util/stream/Streams$RangeIntSpliterator done
Event: 9.035 Loading class java/util/stream/MatchOps$MatchKind
Event: 9.039 Loading class java/util/stream/MatchOps$MatchKind done
Event: 9.039 Loading class java/util/stream/MatchOps
Event: 9.040 Loading class java/util/stream/MatchOps done
Event: 9.040 Loading class java/util/stream/MatchOps$MatchOp
Event: 9.040 Loading class java/util/stream/MatchOps$MatchOp done
Event: 9.040 Loading class java/util/stream/MatchOps$BooleanTerminalSink
Event: 9.041 Loading class java/util/stream/MatchOps$BooleanTerminalSink done
Event: 9.042 Loading class java/util/stream/MatchOps$1MatchSink
Event: 9.042 Loading class java/util/stream/MatchOps$1MatchSink done

Classes unloaded (0 events):
No events

Classes redefined (0 events):
No events

Internal exceptions (20 events):
Event: 4.733 Thread 0x00000134b4e20710 Implicit null exception at 0x00000134c70569dd to 0x00000134c7056bd0
Event: 4.738 Thread 0x00000134b4e20710 Exception <a 'java/lang/NoSuchMethodError'{0x0000000713e86450}: 'java.lang.Object java.lang.invoke.Invokers$Holder.invokeExact_MT(java.lang.Object, int, java.lang.Object)'> (0x0000000713e86450) 
thrown [s\open\src\hotspot\share\interpreter\linkResolver.cpp, line 773]
Event: 5.321 Thread 0x00000134b4e20710 Exception <a 'java/lang/NoSuchMethodError'{0x00000007136f41e0}: 'void java.lang.invoke.Invokers$Holder.invokeExact_MT(java.lang.Object, java.lang.Object, java.lang.Object, java.lang.Object)'> (0x00000007136f41e0) 
thrown [s\open\src\hotspot\share\interpreter\linkResolver.cpp, line 773]
Event: 5.376 Thread 0x00000134b4e20710 Exception <a 'java/lang/NoClassDefFoundError'{0x000000071378e8d8}: com/google/inject/servlet/ServletModuleTargetVisitor> (0x000000071378e8d8) 
thrown [s\open\src\hotspot\share\classfile\systemDictionary.cpp, line 301]
Event: 6.584 Thread 0x00000134b4e20710 Exception <a 'java/lang/NoSuchMethodError'{0x00000007135f05a8}: 'java.lang.Object java.lang.invoke.DirectMethodHandle$Holder.invokeStaticInit(java.lang.Object, int, int, int, int)'> (0x00000007135f05a8) 
thrown [s\open\src\hotspot\share\interpreter\linkResolver.cpp, line 773]
Event: 6.887 Thread 0x00000134b4e20710 Implicit null exception at 0x00000134c700d6a4 to 0x00000134c700dd88
Event: 6.888 Thread 0x00000134b4e20710 Implicit null exception at 0x00000134c6ff97a0 to 0x00000134c6ff9e70
Event: 6.966 Thread 0x00000134b4e20710 Exception <a 'java/lang/NoSuchMethodError'{0x0000000712f0fe18}: 'void java.lang.invoke.DirectMethodHandle$Holder.invokeSpecial(java.lang.Object, java.lang.Object, java.lang.Object, java.lang.Object, java.lang.Object)'> (0x0000000712f0fe18) 
thrown [s\open\src\hotspot\share\interpreter\linkResolver.cpp, line 773]
Event: 6.971 Thread 0x00000134b4e20710 Exception <a 'java/lang/NoSuchMethodError'{0x0000000712f2a190}: 'void java.lang.invoke.DirectMethodHandle$Holder.invokeSpecial(java.lang.Object, java.lang.Object, java.lang.Object, java.lang.Object, java.lang.Object, java.lang.Object)'> (0x0000000712f2a190) 
thrown [s\open\src\hotspot\share\interpreter\linkResolver.cpp, line 773]
Event: 7.117 Thread 0x00000134b4e20710 Exception <a 'java/lang/NoSuchMethodError'{0x0000000712c1d1b0}: 'java.lang.Object java.lang.invoke.DirectMethodHandle$Holder.invokeVirtual(java.lang.Object, java.lang.Object, java.lang.Object)'> (0x0000000712c1d1b0) 
thrown [s\open\src\hotspot\share\interpreter\linkResolver.cpp, line 773]
Event: 7.401 Thread 0x00000134b4e20710 Exception <a 'java/lang/NoSuchMethodError'{0x0000000712d92770}: 'void java.lang.invoke.DirectMethodHandle$Holder.invokeVirtual(java.lang.Object, java.lang.Object, int)'> (0x0000000712d92770) 
thrown [s\open\src\hotspot\share\interpreter\linkResolver.cpp, line 773]
Event: 7.402 Thread 0x00000134b4e20710 Exception <a 'java/lang/NoSuchMethodError'{0x0000000712d968b8}: 'int java.lang.invoke.DirectMethodHandle$Holder.invokeSpecial(java.lang.Object, java.lang.Object, java.lang.Object, int)'> (0x0000000712d968b8) 
thrown [s\open\src\hotspot\share\interpreter\linkResolver.cpp, line 773]
Event: 7.417 Thread 0x00000134b4e20710 Exception <a 'java/lang/NoSuchMethodError'{0x0000000712da8f60}: 'java.lang.Object java.lang.invoke.DirectMethodHandle$Holder.invokeStatic(java.lang.Object, java.lang.Object, java.lang.Object, java.lang.Object, int)'> (0x0000000712da8f60) 
thrown [s\open\src\hotspot\share\interpreter\linkResolver.cpp, line 773]
Event: 7.418 Thread 0x00000134b4e20710 Exception <a 'java/lang/NoSuchMethodError'{0x0000000712db0d40}: 'void java.lang.invoke.DirectMethodHandle$Holder.invokeSpecial(java.lang.Object, java.lang.Object, java.lang.Object, int)'> (0x0000000712db0d40) 
thrown [s\open\src\hotspot\share\interpreter\linkResolver.cpp, line 773]
Event: 7.419 Thread 0x00000134b4e20710 Exception <a 'java/lang/NoSuchMethodError'{0x0000000712db4400}: 'void java.lang.invoke.DelegatingMethodHandle$Holder.reinvoke_L(java.lang.Object, java.lang.Object, int)'> (0x0000000712db4400) 
thrown [s\open\src\hotspot\share\interpreter\linkResolver.cpp, line 773]
Event: 9.403 Thread 0x00000134b4e20710 Implicit null exception at 0x00000134c7105a3f to 0x00000134c71074e4
Event: 9.403 Thread 0x00000134b4e20710 Implicit null exception at 0x00000134c708ab1b to 0x00000134c708ad54
Event: 9.403 Thread 0x00000134b4e20710 Implicit null exception at 0x00000134c70e4b0d to 0x00000134c70e5484
Event: 9.406 Thread 0x00000134b4e20710 Exception <a 'java/lang/NoSuchMethodError'{0x0000000710b5b448}: 'void java.lang.invoke.DirectMethodHandle$Holder.invokeStatic(java.lang.Object, java.lang.Object, java.lang.Object, java.lang.Object)'> (0x0000000710b5b448) 
thrown [s\open\src\hotspot\share\interpreter\linkResolver.cpp, line 773]
Event: 9.426 Thread 0x00000134b4e20710 Exception <a 'java/lang/NoSuchMethodError'{0x0000000710bda1c8}: 'int java.lang.invoke.DirectMethodHandle$Holder.invokeSpecialIFC(java.lang.Object, java.lang.Object, java.lang.Object, java.lang.Object)'> (0x0000000710bda1c8) 
thrown [s\open\src\hotspot\share\interpreter\linkResolver.cpp, line 773]

ZGC Phase Switch (0 events):
No events

VM Operations (20 events):
Event: 5.269 Executing VM operation: ICBufferFull
Event: 5.269 Executing VM operation: ICBufferFull done
Event: 5.307 Executing VM operation: HandshakeAllThreads (Deoptimize)
Event: 5.307 Executing VM operation: HandshakeAllThreads (Deoptimize) done
Event: 5.526 Executing VM operation: HandshakeAllThreads (Deoptimize)
Event: 5.526 Executing VM operation: HandshakeAllThreads (Deoptimize) done
Event: 5.599 Executing VM operation: HandshakeAllThreads (Deoptimize)
Event: 5.599 Executing VM operation: HandshakeAllThreads (Deoptimize) done
Event: 6.602 Executing VM operation: Cleanup
Event: 6.602 Executing VM operation: Cleanup done
Event: 6.629 Executing VM operation: HandshakeAllThreads (Deoptimize)
Event: 6.630 Executing VM operation: HandshakeAllThreads (Deoptimize) done
Event: 6.757 Executing VM operation: HandshakeAllThreads (Deoptimize)
Event: 6.757 Executing VM operation: HandshakeAllThreads (Deoptimize) done
Event: 6.759 Executing VM operation: HandshakeAllThreads (Deoptimize)
Event: 6.759 Executing VM operation: HandshakeAllThreads (Deoptimize) done
Event: 7.763 Executing VM operation: Cleanup
Event: 7.794 Executing VM operation: Cleanup done
Event: 8.802 Executing VM operation: Cleanup
Event: 8.848 Executing VM operation: Cleanup done

Events (20 events):
Event: 0.429 Thread 0x00000134d6114520 Thread added: 0x00000134d6114520
Event: 0.429 Thread 0x00000134d61153c0 Thread added: 0x00000134d61153c0
Event: 0.429 Thread 0x00000134d6115fd0 Thread added: 0x00000134d6115fd0
Event: 0.429 Thread 0x00000134d6117a40 Thread added: 0x00000134d6117a40
Event: 0.429 Thread 0x00000134d6118980 Thread added: 0x00000134d6118980
Event: 0.429 Thread 0x00000134d611d200 Thread added: 0x00000134d611d200
Event: 0.485 Thread 0x00000134d63f8380 Thread added: 0x00000134d63f8380
Event: 0.496 Thread 0x00000134d6407bf0 Thread added: 0x00000134d6407bf0
Event: 0.921 Thread 0x00000134d663dad0 Thread added: 0x00000134d663dad0
Event: 1.476 Thread 0x00000134d663dad0 Thread exited: 0x00000134d663dad0
Event: 2.798 Thread 0x00000134d6e6e6c0 Thread added: 0x00000134d6e6e6c0
Event: 3.929 Thread 0x00000134d6e6e6c0 Thread exited: 0x00000134d6e6e6c0
Event: 4.851 Thread 0x000001351c5ad3d0 Thread added: 0x000001351c5ad3d0
Event: 5.384 Thread 0x000001351c5ad3d0 Thread exited: 0x000001351c5ad3d0
Event: 5.433 Thread 0x000001351c5ad3d0 Thread added: 0x000001351c5ad3d0
Event: 6.444 Thread 0x000001351c5ad3d0 Thread exited: 0x000001351c5ad3d0
Event: 6.694 Thread 0x000001351c4975e0 Thread added: 0x000001351c4975e0
Event: 7.101 Thread 0x00000134d6a05ad0 Thread added: 0x00000134d6a05ad0
Event: 7.271 Thread 0x00000134d6a05ad0 Thread exited: 0x00000134d6a05ad0
Event: 7.499 Thread 0x000001351c808240 Thread added: 0x000001351c808240


Dynamic libraries:
0x00007ff675850000 - 0x00007ff675860000 	D:\jdk21\bin\java.exe
0x00007ff8fb430000 - 0x00007ff8fb647000 	C:\WINDOWS\SYSTEM32\ntdll.dll
0x00007ff8f9a80000 - 0x00007ff8f9b44000 	C:\WINDOWS\System32\KERNEL32.DLL
0x00007ff8f8cb0000 - 0x00007ff8f9082000 	C:\WINDOWS\System32\KERNELBASE.dll
0x00007ff8f85c0000 - 0x00007ff8f86d1000 	C:\WINDOWS\System32\ucrtbase.dll
0x00007ff8ec880000 - 0x00007ff8ec899000 	D:\jdk21\bin\jli.dll
0x00007ff8f9650000 - 0x00007ff8f9701000 	C:\WINDOWS\System32\ADVAPI32.dll
0x00007ff8fa5e0000 - 0x00007ff8fa687000 	C:\WINDOWS\System32\msvcrt.dll
0x00007ff8f9710000 - 0x00007ff8f97b8000 	C:\WINDOWS\System32\sechost.dll
0x00007ff8f86e0000 - 0x00007ff8f8708000 	C:\WINDOWS\System32\bcrypt.dll
0x00007ff8f97c0000 - 0x00007ff8f98d4000 	C:\WINDOWS\System32\RPCRT4.dll
0x00007ff8fb150000 - 0x00007ff8fb301000 	C:\WINDOWS\System32\USER32.dll
0x00007ff8f9090000 - 0x00007ff8f90b6000 	C:\WINDOWS\System32\win32u.dll
0x00007ff8f9970000 - 0x00007ff8f9999000 	C:\WINDOWS\System32\GDI32.dll
0x00007ff8f8710000 - 0x00007ff8f8833000 	C:\WINDOWS\System32\gdi32full.dll
0x00007ff8f8520000 - 0x00007ff8f85ba000 	C:\WINDOWS\System32\msvcp_win.dll
0x00007ff8ca790000 - 0x00007ff8ca7ab000 	D:\jdk21\bin\VCRUNTIME140.dll
0x00007ff8e4d00000 - 0x00007ff8e4f9b000 	C:\WINDOWS\WinSxS\amd64_microsoft.windows.common-controls_6595b64144ccf1df_6.0.22621.5547_none_27104afb73855772\COMCTL32.dll
0x00007ff8ecba0000 - 0x00007ff8ecbaa000 	C:\WINDOWS\SYSTEM32\VERSION.dll
0x00007ff8fa400000 - 0x00007ff8fa431000 	C:\WINDOWS\System32\IMM32.DLL
0x00007ff8ec870000 - 0x00007ff8ec87c000 	D:\jdk21\bin\vcruntime140_1.dll
0x00007ff8ca700000 - 0x00007ff8ca78e000 	D:\jdk21\bin\msvcp140.dll
0x00007ff870b60000 - 0x00007ff871875000 	D:\jdk21\bin\server\jvm.dll
0x00007ff8fb370000 - 0x00007ff8fb3e1000 	C:\WINDOWS\System32\WS2_32.dll
0x00007ff8f7cf0000 - 0x00007ff8f7d3d000 	C:\WINDOWS\SYSTEM32\POWRPROF.dll
0x00007ff8ee460000 - 0x00007ff8ee494000 	C:\WINDOWS\SYSTEM32\WINMM.dll
0x00007ff8f7ca0000 - 0x00007ff8f7cb3000 	C:\WINDOWS\SYSTEM32\UMPDC.dll
0x00007ff8f7520000 - 0x00007ff8f7538000 	C:\WINDOWS\SYSTEM32\kernel.appcore.dll
0x00007ff8dcba0000 - 0x00007ff8dcbaa000 	D:\jdk21\bin\jimage.dll
0x00007ff8f5f50000 - 0x00007ff8f6183000 	C:\WINDOWS\SYSTEM32\DBGHELP.DLL
0x00007ff8fab40000 - 0x00007ff8faed3000 	C:\WINDOWS\System32\combase.dll
0x00007ff8f99a0000 - 0x00007ff8f9a77000 	C:\WINDOWS\System32\OLEAUT32.dll
0x00007ff8c9860000 - 0x00007ff8c9892000 	C:\WINDOWS\SYSTEM32\dbgcore.DLL
0x00007ff8f8af0000 - 0x00007ff8f8b6b000 	C:\WINDOWS\System32\bcryptPrimitives.dll
0x00007ff8ca6e0000 - 0x00007ff8ca6ff000 	D:\jdk21\bin\java.dll
0x00007ff8f9b50000 - 0x00007ff8fa3f2000 	C:\WINDOWS\System32\SHELL32.dll
0x00007ff8f8b70000 - 0x00007ff8f8caf000 	C:\WINDOWS\System32\wintypes.dll
0x00007ff8f6400000 - 0x00007ff8f6d1d000 	C:\WINDOWS\SYSTEM32\windows.storage.dll
0x00007ff8fafa0000 - 0x00007ff8fb0ac000 	C:\WINDOWS\System32\SHCORE.dll
0x00007ff8faac0000 - 0x00007ff8fab29000 	C:\WINDOWS\System32\shlwapi.dll
0x00007ff8f8450000 - 0x00007ff8f847b000 	C:\WINDOWS\SYSTEM32\profapi.dll
0x00007ff8ca600000 - 0x00007ff8ca6d7000 	D:\jdk21\bin\jsvml.dll
0x00007ff8dbcf0000 - 0x00007ff8dbd00000 	D:\jdk21\bin\net.dll
0x00007ff8efb60000 - 0x00007ff8efc8c000 	C:\WINDOWS\SYSTEM32\WINHTTP.dll
0x00007ff8f7a40000 - 0x00007ff8f7aa9000 	C:\WINDOWS\system32\mswsock.dll
0x00007ff8ca5e0000 - 0x00007ff8ca5f6000 	D:\jdk21\bin\nio.dll
0x00007ff8ca5c0000 - 0x00007ff8ca5d8000 	D:\jdk21\bin\zip.dll
0x00007ff8b8560000 - 0x00007ff8b8584000 	C:\Users\ASUS\.m2\wrapper\dists\apache-maven-3.9.12\59fe215c0ad6947fea90184bf7add084544567b927287592651fda3782e0e798\lib\jansi-native\Windows\x86_64\jansi.dll
0x00007ff8d76b0000 - 0x00007ff8d76c0000 	D:\jdk21\bin\verify.dll

dbghelp: loaded successfully - version: 4.0.5 - missing functions: none
symbol engine: initialized successfully - sym options: 0x614 - pdb path: .;D:\jdk21\bin;C:\WINDOWS\SYSTEM32;C:\WINDOWS\WinSxS\amd64_microsoft.windows.common-controls_6595b64144ccf1df_6.0.22621.5547_none_27104afb73855772;D:\jdk21\bin\server;C:\Users\ASUS\.m2\wrapper\dists\apache-maven-3.9.12\59fe215c0ad6947fea90184bf7add084544567b927287592651fda3782e0e798\lib\jansi-native\Windows\x86_64

VM Arguments:
jvm_args: --enable-native-access=ALL-UNNAMED -Dclassworlds.conf=C:\\Users\\ASUS\\.m2\\wrapper\\dists\\apache-maven-3.9.12\\59fe215c0ad6947fea90184bf7add084544567b927287592651fda3782e0e798\\bin\\m2.conf -Dmaven.home=C:\\Users\\ASUS\\.m2\\wrapper\\dists\\apache-maven-3.9.12\\59fe215c0ad6947fea90184bf7add084544567b927287592651fda3782e0e798 -Dlibrary.jansi.path=C:\\Users\\ASUS\\.m2\\wrapper\\dists\\apache-maven-3.9.12\\59fe215c0ad6947fea90184bf7add084544567b927287592651fda3782e0e798\\lib\\jansi-native -Dmaven.multiModuleProjectDirectory=D:\\studymatch\\backend\\social_service 
java_command: org.codehaus.plexus.classworlds.launcher.Launcher spring-boot:run
java_class_path (initial): C:\\Users\\ASUS\\.m2\\wrapper\\dists\\apache-maven-3.9.12\\59fe215c0ad6947fea90184bf7add084544567b927287592651fda3782e0e798\\boot\\plexus-classworlds-2.9.0.jar
Launcher Type: SUN_STANDARD

[Global flags]
     intx CICompilerCount                          = 4                                         {product} {ergonomic}
     uint ConcGCThreads                            = 2                                         {product} {ergonomic}
     uint G1ConcRefinementThreads                  = 8                                         {product} {ergonomic}
   size_t G1HeapRegionSize                         = 2097152                                   {product} {ergonomic}
    uintx GCDrainStackTargetSize                   = 64                                        {product} {ergonomic}
   size_t InitialHeapSize                          = 264241152                                 {product} {ergonomic}
   size_t MarkStackSize                            = 4194304                                   {product} {ergonomic}
   size_t MaxHeapSize                              = 4217372672                                {product} {ergonomic}
   size_t MaxNewSize                               = 2529165312                                {product} {ergonomic}
   size_t MinHeapDeltaBytes                        = 2097152                                   {product} {ergonomic}
   size_t MinHeapSize                              = 8388608                                   {product} {ergonomic}
    uintx NonNMethodCodeHeapSize                   = 5839372                                {pd product} {ergonomic}
    uintx NonProfiledCodeHeapSize                  = 122909434                              {pd product} {ergonomic}
    uintx ProfiledCodeHeapSize                     = 122909434                              {pd product} {ergonomic}
    uintx ReservedCodeCacheSize                    = 251658240                              {pd product} {ergonomic}
     bool SegmentedCodeCache                       = true                                      {product} {ergonomic}
   size_t SoftMaxHeapSize                          = 4217372672                             {manageable} {ergonomic}
     bool UseCompressedOops                        = true                           {product lp64_product} {ergonomic}
     bool UseG1GC                                  = true                                      {product} {ergonomic}
     bool UseLargePagesIndividualAllocation        = false                                  {pd product} {ergonomic}

Logging:
Log output configuration:
 #0: stdout all=warning uptime,level,tags foldmultilines=false
 #1: stderr all=off uptime,level,tags foldmultilines=false

Environment Variables:
PATH=D:\download\sdk_flutter\flutter_3.27.1\flutter\bin\cache\dart-sdk\bin\;C:\Program Files\Python312\Scripts\;C:\Program Files\Python312\;C:\Program Files\Common Files\Oracle\Java\javapath;C:\WINDOWS\system32;C:\WINDOWS;C:\WINDOWS\System32\Wbem;C:\WINDOWS\System32\WindowsPowerShell\v1.0\;C:\WINDOWS\System32\OpenSSH\;C:\Program Files (x86)\Java\jre1.8.0_351;C:\Program Files\Git\cmd;C:\Program Files (x86)\Microsoft SQL Server\160\Tools\Binn\;C:\Program Files\Microsoft SQL Server\160\Tools\Binn\;C:\Program Files\Microsoft SQL Server\Client SDK\ODBC\170\Tools\Binn\;C:\Program Files\Microsoft SQL Server\160\DTS\Binn\;C:\Program Files\Microsoft SQL Server\150\Tools\Binn\;C:\apache-maven-3.9.9-bin\apache-maven-3.9.9\bin;C:\Program Files\PuTTY\;C:\gradle-8.13\bin;D:\jdk21\bin;C:\Users\YourName\AppData\Roaming\npm;C:\Program Files\dotnet\;D:\download\ngrok-v3-stable-windows-amd64;C:\Users\ASUS\AppData\Local\Android\Sdk\platform-tools;C:\Program Files\nodejs\;C:\Program Files\k6\;C:\Users\ASUS\AppData\Roaming\Python\Python312\Scripts;;C:\Program Files\Docker\Docker\resources\bin;C:\Users\ASUS\.dotnet\tools;D:\Microsoft VS Code\bin;C:\Program Files\Python312\Scripts;C:\Users\ASUS\AppData\Local\Android\Sdk\platform-tools;C:\Users\ASUS\AppData\Roaming\npm;D:\intellj\IntelliJ IDEA 2025.3.1\bin;C:\Program Files\k6;C:\Users\ASUS\AppData\Roaming\Python\Python312\Scripts;C:\Users\ASUS\AppData\Local\Programs\Antigravity IDE\bin;C:\Users\ASUS\AppData\Local\Pub\Cache\bin;D:\Antigravity IDE\bin;D:\download\sdk_flutter\flutter_3.27.1\flutter\bin;D:\gcloud\google-cloud-sdk\bin;c:\Users\ASUS\.antigravity-ide\extensions\vscjava.vscode-java-debug-0.59.0-universal\bundled\scripts\noConfigScripts
USERNAME=ASUS
LANG=en_US.UTF-8
OS=Windows_NT
PROCESSOR_IDENTIFIER=Intel64 Family 6 Model 140 Stepping 1, GenuineIntel
TMP=C:\Users\ASUS\AppData\Local\Temp
TEMP=C:\Users\ASUS\AppData\Local\Temp




Periodic native trim disabled

---------------  S Y S T E M  ---------------

OS:
 Windows 11 , 64 bit Build 22621 (10.0.22621.5415)
OS uptime: 0 days 1:18 hours
Hyper-V role detected

CPU: total 8 (initial active 8) (4 cores per cpu, 2 threads per core) family 6 model 140 stepping 1 microcode 0x8a, cx8, cmov, fxsr, ht, mmx, 3dnowpref, sse, sse2, sse3, ssse3, sse4.1, sse4.2, popcnt, lzcnt, tsc, tscinvbit, avx, avx2, aes, erms, clmul, bmi1, bmi2, adx, avx512f, avx512dq, avx512cd, avx512bw, avx512vl, sha, fma, vzeroupper, avx512_vpopcntdq, avx512_vpclmulqdq, avx512_vaes, avx512_vnni, clflush, clflushopt, clwb, avx512_vbmi2, avx512_vbmi, hv, rdtscp, rdpid, fsrm, gfni, avx512_bitalg, f16c, cet_ibt, cet_ss, avx512_ifma
Processor Information for processor 0
  Max Mhz: 2419, Current Mhz: 1209, Mhz Limit: 2419
Processor Information for processor 1
  Max Mhz: 2419, Current Mhz: 1209, Mhz Limit: 2419
Processor Information for processor 2
  Max Mhz: 2419, Current Mhz: 1209, Mhz Limit: 2419
Processor Information for processor 3
  Max Mhz: 2419, Current Mhz: 1209, Mhz Limit: 2419
Processor Information for processor 4
  Max Mhz: 2419, Current Mhz: 1612, Mhz Limit: 2419
Processor Information for processor 5
  Max Mhz: 2419, Current Mhz: 1209, Mhz Limit: 2419
Processor Information for processor 6
  Max Mhz: 2419, Current Mhz: 1209, Mhz Limit: 2419
Processor Information for processor 7
  Max Mhz: 2419, Current Mhz: 1209, Mhz Limit: 2419

Memory: 4k page, system-wide physical 16080M (732M free)
TotalPageFile size 27175M (AvailPageFile size 1M)
current process WorkingSet (physical memory assigned to process): 149M, peak: 149M
current process commit charge ("private bytes"): 376M, peak: 378M

vm_info: Java HotSpot(TM) 64-Bit Server VM (21.0.1+12-LTS-29) for windows-amd64 JRE (21.0.1+12-LTS-29), built on 2023-10-05T13:27:09Z by "mach5one" with MS VC++ 17.1 (VS2022)

END.
