#
# There is insufficient memory for the Java Runtime Environment to continue.
# Native memory allocation (mmap) failed to map 54525952 bytes for G1 virtual space
# Possible reasons:
#   The system is out of physical RAM or swap space
#   The process is running with CompressedOops enabled, and the Java Heap may be blocking the growth of the native heap
# Possible solutions:
#   Reduce memory load on the system
#   Increase physical memory or swap space
#   Check if swap backing store is full
#   Decrease Java heap size (-Xmx/-Xms)
#   Decrease number of Java threads
#   Decrease Java thread stack sizes (-Xss)
#   Set larger code cache with -XX:ReservedCodeCacheSize=
#   JVM is running with Zero Based Compressed Oops mode in which the Java heap is
#     placed in the first 32GB address space. The Java Heap base address is the
#     maximum limit for the native heap growth. Please use -XX:HeapBaseMinAddress
#     to set the Java Heap base and to place the Java Heap above 32GB virtual address.
# This output file may be truncated or incomplete.
#
#  Out of Memory Error (os_windows.cpp:3600), pid=2452, tid=21588
#
# JRE version: Java(TM) SE Runtime Environment (21.0.1+12) (build 21.0.1+12-LTS-29)
# Java VM: Java HotSpot(TM) 64-Bit Server VM (21.0.1+12-LTS-29, mixed mode, emulated-client, sharing, tiered, compressed oops, compressed class ptrs, g1 gc, windows-amd64)
# No core dump will be written. Minidumps are not enabled by default on client versions of Windows
#

---------------  S U M M A R Y ------------

Command Line: -XX:TieredStopAtLevel=1 com.example.microservice.services.SocialServiceApplication

Host: 11th Gen Intel(R) Core(TM) i5-1135G7 @ 2.40GHz, 8 cores, 15G,  Windows 11 , 64 bit Build 22621 (10.0.22621.5415)
Time: Wed Jul 22 11:56:23 2026 SE Asia Standard Time elapsed time: 30.075306 seconds (0d 0h 0m 30s)

---------------  T H R E A D  ---------------

Current thread (0x00000252ff1f3b70):  VMThread "VM Thread"          [id=21588, stack(0x000000bc73500000,0x000000bc73600000) (1024K)]

Stack: [0x000000bc73500000,0x000000bc73600000]
Native frames: (J=compiled Java code, j=interpreted, Vv=VM code, C=native code)
V  [jvm.dll+0x6c9029]
V  [jvm.dll+0x854b81]
V  [jvm.dll+0x856e5e]
V  [jvm.dll+0x857543]
V  [jvm.dll+0x280c06]
V  [jvm.dll+0x6c5715]
V  [jvm.dll+0x6ba10a]
V  [jvm.dll+0x3557ea]
V  [jvm.dll+0x35d436]
V  [jvm.dll+0x3ae1be]
V  [jvm.dll+0x3ae468]
V  [jvm.dll+0x3291fc]
V  [jvm.dll+0x32baa6]
V  [jvm.dll+0x3359fe]
V  [jvm.dll+0x36bc65]
V  [jvm.dll+0x85d048]
V  [jvm.dll+0x85e144]
V  [jvm.dll+0x85e680]
V  [jvm.dll+0x85e923]
V  [jvm.dll+0x7fd728]
V  [jvm.dll+0x6c777d]
C  [ucrtbase.dll+0x29333]
C  [KERNEL32.DLL+0x1259d]
C  [ntdll.dll+0x5af78]

VM_Operation (0x000000bc730ff520): G1PauseRemark, mode: safepoint, requested by thread 0x00000252ee451790


---------------  P R O C E S S  ---------------

Threads class SMR info:
_java_thread_list=0x00000252c9c30820, length=17, elements={
0x00000252ec0ad910, 0x00000252ff212190, 0x00000252ff213260, 0x00000252ff2179a0,
0x00000252ff218530, 0x00000252ff2190c0, 0x00000252ff219fb0, 0x00000252ff21abc0,
0x00000252ff4bdae0, 0x00000252ff4be5f0, 0x00000252ff4ce8c0, 0x00000252c811e800,
0x00000252c75f4ac0, 0x00000252c75f5130, 0x00000252c859f880, 0x00000252c8a3ecb0,
0x00000252ff54dfb0
}

Java Threads: ( => current thread )
  0x00000252ec0ad910 JavaThread "main"                              [_thread_blocked, id=12164, stack(0x000000bc72e00000,0x000000bc72f00000) (1024K)]
  0x00000252ff212190 JavaThread "Reference Handler"          daemon [_thread_blocked, id=21828, stack(0x000000bc73600000,0x000000bc73700000) (1024K)]
  0x00000252ff213260 JavaThread "Finalizer"                  daemon [_thread_blocked, id=20580, stack(0x000000bc73700000,0x000000bc73800000) (1024K)]
  0x00000252ff2179a0 JavaThread "Signal Dispatcher"          daemon [_thread_blocked, id=19268, stack(0x000000bc73800000,0x000000bc73900000) (1024K)]
  0x00000252ff218530 JavaThread "Attach Listener"            daemon [_thread_blocked, id=11444, stack(0x000000bc73900000,0x000000bc73a00000) (1024K)]
  0x00000252ff2190c0 JavaThread "Service Thread"             daemon [_thread_blocked, id=17364, stack(0x000000bc73a00000,0x000000bc73b00000) (1024K)]
  0x00000252ff219fb0 JavaThread "Monitor Deflation Thread"   daemon [_thread_blocked, id=17972, stack(0x000000bc73b00000,0x000000bc73c00000) (1024K)]
  0x00000252ff21abc0 JavaThread "C1 CompilerThread0"         daemon [_thread_blocked, id=18936, stack(0x000000bc73c00000,0x000000bc73d00000) (1024K)]
  0x00000252ff4bdae0 JavaThread "Notification Thread"        daemon [_thread_blocked, id=18508, stack(0x000000bc73d00000,0x000000bc73e00000) (1024K)]
  0x00000252ff4be5f0 JavaThread "Common-Cleaner"             daemon [_thread_blocked, id=14368, stack(0x000000bc73e00000,0x000000bc73f00000) (1024K)]
  0x00000252ff4ce8c0 JavaThread "C1 CompilerThread1"         daemon [_thread_blocked, id=8876, stack(0x000000bc73f00000,0x000000bc74000000) (1024K)]
  0x00000252c811e800 JavaThread "Catalina-utility-1"                [_thread_blocked, id=19436, stack(0x000000bc74700000,0x000000bc74800000) (1024K)]
  0x00000252c75f4ac0 JavaThread "Catalina-utility-2"                [_thread_blocked, id=13324, stack(0x000000bc74b00000,0x000000bc74c00000) (1024K)]
  0x00000252c75f5130 JavaThread "container-0"                       [_thread_blocked, id=19612, stack(0x000000bc74c00000,0x000000bc74d00000) (1024K)]
  0x00000252c859f880 JavaThread "mysql-cj-abandoned-connection-cleanup" daemon [_thread_blocked, id=19168, stack(0x000000bc74d00000,0x000000bc74e00000) (1024K)]
  0x00000252c8a3ecb0 JavaThread "HikariPool-1 housekeeper"   daemon [_thread_blocked, id=7488, stack(0x000000bc74f00000,0x000000bc75000000) (1024K)]
  0x00000252ff54dfb0 JavaThread "spring.cloud.inetutils"     daemon [_thread_blocked, id=19156, stack(0x000000bc74000000,0x000000bc74100000) (1024K)]
Total: 17

Other Threads:
=>0x00000252ff1f3b70 VMThread "VM Thread"                           [id=21588, stack(0x000000bc73500000,0x000000bc73600000) (1024K)]
  0x00000252ff1d46d0 WatcherThread "VM Periodic Task Thread"        [id=8604, stack(0x000000bc73400000,0x000000bc73500000) (1024K)]
  0x00000252ee440c60 WorkerThread "GC Thread#0"                     [id=2292, stack(0x000000bc72f00000,0x000000bc73000000) (1024K)]
  0x00000252ffcb1fb0 WorkerThread "GC Thread#1"                     [id=10608, stack(0x000000bc74200000,0x000000bc74300000) (1024K)]
  0x00000252ffcb2350 WorkerThread "GC Thread#2"                     [id=10644, stack(0x000000bc74300000,0x000000bc74400000) (1024K)]
  0x00000252ffcb26f0 WorkerThread "GC Thread#3"                     [id=17660, stack(0x000000bc74400000,0x000000bc74500000) (1024K)]
  0x00000252ffcb2a90 WorkerThread "GC Thread#4"                     [id=22404, stack(0x000000bc74500000,0x000000bc74600000) (1024K)]
  0x00000252ffd76840 WorkerThread "GC Thread#5"                     [id=9272, stack(0x000000bc74600000,0x000000bc74700000) (1024K)]
  0x00000252c7509780 WorkerThread "GC Thread#6"                     [id=18680, stack(0x000000bc74800000,0x000000bc74900000) (1024K)]
  0x00000252c75d3a00 WorkerThread "GC Thread#7"                     [id=18700, stack(0x000000bc74900000,0x000000bc74a00000) (1024K)]
  0x00000252ee451790 ConcurrentGCThread "G1 Main Marker"            [id=16664, stack(0x000000bc73000000,0x000000bc73100000) (1024K)]
  0x00000252ee452aa0 WorkerThread "G1 Conc#0"                       [id=19700, stack(0x000000bc73100000,0x000000bc73200000) (1024K)]
  0x00000252c7750940 WorkerThread "G1 Conc#1"                       [id=18452, stack(0x000000bc74a00000,0x000000bc74b00000) (1024K)]
  0x00000252ff0a5100 ConcurrentGCThread "G1 Refine#0"               [id=18068, stack(0x000000bc73200000,0x000000bc73300000) (1024K)]
  0x00000252ff0a9190 ConcurrentGCThread "G1 Service"                [id=19264, stack(0x000000bc73300000,0x000000bc73400000) (1024K)]
Total: 15

Threads with active compile tasks:
Total: 0

VM state: at safepoint (normal execution)

VM Mutex/Monitor currently owned by a thread:  ([mutex/lock_event])
[0x00007ff87179a5f8] Threads_lock - owner thread: 0x00000252ff1f3b70
[0x00007ff87179a6f8] Heap_lock - owner thread: 0x00000252ee451790

Heap address: 0x0000000704a00000, size: 4022 MB, Compressed Oops mode: Zero based, Oop shift amount: 3

CDS archive(s) mapped at: [0x0000025282000000-0x0000025282c90000-0x0000025282c90000), size 13172736, SharedBaseAddress: 0x0000025282000000, ArchiveRelocationMode: 1.
Compressed class space mapped at: 0x0000025283000000-0x00000252c3000000, reserved size: 1073741824
Narrow klass base: 0x0000025282000000, Narrow klass shift: 0, Narrow klass range: 0x100000000

GC Precious Log:
 CardTable entry size: 512
 Card Set container configuration: InlinePtr #cards 4 size 8 Array Of Cards #cards 16 size 48 Howl #buckets 8 coarsen threshold 3686 Howl Bitmap #cards 512 size 80 coarsen threshold 460 Card regions per heap region 1 cards per card region 4096
 CPUs: 8 total, 8 available
 Memory: 16080M
 Large Page Support: Disabled
 NUMA Support: Disabled
 Compressed Oops: Enabled (Zero based)
 Heap Region Size: 2M
 Heap Min Capacity: 8M
 Heap Initial Capacity: 252M
 Heap Max Capacity: 4022M
 Pre-touch: Disabled
 Parallel Workers: 8
 Concurrent Workers: 2
 Concurrent Refinement Workers: 8
 Periodic GC: Disabled

Heap:
 garbage-first heap   total 180224K, used 150016K [0x0000000704a00000, 0x0000000800000000)
  region size 2048K, 14 young (28672K), 3 survivors (6144K)
 Metaspace       used 72766K, committed 73536K, reserved 1114112K
  class space    used 10696K, committed 11008K, reserved 1048576K

Heap Regions: E=young(eden), S=young(survivor), O=old, HS=humongous(starts), HC=humongous(continues), CS=collection set, F=free, TAMS=top-at-mark-start, PB=parsable bottom
|   0|0x0000000704a00000, 0x0000000704c00000, 0x0000000704c00000|100%| O|  |TAMS 0x0000000704c00000| PB 0x0000000704c00000| Untracked 
|   1|0x0000000704c00000, 0x0000000704e00000, 0x0000000704e00000|100%| O|  |TAMS 0x0000000704e00000| PB 0x0000000704e00000| Updating 
|   2|0x0000000704e00000, 0x0000000705000000, 0x0000000705000000|100%| O|  |TAMS 0x0000000705000000| PB 0x0000000705000000| Untracked 
|   3|0x0000000705000000, 0x0000000705200000, 0x0000000705200000|100%| O|  |TAMS 0x0000000705200000| PB 0x0000000705200000| Updating 
|   4|0x0000000705200000, 0x0000000705400000, 0x0000000705400000|100%| O|  |TAMS 0x0000000705400000| PB 0x0000000705400000| Untracked 
|   5|0x0000000705400000, 0x0000000705600000, 0x0000000705600000|100%| O|  |TAMS 0x0000000705600000| PB 0x0000000705600000| Untracked 
|   6|0x0000000705600000, 0x0000000705800000, 0x0000000705800000|100%| O|  |TAMS 0x0000000705800000| PB 0x0000000705800000| Updating 
|   7|0x0000000705800000, 0x0000000705a00000, 0x0000000705a00000|100%| O|  |TAMS 0x0000000705a00000| PB 0x0000000705a00000| Untracked 
|   8|0x0000000705a00000, 0x0000000705c00000, 0x0000000705c00000|100%| O|  |TAMS 0x0000000705c00000| PB 0x0000000705c00000| Untracked 
|   9|0x0000000705c00000, 0x0000000705e00000, 0x0000000705e00000|100%| O|  |TAMS 0x0000000705e00000| PB 0x0000000705e00000| Untracked 
|  10|0x0000000705e00000, 0x0000000706000000, 0x0000000706000000|100%| O|  |TAMS 0x0000000706000000| PB 0x0000000706000000| Untracked 
|  11|0x0000000706000000, 0x0000000706200000, 0x0000000706200000|100%| O|  |TAMS 0x0000000706200000| PB 0x0000000706200000| Updating 
|  12|0x0000000706200000, 0x0000000706400000, 0x0000000706400000|100%| O|  |TAMS 0x0000000706400000| PB 0x0000000706400000| Updating 
|  13|0x0000000706400000, 0x0000000706600000, 0x0000000706600000|100%| O|  |TAMS 0x0000000706400000| PB 0x0000000706400000| Untracked 
|  14|0x0000000706600000, 0x0000000706800000, 0x0000000706800000|100%| O|  |TAMS 0x0000000706800000| PB 0x0000000706800000| Untracked 
|  15|0x0000000706800000, 0x0000000706a00000, 0x0000000706a00000|100%| O|  |TAMS 0x0000000706a00000| PB 0x0000000706a00000| Untracked 
|  16|0x0000000706a00000, 0x0000000706c00000, 0x0000000706c00000|100%| O|  |TAMS 0x0000000706c00000| PB 0x0000000706c00000| Untracked 
|  17|0x0000000706c00000, 0x0000000706e00000, 0x0000000706e00000|100%| O|  |TAMS 0x0000000706e00000| PB 0x0000000706e00000| Updating 
|  18|0x0000000706e00000, 0x0000000707000000, 0x0000000707000000|100%| O|  |TAMS 0x0000000707000000| PB 0x0000000707000000| Untracked 
|  19|0x0000000707000000, 0x0000000707200000, 0x0000000707200000|100%| O|  |TAMS 0x0000000707200000| PB 0x0000000707200000| Untracked 
|  20|0x0000000707200000, 0x0000000707400000, 0x0000000707400000|100%| O|  |TAMS 0x0000000707400000| PB 0x0000000707400000| Untracked 
|  21|0x0000000707400000, 0x0000000707600000, 0x0000000707600000|100%| O|  |TAMS 0x0000000707600000| PB 0x0000000707600000| Updating 
|  22|0x0000000707600000, 0x0000000707800000, 0x0000000707800000|100%| O|  |TAMS 0x0000000707800000| PB 0x0000000707800000| Untracked 
|  23|0x0000000707800000, 0x0000000707a00000, 0x0000000707a00000|100%| O|  |TAMS 0x0000000707a00000| PB 0x0000000707a00000| Untracked 
|  24|0x0000000707a00000, 0x0000000707c00000, 0x0000000707c00000|100%| O|  |TAMS 0x0000000707c00000| PB 0x0000000707c00000| Untracked 
|  25|0x0000000707c00000, 0x0000000707e00000, 0x0000000707e00000|100%| O|  |TAMS 0x0000000707c00000| PB 0x0000000707c00000| Untracked 
|  26|0x0000000707e00000, 0x0000000708000000, 0x0000000708000000|100%| O|  |TAMS 0x0000000708000000| PB 0x0000000708000000| Updating 
|  27|0x0000000708000000, 0x0000000708200000, 0x0000000708200000|100%| O|  |TAMS 0x0000000708200000| PB 0x0000000708200000| Untracked 
|  28|0x0000000708200000, 0x0000000708400000, 0x0000000708400000|100%| O|  |TAMS 0x0000000708200000| PB 0x0000000708200000| Untracked 
|  29|0x0000000708400000, 0x0000000708600000, 0x0000000708600000|100%| O|  |TAMS 0x0000000708600000| PB 0x0000000708600000| Updating 
|  30|0x0000000708600000, 0x0000000708800000, 0x0000000708800000|100%| O|  |TAMS 0x0000000708800000| PB 0x0000000708800000| Untracked 
|  31|0x0000000708800000, 0x0000000708a00000, 0x0000000708a00000|100%| O|  |TAMS 0x0000000708a00000| PB 0x0000000708a00000| Untracked 
|  32|0x0000000708a00000, 0x0000000708c00000, 0x0000000708c00000|100%| O|  |TAMS 0x0000000708c00000| PB 0x0000000708c00000| Untracked 
|  33|0x0000000708c00000, 0x0000000708e00000, 0x0000000708e00000|100%| O|  |TAMS 0x0000000708e00000| PB 0x0000000708e00000| Untracked 
|  34|0x0000000708e00000, 0x0000000709000000, 0x0000000709000000|100%| O|  |TAMS 0x0000000709000000| PB 0x0000000709000000| Updating 
|  35|0x0000000709000000, 0x0000000709200000, 0x0000000709200000|100%| O|  |TAMS 0x0000000709200000| PB 0x0000000709200000| Updating 
|  36|0x0000000709200000, 0x0000000709200000, 0x0000000709400000|  0%| F|  |TAMS 0x0000000709200000| PB 0x0000000709200000| Untracked 
|  37|0x0000000709400000, 0x0000000709600000, 0x0000000709600000|100%| O|  |TAMS 0x0000000709600000| PB 0x0000000709600000| Untracked 
|  38|0x0000000709600000, 0x0000000709800000, 0x0000000709800000|100%| O|  |TAMS 0x0000000709800000| PB 0x0000000709800000| Untracked 
|  39|0x0000000709800000, 0x0000000709a00000, 0x0000000709a00000|100%| O|  |TAMS 0x0000000709a00000| PB 0x0000000709a00000| Updating 
|  40|0x0000000709a00000, 0x0000000709c00000, 0x0000000709c00000|100%| O|  |TAMS 0x0000000709c00000| PB 0x0000000709c00000| Updating 
|  41|0x0000000709c00000, 0x0000000709e00000, 0x0000000709e00000|100%| O|  |TAMS 0x0000000709e00000| PB 0x0000000709e00000| Untracked 
|  42|0x0000000709e00000, 0x000000070a000000, 0x000000070a000000|100%| O|  |TAMS 0x000000070a000000| PB 0x000000070a000000| Untracked 
|  43|0x000000070a000000, 0x000000070a200000, 0x000000070a200000|100%| O|  |TAMS 0x000000070a200000| PB 0x000000070a200000| Untracked 
|  44|0x000000070a200000, 0x000000070a400000, 0x000000070a400000|100%| O|  |TAMS 0x000000070a400000| PB 0x000000070a400000| Untracked 
|  45|0x000000070a400000, 0x000000070a600000, 0x000000070a600000|100%| O|  |TAMS 0x000000070a600000| PB 0x000000070a600000| Untracked 
|  46|0x000000070a600000, 0x000000070a800000, 0x000000070a800000|100%| O|  |TAMS 0x000000070a800000| PB 0x000000070a800000| Updating 
|  47|0x000000070a800000, 0x000000070aa00000, 0x000000070aa00000|100%| O|  |TAMS 0x000000070aa00000| PB 0x000000070aa00000| Updating 
|  48|0x000000070aa00000, 0x000000070ac00000, 0x000000070ac00000|100%| O|  |TAMS 0x000000070ac00000| PB 0x000000070ac00000| Updating 
|  49|0x000000070ac00000, 0x000000070ae00000, 0x000000070ae00000|100%| O|  |TAMS 0x000000070ae00000| PB 0x000000070ae00000| Untracked 
|  50|0x000000070ae00000, 0x000000070b000000, 0x000000070b000000|100%| O|  |TAMS 0x000000070b000000| PB 0x000000070b000000| Untracked 
|  51|0x000000070b000000, 0x000000070b200000, 0x000000070b200000|100%| O|  |TAMS 0x000000070b200000| PB 0x000000070b200000| Untracked 
|  52|0x000000070b200000, 0x000000070b400000, 0x000000070b400000|100%| O|  |TAMS 0x000000070b400000| PB 0x000000070b400000| Untracked 
|  53|0x000000070b400000, 0x000000070b600000, 0x000000070b600000|100%| O|  |TAMS 0x000000070b600000| PB 0x000000070b600000| Untracked 
|  54|0x000000070b600000, 0x000000070b800000, 0x000000070b800000|100%| O|  |TAMS 0x000000070b800000| PB 0x000000070b800000| Untracked 
|  55|0x000000070b800000, 0x000000070ba00000, 0x000000070ba00000|100%| O|  |TAMS 0x000000070ba00000| PB 0x000000070ba00000| Updating 
|  56|0x000000070ba00000, 0x000000070bc00000, 0x000000070bc00000|100%| O|  |TAMS 0x000000070bb9ebe0| PB 0x000000070bb9ebe0| Updating 
|  57|0x000000070bc00000, 0x000000070be00000, 0x000000070be00000|100%| O|  |TAMS 0x000000070bc00000| PB 0x000000070bc00000| Untracked 
|  58|0x000000070be00000, 0x000000070c000000, 0x000000070c000000|100%| O|  |TAMS 0x000000070be00000| PB 0x000000070be00000| Untracked 
|  59|0x000000070c000000, 0x000000070c200000, 0x000000070c200000|100%| O|  |TAMS 0x000000070c000000| PB 0x000000070c000000| Untracked 
|  60|0x000000070c200000, 0x000000070c280010, 0x000000070c400000| 25%| O|  |TAMS 0x000000070c200000| PB 0x000000070c200000| Updating 
|  61|0x000000070c400000, 0x000000070c400000, 0x000000070c600000|  0%| F|  |TAMS 0x000000070c400000| PB 0x000000070c400000| Untracked 
|  62|0x000000070c600000, 0x000000070c600000, 0x000000070c800000|  0%| F|  |TAMS 0x000000070c600000| PB 0x000000070c600000| Untracked 
|  63|0x000000070c800000, 0x000000070c800000, 0x000000070ca00000|  0%| F|  |TAMS 0x000000070c800000| PB 0x000000070c800000| Untracked 
|  64|0x000000070ca00000, 0x000000070ca00000, 0x000000070cc00000|  0%| F|  |TAMS 0x000000070ca00000| PB 0x000000070ca00000| Untracked 
|  65|0x000000070cc00000, 0x000000070cc00000, 0x000000070ce00000|  0%| F|  |TAMS 0x000000070cc00000| PB 0x000000070cc00000| Untracked 
|  66|0x000000070ce00000, 0x000000070ce00000, 0x000000070d000000|  0%| F|  |TAMS 0x000000070ce00000| PB 0x000000070ce00000| Untracked 
|  67|0x000000070d000000, 0x000000070d000000, 0x000000070d200000|  0%| F|  |TAMS 0x000000070d000000| PB 0x000000070d000000| Untracked 
|  68|0x000000070d200000, 0x000000070d200000, 0x000000070d400000|  0%| F|  |TAMS 0x000000070d200000| PB 0x000000070d200000| Untracked 
|  69|0x000000070d400000, 0x000000070d600000, 0x000000070d600000|100%| S|CS|TAMS 0x000000070d400000| PB 0x000000070d400000| Complete 
|  70|0x000000070d600000, 0x000000070d800000, 0x000000070d800000|100%| S|CS|TAMS 0x000000070d600000| PB 0x000000070d600000| Complete 
|  71|0x000000070d800000, 0x000000070da00000, 0x000000070da00000|100%| S|CS|TAMS 0x000000070d800000| PB 0x000000070d800000| Complete 
|  72|0x000000070da00000, 0x000000070da00000, 0x000000070dc00000|  0%| F|  |TAMS 0x000000070da00000| PB 0x000000070da00000| Untracked 
|  73|0x000000070dc00000, 0x000000070dc00000, 0x000000070de00000|  0%| F|  |TAMS 0x000000070dc00000| PB 0x000000070dc00000| Untracked 
|  74|0x000000070de00000, 0x000000070de00000, 0x000000070e000000|  0%| F|  |TAMS 0x000000070de00000| PB 0x000000070de00000| Untracked 
|  75|0x000000070e000000, 0x000000070e000000, 0x000000070e200000|  0%| F|  |TAMS 0x000000070e000000| PB 0x000000070e000000| Untracked 
|  76|0x000000070e200000, 0x000000070e3325a0, 0x000000070e400000| 59%| E|  |TAMS 0x000000070e200000| PB 0x000000070e200000| Complete 
|  77|0x000000070e400000, 0x000000070e600000, 0x000000070e600000|100%| E|CS|TAMS 0x000000070e400000| PB 0x000000070e400000| Complete 
|  78|0x000000070e600000, 0x000000070e800000, 0x000000070e800000|100%| E|CS|TAMS 0x000000070e600000| PB 0x000000070e600000| Complete 
| 105|0x0000000711c00000, 0x0000000711e00000, 0x0000000711e00000|100%| E|CS|TAMS 0x0000000711c00000| PB 0x0000000711c00000| Complete 
| 108|0x0000000712200000, 0x0000000712400000, 0x0000000712400000|100%| E|CS|TAMS 0x0000000712200000| PB 0x0000000712200000| Complete 
| 109|0x0000000712400000, 0x0000000712600000, 0x0000000712600000|100%| E|CS|TAMS 0x0000000712400000| PB 0x0000000712400000| Complete 
| 124|0x0000000714200000, 0x0000000714400000, 0x0000000714400000|100%| E|CS|TAMS 0x0000000714200000| PB 0x0000000714200000| Complete 
| 125|0x0000000714400000, 0x0000000714600000, 0x0000000714600000|100%| E|CS|TAMS 0x0000000714400000| PB 0x0000000714400000| Complete 
|2007|0x00000007ff800000, 0x00000007ffa00000, 0x00000007ffa00000|100%| E|CS|TAMS 0x00000007ff800000| PB 0x00000007ff800000| Complete 
|2008|0x00000007ffa00000, 0x00000007ffc00000, 0x00000007ffc00000|100%| E|CS|TAMS 0x00000007ffa00000| PB 0x00000007ffa00000| Complete 
|2009|0x00000007ffc00000, 0x00000007ffe00000, 0x00000007ffe00000|100%| O|  |TAMS 0x00000007ffe00000| PB 0x00000007ffe00000| Updating 
|2010|0x00000007ffe00000, 0x0000000800000000, 0x0000000800000000|100%| E|CS|TAMS 0x00000007ffe00000| PB 0x00000007ffe00000| Complete 

Card table byte_map: [0x00000252fa100000,0x00000252fa8e0000] _byte_map_base: 0x00000252f68db000

Marking Bits: (CMBitMap*) 0x00000252ee441360
 Bits: [0x00000252fa8e0000, 0x00000252fe7b8000)

Polling page: 0x00000252ec300000

Metaspace:

Usage:
  Non-class:     60.62 MB used.
      Class:     10.45 MB used.
       Both:     71.06 MB used.

Virtual space:
  Non-class space:       64.00 MB reserved,      61.06 MB ( 95%) committed,  1 nodes.
      Class space:        1.00 GB reserved,      10.75 MB (  1%) committed,  1 nodes.
             Both:        1.06 GB reserved,      71.81 MB (  7%) committed. 

Chunk freelists:
   Non-Class:  2.98 MB
       Class:  5.11 MB
        Both:  8.09 MB

MaxMetaspaceSize: unlimited
CompressedClassSpaceSize: 1.00 GB
Initial GC threshold: 21.00 MB
Current GC threshold: 119.69 MB
CDS: on
 - commit_granule_bytes: 65536.
 - commit_granule_words: 8192.
 - virtual_space_node_default_size: 8388608.
 - enlarge_chunks_in_place: 1.
 - use_allocation_guard: 0.


Internal statistics:

num_allocs_failed_limit: 12.
num_arena_births: 996.
num_arena_deaths: 0.
num_vsnodes_births: 2.
num_vsnodes_deaths: 0.
num_space_committed: 1149.
num_space_uncommitted: 0.
num_chunks_returned_to_freelist: 12.
num_chunks_taken_from_freelist: 3572.
num_chunk_merges: 12.
num_chunk_splits: 2607.
num_chunks_enlarged: 2035.
num_inconsistent_stats: 0.

CodeCache: size=49152Kb used=12288Kb max_used=12332Kb free=36863Kb
 bounds [0x00000252f6810000, 0x00000252f7420000, 0x00000252f9810000]
 total_blobs=7212 nmethods=6475 adapters=660
 compilation: enabled
              stopped_count=0, restarted_count=0
 full_count=0

Compilation events (20 events):
Event: 28.023 Thread 0x00000252ff21abc0 nmethod 6564 0x00000252f6afce90 code [0x00000252f6afd0a0, 0x00000252f6afd5d0]
Event: 28.023 Thread 0x00000252ff4ce8c0 nmethod 6566 0x00000252f6afca10 code [0x00000252f6afcbc0, 0x00000252f6afcd28]
Event: 28.023 Thread 0x00000252ff4ce8c0 6567       1       org.antlr.v4.runtime.atn.LexerSkipAction::isPositionDependent (2 bytes)
Event: 28.024 Thread 0x00000252ff4ce8c0 nmethod 6567 0x00000252f6afc710 code [0x00000252f6afc8a0, 0x00000252f6afc968]
Event: 28.593 Thread 0x00000252ff4ce8c0 6568   !   1       org.antlr.v4.runtime.atn.LexerActionExecutor::execute (166 bytes)
Event: 28.593 Thread 0x00000252ff21abc0 6569       1       org.antlr.v4.runtime.atn.LexerSkipAction::execute (5 bytes)
Event: 28.594 Thread 0x00000252ff21abc0 nmethod 6569 0x00000252f6afc410 code [0x00000252f6afc5a0, 0x00000252f6afc670]
Event: 28.594 Thread 0x00000252ff21abc0 6570       1       org.antlr.v4.runtime.Lexer::skip (7 bytes)
Event: 28.594 Thread 0x00000252ff21abc0 nmethod 6570 0x00000252f6afc110 code [0x00000252f6afc2a0, 0x00000252f6afc370]
Event: 28.594 Thread 0x00000252ff4ce8c0 nmethod 6568 0x00000252f6afb510 code [0x00000252f6afb700, 0x00000252f6afbc38]
Event: 28.671 Thread 0x00000252ff4ce8c0 6571       1       java.util.HashMap$TreeNode::balanceInsertion (245 bytes)
Event: 28.672 Thread 0x00000252ff4ce8c0 nmethod 6571 0x00000252f6afac10 code [0x00000252f6afae00, 0x00000252f6afb170]
Event: 28.873 Thread 0x00000252ff4ce8c0 6572   !   1       org.antlr.v4.runtime.atn.ParserATNSimulator::addDFAState (173 bytes)
Event: 28.873 Thread 0x00000252ff21abc0 6573       1       org.antlr.v4.runtime.misc.FlexibleHashMap::createEntryListArray (7 bytes)
Event: 28.874 Thread 0x00000252ff21abc0 nmethod 6573 0x00000252f6b36290 code [0x00000252f6b36420, 0x00000252f6b36560]
Event: 28.875 Thread 0x00000252ff4ce8c0 nmethod 6572 0x00000252f6b34f10 code [0x00000252f6b351e0, 0x00000252f6b35ab8]
Event: 29.302 Thread 0x00000252ff4ce8c0 6574       1       org.antlr.v4.runtime.atn.ParserATNSimulator::computeTargetState (286 bytes)
Event: 29.304 Thread 0x00000252ff4ce8c0 nmethod 6574 0x00000252f6af9410 code [0x00000252f6af97c0, 0x00000252f6afa3f0]
Event: 29.365 Thread 0x00000252ff4ce8c0 6575   !   1       org.antlr.v4.runtime.atn.ParserATNSimulator::addDFAEdge (207 bytes)
Event: 29.367 Thread 0x00000252ff4ce8c0 nmethod 6575 0x00000252f6af7e10 code [0x00000252f6af8140, 0x00000252f6af8cc8]

GC Heap History (20 events):
Event: 26.518 GC heap before
{Heap before GC invocations=16 (full 0):
 garbage-first heap   total 90112K, used 75262K [0x0000000704a00000, 0x0000000800000000)
  region size 2048K, 21 young (43008K), 3 survivors (6144K)
 Metaspace       used 71851K, committed 72512K, reserved 1114112K
  class space    used 10483K, committed 10752K, reserved 1048576K
}
Event: 26.529 GC heap after
{Heap after GC invocations=17 (full 0):
 garbage-first heap   total 90112K, used 42778K [0x0000000704a00000, 0x0000000800000000)
  region size 2048K, 3 young (6144K), 3 survivors (6144K)
 Metaspace       used 71851K, committed 72512K, reserved 1114112K
  class space    used 10483K, committed 10752K, reserved 1048576K
}
Event: 26.887 GC heap before
{Heap before GC invocations=18 (full 0):
 garbage-first heap   total 90112K, used 77594K [0x0000000704a00000, 0x0000000800000000)
  region size 2048K, 20 young (40960K), 3 survivors (6144K)
 Metaspace       used 71851K, committed 72512K, reserved 1114112K
  class space    used 10483K, committed 10752K, reserved 1048576K
}
Event: 26.903 GC heap after
{Heap after GC invocations=19 (full 0):
 garbage-first heap   total 94208K, used 52566K [0x0000000704a00000, 0x0000000800000000)
  region size 2048K, 3 young (6144K), 3 survivors (6144K)
 Metaspace       used 71851K, committed 72512K, reserved 1114112K
  class space    used 10483K, committed 10752K, reserved 1048576K
}
Event: 27.083 GC heap before
{Heap before GC invocations=19 (full 0):
 garbage-first heap   total 94208K, used 79190K [0x0000000704a00000, 0x0000000800000000)
  region size 2048K, 16 young (32768K), 3 survivors (6144K)
 Metaspace       used 71851K, committed 72512K, reserved 1114112K
  class space    used 10483K, committed 10752K, reserved 1048576K
}
Event: 27.100 GC heap after
{Heap after GC invocations=20 (full 0):
 garbage-first heap   total 98304K, used 61994K [0x0000000704a00000, 0x0000000800000000)
  region size 2048K, 2 young (4096K), 2 survivors (4096K)
 Metaspace       used 71851K, committed 72512K, reserved 1114112K
  class space    used 10483K, committed 10752K, reserved 1048576K
}
Event: 27.687 GC heap before
{Heap before GC invocations=20 (full 0):
 garbage-first heap   total 98304K, used 82474K [0x0000000704a00000, 0x0000000800000000)
  region size 2048K, 12 young (24576K), 2 survivors (4096K)
 Metaspace       used 72359K, committed 73088K, reserved 1114112K
  class space    used 10627K, committed 10944K, reserved 1048576K
}
Event: 27.695 GC heap after
{Heap after GC invocations=21 (full 0):
 garbage-first heap   total 98304K, used 64742K [0x0000000704a00000, 0x0000000800000000)
  region size 2048K, 1 young (2048K), 1 survivors (2048K)
 Metaspace       used 72359K, committed 73088K, reserved 1114112K
  class space    used 10627K, committed 10944K, reserved 1048576K
}
Event: 28.125 GC heap before
{Heap before GC invocations=22 (full 0):
 garbage-first heap   total 116736K, used 83174K [0x0000000704a00000, 0x0000000800000000)
  region size 2048K, 10 young (20480K), 1 survivors (2048K)
 Metaspace       used 72766K, committed 73536K, reserved 1114112K
  class space    used 10696K, committed 11008K, reserved 1048576K
}
Event: 28.135 GC heap after
{Heap after GC invocations=23 (full 0):
 garbage-first heap   total 116736K, used 70942K [0x0000000704a00000, 0x0000000800000000)
  region size 2048K, 2 young (4096K), 2 survivors (4096K)
 Metaspace       used 72766K, committed 73536K, reserved 1114112K
  class space    used 10696K, committed 11008K, reserved 1048576K
}
Event: 28.308 GC heap before
{Heap before GC invocations=23 (full 0):
 garbage-first heap   total 116736K, used 97566K [0x0000000704a00000, 0x0000000800000000)
  region size 2048K, 15 young (30720K), 2 survivors (4096K)
 Metaspace       used 72766K, committed 73536K, reserved 1114112K
  class space    used 10696K, committed 11008K, reserved 1048576K
}
Event: 28.328 GC heap after
{Heap after GC invocations=24 (full 0):
 garbage-first heap   total 180224K, used 76638K [0x0000000704a00000, 0x0000000800000000)
  region size 2048K, 2 young (4096K), 2 survivors (4096K)
 Metaspace       used 72766K, committed 73536K, reserved 1114112K
  class space    used 10696K, committed 11008K, reserved 1048576K
}
Event: 28.695 GC heap before
{Heap before GC invocations=24 (full 0):
 garbage-first heap   total 180224K, used 127838K [0x0000000704a00000, 0x0000000800000000)
  region size 2048K, 28 young (57344K), 2 survivors (4096K)
 Metaspace       used 72766K, committed 73536K, reserved 1114112K
  class space    used 10696K, committed 11008K, reserved 1048576K
}
Event: 28.721 GC heap after
{Heap after GC invocations=25 (full 0):
 garbage-first heap   total 180224K, used 97291K [0x0000000704a00000, 0x0000000800000000)
  region size 2048K, 5 young (10240K), 5 survivors (10240K)
 Metaspace       used 72766K, committed 73536K, reserved 1114112K
  class space    used 10696K, committed 11008K, reserved 1048576K
}
Event: 29.155 GC heap before
{Heap before GC invocations=26 (full 0):
 garbage-first heap   total 180224K, used 140299K [0x0000000704a00000, 0x0000000800000000)
  region size 2048K, 27 young (55296K), 5 survivors (10240K)
 Metaspace       used 72766K, committed 73536K, reserved 1114112K
  class space    used 10696K, committed 11008K, reserved 1048576K
}
Event: 29.184 GC heap after
{Heap after GC invocations=27 (full 0):
 garbage-first heap   total 180224K, used 113271K [0x0000000704a00000, 0x0000000800000000)
  region size 2048K, 4 young (8192K), 4 survivors (8192K)
 Metaspace       used 72766K, committed 73536K, reserved 1114112K
  class space    used 10696K, committed 11008K, reserved 1048576K
}
Event: 29.512 GC heap before
{Heap before GC invocations=27 (full 0):
 garbage-first heap   total 180224K, used 148087K [0x0000000704a00000, 0x0000000800000000)
  region size 2048K, 21 young (43008K), 4 survivors (8192K)
 Metaspace       used 72766K, committed 73536K, reserved 1114112K
  class space    used 10696K, committed 11008K, reserved 1048576K
}
Event: 29.536 GC heap after
{Heap after GC invocations=28 (full 0):
 garbage-first heap   total 180224K, used 118394K [0x0000000704a00000, 0x0000000800000000)
  region size 2048K, 3 young (6144K), 3 survivors (6144K)
 Metaspace       used 72766K, committed 73536K, reserved 1114112K
  class space    used 10696K, committed 11008K, reserved 1048576K
}
Event: 29.792 GC heap before
{Heap before GC invocations=28 (full 0):
 garbage-first heap   total 180224K, used 149114K [0x0000000704a00000, 0x0000000800000000)
  region size 2048K, 18 young (36864K), 3 survivors (6144K)
 Metaspace       used 72766K, committed 73536K, reserved 1114112K
  class space    used 10696K, committed 11008K, reserved 1048576K
}
Event: 29.812 GC heap after
{Heap after GC invocations=29 (full 0):
 garbage-first heap   total 180224K, used 131584K [0x0000000704a00000, 0x0000000800000000)
  region size 2048K, 3 young (6144K), 3 survivors (6144K)
 Metaspace       used 72766K, committed 73536K, reserved 1114112K
  class space    used 10696K, committed 11008K, reserved 1048576K
}

Dll operation events (10 events):
Event: 0.024 Loaded shared library D:\jdk21\bin\java.dll
Event: 0.770 Loaded shared library D:\jdk21\bin\net.dll
Event: 0.772 Loaded shared library D:\jdk21\bin\nio.dll
Event: 0.784 Loaded shared library D:\jdk21\bin\zip.dll
Event: 1.075 Loaded shared library D:\jdk21\bin\jimage.dll
Event: 8.323 Loaded shared library D:\jdk21\bin\sunmscapi.dll
Event: 9.670 Loaded shared library D:\jdk21\bin\verify.dll
Event: 11.039 Loaded shared library D:\jdk21\bin\management.dll
Event: 11.044 Loaded shared library D:\jdk21\bin\management_ext.dll
Event: 14.029 Loaded shared library D:\jdk21\bin\extnet.dll

Deoptimization events (8 events):
Event: 4.138 Thread 0x00000252ec0ad910 DEOPT PACKING pc=0x00000252f6e086e1 sp=0x000000bc72efccd0
Event: 4.138 Thread 0x00000252ec0ad910 DEOPT UNPACKING pc=0x00000252f68688e2 sp=0x000000bc72efc1b0 mode 3
Event: 4.695 Thread 0x00000252ec0ad910 DEOPT PACKING pc=0x00000252f6e609dd sp=0x000000bc72efd890
Event: 4.695 Thread 0x00000252ec0ad910 DEOPT UNPACKING pc=0x00000252f68688e2 sp=0x000000bc72efcd38 mode 3
Event: 10.798 Thread 0x00000252ec0ad910 DEOPT PACKING pc=0x00000252f71636a5 sp=0x000000bc72efd0d0
Event: 10.798 Thread 0x00000252ec0ad910 DEOPT UNPACKING pc=0x00000252f68688e2 sp=0x000000bc72efc638 mode 3
Event: 27.641 Thread 0x00000252ec0ad910 DEOPT PACKING pc=0x00000252f6b358e1 sp=0x000000bc72efa220
Event: 27.641 Thread 0x00000252ec0ad910 DEOPT UNPACKING pc=0x00000252f68688e2 sp=0x000000bc72ef9700 mode 3

Classes loaded (20 events):
Event: 26.410 Loading class jdk/internal/reflect/SerializationConstructorAccessorImpl
Event: 26.410 Loading class jdk/internal/reflect/SerializationConstructorAccessorImpl done
Event: 27.253 Loading class sun/reflect/annotation/TypeNotPresentExceptionProxy
Event: 27.253 Loading class sun/reflect/annotation/TypeNotPresentExceptionProxy done
Event: 27.544 Loading class java/util/AbstractList$SubList$1
Event: 27.544 Loading class java/util/AbstractList$SubList$1 done
Event: 27.702 Loading class java/util/zip/GZIPInputStream
Event: 27.702 Loading class java/util/zip/GZIPInputStream done
Event: 27.702 Loading class java/util/zip/GZIPOutputStream
Event: 27.702 Loading class java/util/zip/DeflaterOutputStream
Event: 27.703 Loading class java/util/zip/DeflaterOutputStream done
Event: 27.703 Loading class java/util/zip/GZIPOutputStream done
Event: 27.998 Loading class java/util/WeakHashMap$KeyIterator
Event: 27.998 Loading class java/util/WeakHashMap$HashIterator
Event: 27.998 Loading class java/util/WeakHashMap$HashIterator done
Event: 27.998 Loading class java/util/WeakHashMap$KeyIterator done
Event: 27.999 Loading class java/util/WeakHashMap$EntrySet
Event: 27.999 Loading class java/util/WeakHashMap$EntrySet done
Event: 27.999 Loading class java/util/WeakHashMap$EntryIterator
Event: 28.000 Loading class java/util/WeakHashMap$EntryIterator done

Classes unloaded (0 events):
No events

Classes redefined (0 events):
No events

Internal exceptions (20 events):
Event: 20.598 Thread 0x00000252ec0ad910 Exception <a 'java/lang/NoSuchMethodError'{0x0000000711d15d28}: 'java.lang.Object java.lang.invoke.DirectMethodHandle$Holder.invokeSpecial(java.lang.Object, java.lang.Object, java.lang.Object, java.lang.Object, java.lang.Object, java.lang.Object, java.lang.Object, java.lang.Object, java.lang.Object, java.lang.Object, java.lang.Object, java.lang.Object, java.lang.Object)'> (0x0000000711d15d28) 
thrown [s\open\src\hotspot\share\interpreter\linkResolver.cpp, line 773]
Event: 20.599 Thread 0x00000252ec0ad910 Exception <a 'java/lang/NoSuchMethodError'{0x0000000711d1a200}: 'java.lang.Object java.lang.invoke.Invokers$Holder.linkToTargetMethod(java.lang.Object, java.lang.Object, java.lang.Object, java.lang.Object, java.lang.Object, java.lang.Object, java.lang.Object, java.lang.Object, java.lang.Object, java.lang.Object, java.lang.Object, java.lang.Object)'> (0x0000000711d1a200) 
thrown [s\open\src\hotspot\share\interpreter\linkResolver.cpp, line 773]
Event: 20.692 Thread 0x00000252ec0ad910 Exception <a 'java/lang/IncompatibleClassChangeError'{0x000000070969e358}: Found class java.lang.Object, but interface was expected> (0x000000070969e358) 
thrown [s\open\src\hotspot\share\interpreter\linkResolver.cpp, line 840]
Event: 20.735 Thread 0x00000252ec0ad910 Exception <a 'java/lang/NoSuchMethodError'{0x0000000709716390}: 'java.lang.Object java.lang.invoke.DirectMethodHandle$Holder.newInvokeSpecial(java.lang.Object, java.lang.Object, java.lang.Object, java.lang.Object, java.lang.Object, java.lang.Object, java.lang.Object, int)'> (0x0000000709716390) 
thrown [s\open\src\hotspot\share\interpreter\linkResolver.cpp, line 773]
Event: 20.735 Thread 0x00000252ec0ad910 Exception <a 'java/lang/NoSuchMethodError'{0x000000070971a8f0}: 'java.lang.Object java.lang.invoke.DirectMethodHandle$Holder.invokeSpecial(java.lang.Object, java.lang.Object, java.lang.Object, java.lang.Object, java.lang.Object, java.lang.Object, java.lang.Object, java.lang.Object, int)'> (0x000000070971a8f0) 
thrown [s\open\src\hotspot\share\interpreter\linkResolver.cpp, line 773]
Event: 20.736 Thread 0x00000252ec0ad910 Exception <a 'java/lang/NoSuchMethodError'{0x000000070971e908}: 'java.lang.Object java.lang.invoke.Invokers$Holder.linkToTargetMethod(java.lang.Object, java.lang.Object, java.lang.Object, java.lang.Object, java.lang.Object, java.lang.Object, int, java.lang.Object)'> (0x000000070971e908) 
thrown [s\open\src\hotspot\share\interpreter\linkResolver.cpp, line 773]
Event: 20.806 Thread 0x00000252ec0ad910 Exception <a 'java/lang/NoSuchMethodError'{0x0000000709416638}: 'java.lang.Object java.lang.invoke.DirectMethodHandle$Holder.newInvokeSpecial(java.lang.Object, java.lang.Object, int, java.lang.Object, int, java.lang.Object, java.lang.Object)'> (0x0000000709416638) 
thrown [s\open\src\hotspot\share\interpreter\linkResolver.cpp, line 773]
Event: 21.825 Thread 0x00000252ec0ad910 Exception <a 'java/lang/NoSuchMethodError'{0x0000000709154428}: 'java.lang.Object java.lang.invoke.DirectMethodHandle$Holder.invokeSpecial(java.lang.Object, java.lang.Object, int, java.lang.Object, int)'> (0x0000000709154428) 
thrown [s\open\src\hotspot\share\interpreter\linkResolver.cpp, line 773]
Event: 22.432 Thread 0x00000252ec0ad910 Exception <a 'java/lang/NoSuchMethodError'{0x0000000708e6ebf0}: 'void java.lang.invoke.Invokers$Holder.invokeExact_MT(java.lang.Object, java.lang.Object, java.lang.Object, java.lang.Object)'> (0x0000000708e6ebf0) 
thrown [s\open\src\hotspot\share\interpreter\linkResolver.cpp, line 773]
Event: 22.692 Thread 0x00000252ec0ad910 Exception <a 'java/lang/IncompatibleClassChangeError'{0x0000000708b74400}: Found class java.lang.Object, but interface was expected> (0x0000000708b74400) 
thrown [s\open\src\hotspot\share\interpreter\linkResolver.cpp, line 840]
Event: 22.830 Thread 0x00000252ec0ad910 Exception <a 'java/lang/IncompatibleClassChangeError'{0x000000070892dea8}: Found class java.lang.Object, but interface was expected> (0x000000070892dea8) 
thrown [s\open\src\hotspot\share\interpreter\linkResolver.cpp, line 840]
Event: 23.148 Thread 0x00000252ec0ad910 Exception <a 'java/lang/IncompatibleClassChangeError'{0x0000000708356eb8}: Found class java.lang.Object, but interface was expected> (0x0000000708356eb8) 
thrown [s\open\src\hotspot\share\interpreter\linkResolver.cpp, line 840]
Event: 23.362 Thread 0x00000252ec0ad910 Exception <a 'java/lang/IncompatibleClassChangeError'{0x0000000707e7a850}: Found class java.lang.Object, but interface was expected> (0x0000000707e7a850) 
thrown [s\open\src\hotspot\share\interpreter\linkResolver.cpp, line 840]
Event: 23.363 Thread 0x00000252ec0ad910 Exception <a 'java/lang/IncompatibleClassChangeError'{0x0000000707e80028}: Found class java.lang.Object, but interface was expected> (0x0000000707e80028) 
thrown [s\open\src\hotspot\share\interpreter\linkResolver.cpp, line 840]
Event: 26.352 Thread 0x00000252ec0ad910 Exception <a 'java/lang/NoSuchMethodError'{0x00000007088581d8}: 'int java.lang.invoke.DirectMethodHandle$Holder.invokeStaticInit(java.lang.Object, int, java.lang.Object, java.lang.Object, java.lang.Object, java.lang.Object)'> (0x00000007088581d8) 
thrown [s\open\src\hotspot\share\interpreter\linkResolver.cpp, line 773]
Event: 27.417 Thread 0x00000252ec0ad910 Exception <a 'java/lang/NoSuchMethodError'{0x000000070947d580}: 'java.lang.Object java.lang.invoke.DirectMethodHandle$Holder.newInvokeSpecial(java.lang.Object, java.lang.Object, int, java.lang.Object, java.lang.Object)'> (0x000000070947d580) 
thrown [s\open\src\hotspot\share\interpreter\linkResolver.cpp, line 773]
Event: 27.448 Thread 0x00000252ec0ad910 Exception <a 'java/lang/NoSuchMethodError'{0x000000070955e528}: 'java.lang.Object java.lang.invoke.DirectMethodHandle$Holder.newInvokeSpecial(java.lang.Object, java.lang.Object, java.lang.Object, java.lang.Object, java.lang.Object, java.lang.Object, java.lang.Object, java.lang.Object)'> (0x000000070955e528) 
thrown [s\open\src\hotspot\share\interpreter\linkResolver.cpp, line 773]
Event: 27.546 Thread 0x00000252ec0ad910 Exception <a 'java/lang/NoSuchMethodError'{0x00000007093249a0}: 'void java.lang.invoke.Invokers$Holder.invokeExact_MT(java.lang.Object, java.lang.Object, int, java.lang.Object)'> (0x00000007093249a0) 
thrown [s\open\src\hotspot\share\interpreter\linkResolver.cpp, line 773]
Event: 27.676 Thread 0x00000252ec0ad910 Exception <a 'java/lang/NoSuchMethodError'{0x0000000708fb7ed0}: 'void java.lang.invoke.DirectMethodHandle$Holder.invokeStatic(java.lang.Object, java.lang.Object, java.lang.Object, int)'> (0x0000000708fb7ed0) 
thrown [s\open\src\hotspot\share\interpreter\linkResolver.cpp, line 773]
Event: 27.819 Thread 0x00000252ec0ad910 Exception <a 'java/lang/IncompatibleClassChangeError'{0x000000071420ad88}: Found class java.lang.Object, but interface was expected> (0x000000071420ad88) 
thrown [s\open\src\hotspot\share\interpreter\linkResolver.cpp, line 840]

ZGC Phase Switch (0 events):
No events

VM Operations (20 events):
Event: 27.853 Executing VM operation: G1PauseRemark done
Event: 27.903 Executing VM operation: G1PauseCleanup
Event: 27.918 Executing VM operation: G1PauseCleanup done
Event: 28.125 Executing VM operation: G1CollectForAllocation (G1 Evacuation Pause)
Event: 28.135 Executing VM operation: G1CollectForAllocation (G1 Evacuation Pause) done
Event: 28.308 Executing VM operation: G1CollectForAllocation (G1 Evacuation Pause)
Event: 28.328 Executing VM operation: G1CollectForAllocation (G1 Evacuation Pause) done
Event: 28.694 Executing VM operation: G1TryInitiateConcMark (G1 Humongous Allocation)
Event: 28.721 Executing VM operation: G1TryInitiateConcMark (G1 Humongous Allocation) done
Event: 28.852 Executing VM operation: G1PauseRemark
Event: 28.858 Executing VM operation: G1PauseRemark done
Event: 28.925 Executing VM operation: G1PauseCleanup
Event: 28.926 Executing VM operation: G1PauseCleanup done
Event: 29.155 Executing VM operation: G1CollectForAllocation (G1 Evacuation Pause)
Event: 29.184 Executing VM operation: G1CollectForAllocation (G1 Evacuation Pause) done
Event: 29.512 Executing VM operation: G1CollectForAllocation (G1 Evacuation Pause)
Event: 29.538 Executing VM operation: G1CollectForAllocation (G1 Evacuation Pause) done
Event: 29.792 Executing VM operation: G1CollectForAllocation (G1 Evacuation Pause)
Event: 29.812 Executing VM operation: G1CollectForAllocation (G1 Evacuation Pause) done
Event: 30.040 Executing VM operation: G1PauseRemark

Events (20 events):
Event: 26.606 Thread 0x00000252ff1f3b70 flushing nmethod 0x00000252f6c7e110
Event: 26.606 Thread 0x00000252ff1f3b70 flushing nmethod 0x00000252f6a99790
Event: 26.606 Thread 0x00000252ff1f3b70 flushing nmethod 0x00000252f6a0b210
Event: 26.606 Thread 0x00000252ff1f3b70 flushing nmethod 0x00000252f6954010
Event: 26.606 Thread 0x00000252ff1f3b70 flushing nmethod 0x00000252f692cb90
Event: 27.569 Thread 0x00000252ff54dfb0 Thread added: 0x00000252ff54dfb0
Event: 27.848 Thread 0x00000252ff1f3b70 flushing nmethod 0x00000252f736fc90
Event: 27.848 Thread 0x00000252ff1f3b70 flushing nmethod 0x00000252f729d490
Event: 27.848 Thread 0x00000252ff1f3b70 flushing nmethod 0x00000252f7299810
Event: 27.848 Thread 0x00000252ff1f3b70 flushing nmethod 0x00000252f7287f10
Event: 27.849 Thread 0x00000252ff1f3b70 flushing nmethod 0x00000252f71d3f10
Event: 27.849 Thread 0x00000252ff1f3b70 flushing nmethod 0x00000252f7149d90
Event: 27.849 Thread 0x00000252ff1f3b70 flushing nmethod 0x00000252f6f02190
Event: 27.849 Thread 0x00000252ff1f3b70 flushing nmethod 0x00000252f6c47b90
Event: 27.849 Thread 0x00000252ff1f3b70 flushing nmethod 0x00000252f6bfaa90
Event: 27.849 Thread 0x00000252ff1f3b70 flushing nmethod 0x00000252f6c03390
Event: 27.849 Thread 0x00000252ff1f3b70 flushing nmethod 0x00000252f6bedb90
Event: 27.849 Thread 0x00000252ff1f3b70 flushing nmethod 0x00000252f6be8610
Event: 27.849 Thread 0x00000252ff1f3b70 flushing nmethod 0x00000252f6bd7190
Event: 28.857 Thread 0x00000252ff1f3b70 flushing nmethod 0x00000252f6b34b90


Dynamic libraries:
0x00007ff675850000 - 0x00007ff675860000 	D:\jdk21\bin\java.exe
0x00007ff8fb430000 - 0x00007ff8fb647000 	C:\WINDOWS\SYSTEM32\ntdll.dll
0x00007ff8f9a80000 - 0x00007ff8f9b44000 	C:\WINDOWS\System32\KERNEL32.DLL
0x00007ff8f8cb0000 - 0x00007ff8f9082000 	C:\WINDOWS\System32\KERNELBASE.dll
0x00007ff8f85c0000 - 0x00007ff8f86d1000 	C:\WINDOWS\System32\ucrtbase.dll
0x00007ff8ec880000 - 0x00007ff8ec899000 	D:\jdk21\bin\jli.dll
0x00007ff8f9650000 - 0x00007ff8f9701000 	C:\WINDOWS\System32\ADVAPI32.dll
0x00007ff8fa5e0000 - 0x00007ff8fa687000 	C:\WINDOWS\System32\msvcrt.dll
0x00007ff8f9710000 - 0x00007ff8f97b8000 	C:\WINDOWS\System32\sechost.dll
0x00007ff8f86e0000 - 0x00007ff8f8708000 	C:\WINDOWS\System32\bcrypt.dll
0x00007ff8f97c0000 - 0x00007ff8f98d4000 	C:\WINDOWS\System32\RPCRT4.dll
0x00007ff8fb150000 - 0x00007ff8fb301000 	C:\WINDOWS\System32\USER32.dll
0x00007ff8f9090000 - 0x00007ff8f90b6000 	C:\WINDOWS\System32\win32u.dll
0x00007ff8f9970000 - 0x00007ff8f9999000 	C:\WINDOWS\System32\GDI32.dll
0x00007ff8f8710000 - 0x00007ff8f8833000 	C:\WINDOWS\System32\gdi32full.dll
0x00007ff8f8520000 - 0x00007ff8f85ba000 	C:\WINDOWS\System32\msvcp_win.dll
0x00007ff8ca790000 - 0x00007ff8ca7ab000 	D:\jdk21\bin\VCRUNTIME140.dll
0x00007ff8e4d00000 - 0x00007ff8e4f9b000 	C:\WINDOWS\WinSxS\amd64_microsoft.windows.common-controls_6595b64144ccf1df_6.0.22621.5547_none_27104afb73855772\COMCTL32.dll
0x00007ff8ecba0000 - 0x00007ff8ecbaa000 	C:\WINDOWS\SYSTEM32\VERSION.dll
0x00007ff8fa400000 - 0x00007ff8fa431000 	C:\WINDOWS\System32\IMM32.DLL
0x00007ff8ec870000 - 0x00007ff8ec87c000 	D:\jdk21\bin\vcruntime140_1.dll
0x00007ff8ca700000 - 0x00007ff8ca78e000 	D:\jdk21\bin\msvcp140.dll
0x00007ff870b60000 - 0x00007ff871875000 	D:\jdk21\bin\server\jvm.dll
0x00007ff8fb370000 - 0x00007ff8fb3e1000 	C:\WINDOWS\System32\WS2_32.dll
0x00007ff8f7cf0000 - 0x00007ff8f7d3d000 	C:\WINDOWS\SYSTEM32\POWRPROF.dll
0x00007ff8ee460000 - 0x00007ff8ee494000 	C:\WINDOWS\SYSTEM32\WINMM.dll
0x00007ff8f7ca0000 - 0x00007ff8f7cb3000 	C:\WINDOWS\SYSTEM32\UMPDC.dll
0x00007ff8f7520000 - 0x00007ff8f7538000 	C:\WINDOWS\SYSTEM32\kernel.appcore.dll
0x00007ff8dcba0000 - 0x00007ff8dcbaa000 	D:\jdk21\bin\jimage.dll
0x00007ff8f5f50000 - 0x00007ff8f6183000 	C:\WINDOWS\SYSTEM32\DBGHELP.DLL
0x00007ff8fab40000 - 0x00007ff8faed3000 	C:\WINDOWS\System32\combase.dll
0x00007ff8f99a0000 - 0x00007ff8f9a77000 	C:\WINDOWS\System32\OLEAUT32.dll
0x00007ff8c9860000 - 0x00007ff8c9892000 	C:\WINDOWS\SYSTEM32\dbgcore.DLL
0x00007ff8f8af0000 - 0x00007ff8f8b6b000 	C:\WINDOWS\System32\bcryptPrimitives.dll
0x00007ff8ca6e0000 - 0x00007ff8ca6ff000 	D:\jdk21\bin\java.dll
0x00007ff8f9b50000 - 0x00007ff8fa3f2000 	C:\WINDOWS\System32\SHELL32.dll
0x00007ff8f8b70000 - 0x00007ff8f8caf000 	C:\WINDOWS\System32\wintypes.dll
0x00007ff8f6400000 - 0x00007ff8f6d1d000 	C:\WINDOWS\SYSTEM32\windows.storage.dll
0x00007ff8fafa0000 - 0x00007ff8fb0ac000 	C:\WINDOWS\System32\SHCORE.dll
0x00007ff8faac0000 - 0x00007ff8fab29000 	C:\WINDOWS\System32\shlwapi.dll
0x00007ff8f8450000 - 0x00007ff8f847b000 	C:\WINDOWS\SYSTEM32\profapi.dll
0x00007ff8dbcf0000 - 0x00007ff8dbd00000 	D:\jdk21\bin\net.dll
0x00007ff8efb60000 - 0x00007ff8efc8c000 	C:\WINDOWS\SYSTEM32\WINHTTP.dll
0x00007ff8f7a40000 - 0x00007ff8f7aa9000 	C:\WINDOWS\system32\mswsock.dll
0x00007ff8ca5e0000 - 0x00007ff8ca5f6000 	D:\jdk21\bin\nio.dll
0x00007ff8ca5c0000 - 0x00007ff8ca5d8000 	D:\jdk21\bin\zip.dll
0x00007ff8f6f80000 - 0x00007ff8f6fad000 	C:\WINDOWS\SYSTEM32\IPHLPAPI.DLL
0x00007ff8fa8b0000 - 0x00007ff8fa8b9000 	C:\WINDOWS\System32\NSI.dll
0x00007ff8f6ff0000 - 0x00007ff8f70e8000 	C:\WINDOWS\SYSTEM32\DNSAPI.dll
0x00007ff8efb30000 - 0x00007ff8efb3a000 	C:\Windows\System32\rasadhlp.dll
0x00007ff8ebb80000 - 0x00007ff8ebc04000 	C:\WINDOWS\System32\fwpuclnt.dll
0x00007ff8ef4a0000 - 0x00007ff8ef4ae000 	D:\jdk21\bin\sunmscapi.dll
0x00007ff8f8840000 - 0x00007ff8f89a7000 	C:\WINDOWS\System32\CRYPT32.dll
0x00007ff8f7eb0000 - 0x00007ff8f7edd000 	C:\WINDOWS\SYSTEM32\ncrypt.dll
0x00007ff8f7e70000 - 0x00007ff8f7ea7000 	C:\WINDOWS\SYSTEM32\NTASN1.dll
0x00007ff8d76b0000 - 0x00007ff8d76c0000 	D:\jdk21\bin\verify.dll
0x00007ff8f7cd0000 - 0x00007ff8f7ceb000 	C:\WINDOWS\SYSTEM32\CRYPTSP.dll
0x00007ff8f7480000 - 0x00007ff8f74b7000 	C:\WINDOWS\system32\rsaenh.dll
0x00007ff8f7b40000 - 0x00007ff8f7b68000 	C:\WINDOWS\SYSTEM32\USERENV.dll
0x00007ff8f7cc0000 - 0x00007ff8f7ccc000 	C:\WINDOWS\SYSTEM32\CRYPTBASE.dll
0x00007ff8ef470000 - 0x00007ff8ef47a000 	D:\jdk21\bin\management.dll
0x00007ff8ef460000 - 0x00007ff8ef46b000 	D:\jdk21\bin\management_ext.dll
0x00007ff8fa8c0000 - 0x00007ff8fa8c8000 	C:\WINDOWS\System32\PSAPI.DLL
0x00007ff8ec940000 - 0x00007ff8ec947000 	D:\jdk21\bin\extnet.dll

dbghelp: loaded successfully - version: 4.0.5 - missing functions: none
symbol engine: initialized successfully - sym options: 0x614 - pdb path: .;D:\jdk21\bin;C:\WINDOWS\SYSTEM32;C:\WINDOWS\WinSxS\amd64_microsoft.windows.common-controls_6595b64144ccf1df_6.0.22621.5547_none_27104afb73855772;D:\jdk21\bin\server

VM Arguments:
jvm_args: -XX:TieredStopAtLevel=1 
java_command: com.example.microservice.services.SocialServiceApplication
java_class_path (initial): D:\studymatch\backend\social_service\target\classes;C:\Users\ASUS\.m2\repository\org\springframework\boot\spring-boot\3.4.1\spring-boot-3.4.1.jar;C:\Users\ASUS\.m2\repository\org\springframework\spring-context\6.2.1\spring-context-6.2.1.jar;C:\Users\ASUS\.m2\repository\org\springframework\boot\spring-boot-autoconfigure\3.4.1\spring-boot-autoconfigure-3.4.1.jar;C:\Users\ASUS\.m2\repository\ch\qos\logback\logback-classic\1.5.12\logback-classic-1.5.12.jar;C:\Users\ASUS\.m2\repository\ch\qos\logback\logback-core\1.5.12\logback-core-1.5.12.jar;C:\Users\ASUS\.m2\repository\org\apache\logging\log4j\log4j-to-slf4j\2.24.3\log4j-to-slf4j-2.24.3.jar;C:\Users\ASUS\.m2\repository\org\apache\logging\log4j\log4j-api\2.24.3\log4j-api-2.24.3.jar;C:\Users\ASUS\.m2\repository\org\slf4j\jul-to-slf4j\2.0.16\jul-to-slf4j-2.0.16.jar;C:\Users\ASUS\.m2\repository\jakarta\annotation\jakarta.annotation-api\2.1.1\jakarta.annotation-api-2.1.1.jar;C:\Users\ASUS\.m2\repository\org\springframework\spring-core\6.2.1\spring-core-6.2.1.jar;C:\Users\ASUS\.m2\repository\org\springframework\spring-jcl\6.2.1\spring-jcl-6.2.1.jar;C:\Users\ASUS\.m2\repository\org\yaml\snakeyaml\2.3\snakeyaml-2.3.jar;C:\Users\ASUS\.m2\repository\org\hibernate\orm\hibernate-core\6.6.4.Final\hibernate-core-6.6.4.Final.jar;C:\Users\ASUS\.m2\repository\jakarta\persistence\jakarta.persistence-api\3.1.0\jakarta.persistence-api-3.1.0.jar;C:\Users\ASUS\.m2\repository\jakarta\transaction\jakarta.transaction-api\2.0.1\jakarta.transaction-api-2.0.1.jar;C:\Users\ASUS\.m2\repository\org\jboss\logging\jboss-logging\3.6.1.Final\jboss-logging-3.6.1.Final.jar;C:\Users\ASUS\.m2\repository\org\hibernate\common\hibernate-commons-annotations\7.0.3.Final\hibernate-commons-annotations-7.0.3.Final.jar;C:\Users\ASUS\.m2\repository\io\smallrye\jandex\3.2.0\jandex-3.2.0.jar;C:\Users\ASUS\.m2\repository\com\fasterxml\classmate\1.7.0\classmate-1.7.0.jar;C:\Users\ASUS\.m2\repository\net\bytebuddy\byte-buddy\1.15.11\byte-buddy-1.15.11.jar;C:\Users\ASUS\.m2\repository\org\glassfish\jaxb\jaxb-runtime\4.0.5\jaxb-runtime-4.0.5.jar;C:\Users\ASUS\.m2\repository\org\glassfish\jaxb\jaxb-core\4.0.5\jaxb-core-4.0.5.jar;C:\Users\ASUS\.m2\repository\org\eclipse\angus\angus-activation\2.0.2\angus-activation-2.0.2.jar;C:\Users\ASUS\.m2\repository\org\glassfish\jaxb\txw2\4.0.5\txw2-4.0.5.jar;C:\Users\ASUS\.m2\repository\com\sun\istack\istack-commons-runtime\4.1.2\istack-commons-runtime-4.1.2.jar;C:\Users\ASUS\.m2\repository\jakarta\inject\jakarta.inject-api\2.0.1\jakarta.inject-api-2.0.1.jar;C:\Users\ASUS\.m2\repository\org\antlr\antlr4-runtime\4.13.0\antlr4-runtime-4.13.0.jar;C:\Users\ASUS\.m2\repository\org\springframework\data\spring-data-jpa\3.4.1\spring-data-jpa-3.4.1.jar;C:\Users\ASUS\.m2\repository\org\springframework\data\spring-data-commons\3.4.1\spring-data-commons-3.4.1.jar;C:\Users\ASUS\.m2\repository\org\springframework\spring-orm\6.2.1\spring-orm-6.2.1.jar;C:\Users\ASUS\.m2\repository\org\springframework\spring-aop\6.2.1\spring-aop-6.2.1.jar;C:\Users\ASUS\.m2\repository\org\springframework\spring-tx\6.2.1\spring-tx-6.2.1.jar;C:\Users\ASUS\.m2\repository\org\springframework\spring-beans\6.2.1\spring-beans-6.2.1.jar;C:\Users\ASUS\.m2\repository\org\slf4j\slf4j-api\2.0.16\slf4j-api-2.0.16.jar;C:\Users\ASUS\.m2\repository\org\springframework\spring-aspects\6.2.1\spring-aspects-6.2.1.jar;C:\Users\ASUS\.m2\repository\org\aspectj\aspectjweaver\1.9.22.1\aspectjweaver-1.9.22.1.jar;C:\Users\ASUS\.m2\repository\com\zaxxer\HikariCP\5.1.0\HikariCP-5.1.0.jar;C:\Users\ASUS\.m2\repository\org\springframework\spring-jdbc\6.2.1\spring-jdbc-6.2.1.jar;C:\Users\ASUS\.m2\repository\com\fasterxml\jackson\core\jackson-databind\2.18.2\jackson-databind-2.18.2.jar;C:\Users\ASUS\.m2\repository\com\fasterxml\jackson\datatype\jackson-datatype-jdk8\2.18.2\jackson-datatype-jdk8-2.18.2.jar;C:\Users\ASUS\.m2\repository\com\fasterxml\jackson\datatype\jackson-datatype-jsr310\2.18.2\jackson-datatype-jsr310-2.18.2.jar;C:\Users\ASUS\.m2\repository\com\fasterxml\jackson\module\jackson-module-parameter-names\2.18.2\jackson-module-parameter-names-2.18.2.jar;C:\Users\ASUS\.m2\repository\org\apache\tomcat\embed\tomcat-embed-core\10.1.34\tomcat-embed-core-10.1.34.jar;C:\Users\ASUS\.m2\repository\org\apache\tomcat\embed\tomcat-embed-websocket\10.1.34\tomcat-embed-websocket-10.1.34.jar;C:\Users\ASUS\.m2\repository\org\springframework\spring-web\6.2.1\spring-web-6.2.1.jar;C:\Users\ASUS\.m2\repository\io\micrometer\micrometer-observation\1.14.2\micrometer-observation-1.14.2.jar;C:\Users\ASUS\.m2\repository\io\micrometer\micrometer-commons\1.14.2\micrometer-commons-1.14.2.jar;C:\Users\ASUS\.m2\repository\org\springframework\spring-webmvc\6.2.1\spring-webmvc-6.2.1.jar;C:\Users\ASUS\.m2\repository\org\springframework\spring-expression\6.2.1\spring-expression-6.2.1.jar;C:\Users\ASUS\.m2\repository\com\mysql\mysql-connector-j\9.1.0\mysql-connector-j-9.1.0.jar;C:\Users\ASUS\.m2\repository\org\apache\tomcat\embed\tomcat-embed-el\10.1.34\tomcat-embed-el-10.1.34.jar;C:\Users\ASUS\.m2\repository\org\hibernate\validator\hibernate-validator\8.0.2.Final\hibernate-validator-8.0.2.Final.jar;C:\Users\ASUS\.m2\repository\jakarta\validation\jakarta.validation-api\3.0.2\jakarta.validation-api-3.0.2.jar;C:\Users\ASUS\.m2\repository\org\springframework\cloud\spring-cloud-starter-netflix-eureka-client\4.2.0\spring-cloud-starter-netflix-eureka-client-4.2.0.jar;C:\Users\ASUS\.m2\repository\org\springframework\cloud\spring-cloud-starter\4.2.0\spring-cloud-starter-4.2.0.jar;C:\Users\ASUS\.m2\repository\org\springframework\cloud\spring-cloud-context\4.2.0\spring-cloud-context-4.2.0.jar;C:\Users\ASUS\.m2\repository\org\bouncycastle\bcprov-jdk18on\1.78.1\bcprov-jdk18on-1.78.1.jar;C:\Users\ASUS\.m2\repository\org\springframework\cloud\spring-cloud-netflix-eureka-client\4.2.0\spring-cloud-netflix-eureka-client-4.2.0.jar;C:\Users\ASUS\.m2\repository\com\netflix\eureka\eureka-client\2.0.4\eureka-client-2.0.4.jar;C:\Users\ASUS\.m2\repository\com\thoughtworks\xstream\xstream\1.4.20\xstream-1.4.20.jar;C:\Users\ASUS\.m2\repository\io\github\x-stream\mxparser\1.2.2\mxparser-1.2.2.jar;C:\Users\ASUS\.m2\repository\xmlpull\xmlpull\1.1.3.1\xmlpull-1.1.3.1.jar;C:\Users\ASUS\.m2\repository\jakarta\ws\rs\jakarta.ws.rs-api\3.1.0\jakarta.ws.rs-api-3.1.0.jar;C:\Users\ASUS\.m2\repository\com\netflix\spectator\spectator-api\1.7.3\spectator-api-1.7.3.jar;C:\Users\ASUS\.m2\repository\org\apache\httpcomponents\httpclient\4.5.3\httpclient-4.5.3.jar;C:\Users\ASUS\.m2\repository\org\apache\httpcomponents\httpcore\4.4.16\httpcore-4.4.16.jar;C:\Users\ASUS\.m2\repository\commons-codec\commons-codec\1.17.1\commons-codec-1.17.1.jar;C:\Users\ASUS\.m2\repository\commons-configuration\commons-configuration\1.10\commons-configuration-1.10.jar;C:\Users\ASUS\.m2\repository\commons-lang\commons-lang\2.6\commons-lang-2.6.jar;C:\Users\ASUS\.m2\repository\com\fasterxml\jackson\core\jackson-annotations\2.18.2\jackson-annotations-2.18.2.jar;C:\Users\ASUS\.m2\repository\com\fasterxml\jackson\core\jackson-core\2.18.2\jackson-core-2.18.2.jar;C:\Users\ASUS\.m2\repository\com\netflix\netflix-commons\netflix-eventbus\0.3.0\netflix-eventbus-0.3.0.jar;C:\Users\ASUS\.m2\repository\com\netflix\netflix-commons\netflix-infix\0.3.0\netflix-infix-0.3.0.jar;C:\Users\ASUS\.m2\repository\commons-jxpath\commons-jxpath\1.3\commons-jxpath-1.3.jar;C:\Users\ASUS\.m2\repository\joda-time\joda-time\2.3\joda-time-2.3.jar;C:\Users\ASUS\.m2\repository\org\antlr\antlr-runtime\3.4\antlr-runtime-3.4.jar;C:\Users\ASUS\.m2\repository\org\antlr\stringtemplate\3.2.1\stringtemplate-3.2.1.jar;C:\Users\ASUS\.m2\repository\antlr\antlr\2.7.7\antlr-2.7.7.jar;C:\Users\ASUS\.m2\repository\com\netflix\servo\servo-core\0.5.3\servo-core-0.5.3.jar;C:\Users\ASUS\.m2\repository\org\apache\commons\commons-math\2.2\commons-math-2.2.jar;C:\Users\ASUS\.m2\repository\javax\annotation\javax.annotation-api\1.2\javax.annotation-api-1.2.jar;C:\Users\ASUS\.m2\repository\org\codehaus\jettison\jettison\1.5.4\jettison-1.5.4.jar;C:\Users\ASUS\.m2\repository\org\springframework\cloud\spring-cloud-starter-loadbalancer\4.2.0\spring-cloud-starter-loadbalancer-4.2.0.jar;C:\Users\ASUS\.m2\repository\org\springframework\cloud\spring-cloud-loadbalancer\4.2.0\spring-cloud-loadbalancer-4.2.0.jar;C:\Users\ASUS\.m2\repository\io\projectreactor\reactor-core\3.7.1\reactor-core-3.7.1.jar;C:\Users\ASUS\.m2\repository\org\reactivestreams\reactive-streams\1.0.4\reactive-streams-1.0.4.jar;C:\Users\ASUS\.m2\repository\io\projectreactor\addons\reactor-extra\3.5.2\reactor-extra-3.5.2.jar;C:\Users\ASUS\.m2\repository\org\springframework\spring-context-support\6.2.1\spring-context-support-6.2.1.jar;C:\Users\ASUS\.m2\repository\com\stoyanr\evictor\1.0.0\evictor-1.0.0.jar;C:\Users\ASUS\.m2\repository\org\springframework\cloud\spring-cloud-starter-openfeign\4.2.0\spring-cloud-starter-openfeign-4.2.0.jar;C:\Users\ASUS\.m2\repository\org\springframework\cloud\spring-cloud-openfeign-core\4.2.0\spring-cloud-openfeign-core-4.2.0.jar;C:\Users\ASUS\.m2\repository\io\github\openfeign\feign-form-spring\13.5\feign-form-spring-13.5.jar;C:\Users\ASUS\.m2\repository\io\github\openfeign\feign-form\13.5\feign-form-13.5.jar;C:\Users\ASUS\.m2\repository\commons-fileupload\commons-fileupload\1.5\commons-fileupload-1.5.jar;C:\Users\ASUS\.m2\repository\commons-io\commons-io\2.11.0\commons-io-2.11.0.jar;C:\Users\ASUS\.m2\repository\org\springframework\cloud\spring-cloud-commons\4.2.0\spring-cloud-commons-4.2.0.jar;C:\Users\ASUS\.m2\repository\org\springframework\security\spring-security-crypto\6.4.2\spring-security-crypto-6.4.2.jar;C:\Users\ASUS\.m2\repository\io\github\openfeign\feign-core\13.5\feign-core-13.5.jar;C:\Users\ASUS\.m2\repository\io\github\openfeign\feign-slf4j\13.5\feign-slf4j-13.5.jar;C:\Users\ASUS\.m2\repository\jakarta\xml\bind\jakarta.xml.bind-api\4.0.2\jakarta.xml.bind-api-4.0.2.jar;C:\Users\ASUS\.m2\repository\jakarta\activation\jakarta.activation-api\2.1.3\jakarta.activation-api-2.1.3.jar;C:\Users\ASUS\.m2\repository\org\ow2\asm\asm\9.6\asm-9.6.jar;C:\Users\ASUS\.m2\repository\org\projectlombok\lombok\1.18.38\lombok-1.18.38.jar;C:\Users\ASUS\.m2\repository\org\springframework\spring-messaging\6.2.1\spring-messaging-6.2.1.jar;C:\Users\ASUS\.m2\repository\org\springframework\spring-websocket\6.2.1\spring-websocket-6.2.1.jar;C:\Users\ASUS\.m2\repository\com\cloudinary\cloudinary-http5\2.3.2\cloudinary-http5-2.3.2.jar;C:\Users\ASUS\.m2\repository\com\cloudinary\cloudinary-core\2.3.2\cloudinary-core-2.3.2.jar;C:\Users\ASUS\.m2\repository\org\apache\commons\commons-lang3\3.17.0\commons-lang3-3.17.0.jar;C:\Users\ASUS\.m2\repository\org\apache\httpcomponents\client5\httpclient5\5.4.1\httpclient5-5.4.1.jar;C:\Users\ASUS\.m2\repository\org\apache\httpcomponents\core5\httpcore5-h2\5.3.1\httpcore5-h2-5.3.1.jar;C:\Users\ASUS\.m2\repository\org\apache\httpcomponents\core5\httpcore5\5.3.1\httpcore5-5.3.1.jar;C:\Users\ASUS\.m2\repository\com\google\cloud\sql\mysql-socket-factory-connector-j-8\1.28.6\mysql-socket-factory-connector-j-8-1.28.6.jar;C:\Users\ASUS\.m2\repository\com\google\cloud\sql\jdbc-socket-factory-core\1.28.6\jdbc-socket-factory-core-1.28.6.jar;C:\Users\ASUS\.m2\repository\com\github\jnr\jnr-enxio\0.32.20\jnr-enxio-0.32.20.jar;C:\Users\ASUS\.m2\repository\com\github\jnr\jnr-constants\0.10.4\jnr-constants-0.10.4.jar;C:\Users\ASUS\.m2\repository\com\github\jnr\jnr-ffi\2.2.19\jnr-ffi-2.2.19.jar;C:\Users\ASUS\.m2\repository\com\github\jnr\jffi\1.3.15\jffi-1.3.15.jar;C:\Users\ASUS\.m2\repository\com\github\jnr\jffi\1.3.15\jffi-1.3.15-native.jar;C:\Users\ASUS\.m2\repository\org\ow2\asm\asm-commons\9.7.1\asm-commons-9.7.1.jar;C:\Users\ASUS\.m2\repository\org\ow2\asm\asm-analysis\9.7.1\asm-analysis-9.7.1.jar;C:\Users\ASUS\.m2\repository\org\ow2\asm\asm-tree\9.7.1\asm-tree-9.7.1.jar;C:\Users\ASUS\.m2\repository\org\ow2\asm\asm-util\9.7.1\asm-util-9.7.1.jar;C:\Users\ASUS\.m2\repository\com\github\jnr\jnr-a64asm\1.0.0\jnr-a64asm-1.0.0.jar;C:\Users\ASUS\.m2\repository\com\github\jnr\jnr-x86asm\1.0.2\jnr-x86asm-1.0.2.jar;C:\Users\ASUS\.m2\repository\com\github\jnr\jnr-unixsocket\0.38.25\jnr-unixsocket-0.38.25.jar;C:\Users\ASUS\.m2\repository\com\github\jnr\jnr-posix\3.1.22\jnr-posix-3.1.22.jar;C:\Users\ASUS\.m2\repository\com\google\http-client\google-http-client\2.1.0\google-http-client-2.1.0.jar;C:\Users\ASUS\.m2\repository\com\google\code\findbugs\jsr305\3.0.2\jsr305-3.0.2.jar;C:\Users\ASUS\.m2\repository\com\google\j2objc\j2objc-annotations\3.0.0\j2objc-annotations-3.0.0.jar;C:\Users\ASUS\.m2\repository\io\grpc\grpc-context\1.70.0\grpc-context-1.70.0.jar;C:\Users\ASUS\.m2\repository\io\opencensus\opencensus-api\0.31.1\opencensus-api-0.31.1.jar;C:\Users\ASUS\.m2\repository\io\opencensus\opencensus-contrib-http-util\0.31.1\opencensus-contrib-http-util-0.31.1.jar;C:\Users\ASUS\.m2\repository\com\google\guava\guava\33.3.1-jre\guava-33.3.1-jre.jar;C:\Users\ASUS\.m2\repository\com\google\guava\failureaccess\1.0.2\failureaccess-1.0.2.jar;C:\Users\ASUS\.m2\repository\com\google\guava\listenablefuture\9999.0-empty-to-avoid-conflict-with-guava\listenablefuture-9999.0-empty-to-avoid-conflict-with-guava.jar;C:\Users\ASUS\.m2\repository\org\checkerframework\checker-qual\3.43.0\checker-qual-3.43.0.jar;C:\Users\ASUS\.m2\repository\com\google\errorprone\error_prone_annotations\2.49.0\error_prone_annotations-2.49.0.jar;C:\Users\ASUS\.m2\repository\com\google\http-client\google-http-client-gson\2.1.0\google-http-client-gson-2.1.0.jar;C:\Users\ASUS\.m2\repository\com\google\code\gson\gson\2.11.0\gson-2.11.0.jar;C:\Users\ASUS\.m2\repository\com\google\api-client\google-api-client\2.9.0\google-api-client-2.9.0.jar;C:\Users\ASUS\.m2\repository\com\google\http-client\google-http-client-apache-v2\2.0.0\google-http-client-apache-v2-2.0.0.jar;C:\Users\ASUS\.m2\repository\com\google\apis\google-api-services-sqladmin\v1beta4-rev20260529-2.0.0\google-api-services-sqladmin-v1beta4-rev20260529-2.0.0.jar;C:\Users\ASUS\.m2\repository\com\google\auth\google-auth-library-credentials\1.48.0\google-auth-library-credentials-1.48.0.jar;C:\Users\ASUS\.m2\repository\com\google\auth\google-auth-library-oauth2-http\1.48.0\google-auth-library-oauth2-http-1.48.0.jar;C:\Users\ASUS\.m2\repository\com\google\auto\value\auto-value-annotations\1.11.0\auto-value-annotations-1.11.0.jar;C:\Users\ASUS\.m2\repository\com\google\api\api-common\2.64.0\api-common-2.64.0.jar;C:\Users\ASUS\.m2\repository\com\google\oauth-client\google-oauth-client\1.39.0\google-oauth-client-1.39.0.jar;C:\Users\ASUS\.m2\repository\dnsjava\dnsjava\3.6.5\dnsjava-3.6.5.jar;C:\Users\ASUS\.m2\repository\com\google\api\gax\2.81.0\gax-2.81.0.jar;C:\Users\ASUS\.m2\repository\com\google\protobuf\protobuf-java-util\4.33.2\protobuf-java-util-4.33.2.jar;C:\Users\ASUS\.m2\repository\io\grpc\grpc-api\1.81.0\grpc-api-1.81.0.jar;C:\Users\ASUS\.m2\repository\com\google\cloud\sql\schemas\1.28.6\schemas-1.28.6.jar;C:\Users\ASUS\.m2\repository\com\google\protobuf\protobuf-java\4.35.1\protobuf-java-4.35.1.jar
Launcher Type: SUN_STANDARD

[Global flags]
     intx CICompilerCount                          = 4                                         {product} {ergonomic}
     uint ConcGCThreads                            = 2                                         {product} {ergonomic}
     uint G1ConcRefinementThreads                  = 8                                         {product} {ergonomic}
   size_t G1HeapRegionSize                         = 2097152                                   {product} {ergonomic}
    uintx GCDrainStackTargetSize                   = 64                                        {product} {ergonomic}
   size_t InitialHeapSize                          = 264241152                                 {product} {ergonomic}
   size_t MarkStackSize                            = 4194304                                   {product} {ergonomic}
   size_t MaxHeapSize                              = 4217372672                                {product} {ergonomic}
   size_t MaxNewSize                               = 2529165312                                {product} {ergonomic}
   size_t MinHeapDeltaBytes                        = 2097152                                   {product} {ergonomic}
   size_t MinHeapSize                              = 8388608                                   {product} {ergonomic}
    uintx NonNMethodCodeHeapSize                   = 4096                                   {pd product} {ergonomic}
    uintx NonProfiledCodeHeapSize                  = 0                                      {pd product} {ergonomic}
     bool ProfileInterpreter                       = false                                  {pd product} {command line}
    uintx ProfiledCodeHeapSize                     = 0                                      {pd product} {ergonomic}
   size_t SoftMaxHeapSize                          = 4217372672                             {manageable} {ergonomic}
     intx TieredStopAtLevel                        = 1                                         {product} {command line}
     bool UseCompressedOops                        = true                           {product lp64_product} {ergonomic}
     bool UseG1GC                                  = true                                      {product} {ergonomic}
     bool UseLargePagesIndividualAllocation        = false                                  {pd product} {ergonomic}

Logging:
Log output configuration:
 #0: stdout all=warning uptime,level,tags foldmultilines=false
 #1: stderr all=off uptime,level,tags foldmultilines=false

Environment Variables:
PATH=D:\download\sdk_flutter\flutter_3.27.1\flutter\bin\cache\dart-sdk\bin\;C:\Program Files\Python312\Scripts\;C:\Program Files\Python312\;C:\Program Files\Common Files\Oracle\Java\javapath;C:\WINDOWS\system32;C:\WINDOWS;C:\WINDOWS\System32\Wbem;C:\WINDOWS\System32\WindowsPowerShell\v1.0\;C:\WINDOWS\System32\OpenSSH\;C:\Program Files (x86)\Java\jre1.8.0_351;C:\Program Files\Git\cmd;C:\Program Files (x86)\Microsoft SQL Server\160\Tools\Binn\;C:\Program Files\Microsoft SQL Server\160\Tools\Binn\;C:\Program Files\Microsoft SQL Server\Client SDK\ODBC\170\Tools\Binn\;C:\Program Files\Microsoft SQL Server\160\DTS\Binn\;C:\Program Files\Microsoft SQL Server\150\Tools\Binn\;C:\apache-maven-3.9.9-bin\apache-maven-3.9.9\bin;C:\Program Files\PuTTY\;C:\gradle-8.13\bin;D:\jdk21\bin;C:\Users\YourName\AppData\Roaming\npm;C:\Program Files\dotnet\;D:\download\ngrok-v3-stable-windows-amd64;C:\Users\ASUS\AppData\Local\Android\Sdk\platform-tools;C:\Program Files\nodejs\;C:\Program Files\k6\;C:\Users\ASUS\AppData\Roaming\Python\Python312\Scripts;;C:\Program Files\Docker\Docker\resources\bin;C:\Users\ASUS\.dotnet\tools;D:\Microsoft VS Code\bin;C:\Program Files\Python312\Scripts;C:\Users\ASUS\AppData\Local\Android\Sdk\platform-tools;C:\Users\ASUS\AppData\Roaming\npm;D:\intellj\IntelliJ IDEA 2025.3.1\bin;C:\Program Files\k6;C:\Users\ASUS\AppData\Roaming\Python\Python312\Scripts;C:\Users\ASUS\AppData\Local\Programs\Antigravity IDE\bin;C:\Users\ASUS\AppData\Local\Pub\Cache\bin;D:\Antigravity IDE\bin;D:\download\sdk_flutter\flutter_3.27.1\flutter\bin;D:\gcloud\google-cloud-sdk\bin;c:\Users\ASUS\.antigravity-ide\extensions\vscjava.vscode-java-debug-0.59.0-universal\bundled\scripts\noConfigScripts
USERNAME=ASUS
LANG=en_US.UTF-8
OS=Windows_NT
PROCESSOR_IDENTIFIER=Intel64 Family 6 Model 140 Stepping 1, GenuineIntel
TMP=C:\Users\ASUS\AppData\Local\Temp
TEMP=C:\Users\ASUS\AppData\Local\Temp




Periodic native trim disabled

---------------  S Y S T E M  ---------------

OS:
 Windows 11 , 64 bit Build 22621 (10.0.22621.5415)
OS uptime: 0 days 1:17 hours
Hyper-V role detected

CPU: total 8 (initial active 8) (4 cores per cpu, 2 threads per core) family 6 model 140 stepping 1 microcode 0x8a, cx8, cmov, fxsr, ht, mmx, 3dnowpref, sse, sse2, sse3, ssse3, sse4.1, sse4.2, popcnt, lzcnt, tsc, tscinvbit, avx, avx2, aes, erms, clmul, bmi1, bmi2, adx, avx512f, avx512dq, avx512cd, avx512bw, avx512vl, sha, fma, vzeroupper, avx512_vpopcntdq, avx512_vpclmulqdq, avx512_vaes, avx512_vnni, clflush, clflushopt, clwb, avx512_vbmi2, avx512_vbmi, hv, rdtscp, rdpid, fsrm, gfni, avx512_bitalg, f16c, cet_ibt, cet_ss, avx512_ifma
Processor Information for processor 0
  Max Mhz: 2419, Current Mhz: 1209, Mhz Limit: 2419
Processor Information for processor 1
  Max Mhz: 2419, Current Mhz: 1612, Mhz Limit: 2419
Processor Information for processor 2
  Max Mhz: 2419, Current Mhz: 1612, Mhz Limit: 2419
Processor Information for processor 3
  Max Mhz: 2419, Current Mhz: 1612, Mhz Limit: 2419
Processor Information for processor 4
  Max Mhz: 2419, Current Mhz: 1612, Mhz Limit: 2419
Processor Information for processor 5
  Max Mhz: 2419, Current Mhz: 1612, Mhz Limit: 2419
Processor Information for processor 6
  Max Mhz: 2419, Current Mhz: 1612, Mhz Limit: 2419
Processor Information for processor 7
  Max Mhz: 2419, Current Mhz: 1612, Mhz Limit: 2419

Memory: 4k page, system-wide physical 16080M (236M free)
TotalPageFile size 26968M (AvailPageFile size 139M)
current process WorkingSet (physical memory assigned to process): 347M, peak: 347M
current process commit charge ("private bytes"): 386M, peak: 438M

vm_info: Java HotSpot(TM) 64-Bit Server VM (21.0.1+12-LTS-29) for windows-amd64 JRE (21.0.1+12-LTS-29), built on 2023-10-05T13:27:09Z by "mach5one" with MS VC++ 17.1 (VS2022)

END.
