#
# There is insufficient memory for the Java Runtime Environment to continue.
# Native memory allocation (mmap) failed to map 264241152 bytes for G1 virtual space
# Possible reasons:
#   The system is out of physical RAM or swap space
#   The process is running with CompressedOops enabled, and the Java Heap may be blocking the growth of the native heap
# Possible solutions:
#   Reduce memory load on the system
#   Increase physical memory or swap space
#   Check if swap backing store is full
#   Decrease Java heap size (-Xmx/-Xms)
#   Decrease number of Java threads
#   Decrease Java thread stack sizes (-Xss)
#   Set larger code cache with -XX:ReservedCodeCacheSize=
#   JVM is running with Zero Based Compressed Oops mode in which the Java heap is
#     placed in the first 32GB address space. The Java Heap base address is the
#     maximum limit for the native heap growth. Please use -XX:HeapBaseMinAddress
#     to set the Java Heap base and to place the Java Heap above 32GB virtual address.
# This output file may be truncated or incomplete.
#
#  Out of Memory Error (os_windows.cpp:3600), pid=32412, tid=23912
#
# JRE version:  (21.0.1+12) (build )
# Java VM: Java HotSpot(TM) 64-Bit Server VM (21.0.1+12-LTS-29, mixed mode, sharing, tiered, compressed oops, compressed class ptrs, g1 gc, windows-amd64)
# No core dump will be written. Minidumps are not enabled by default on client versions of Windows
#

---------------  S U M M A R Y ------------

Command Line: -Dnet.bytebuddy.agent.attacher.dump= net.bytebuddy.agent.Attacher com.sun.tools.attach.VirtualMachine 15604 C:\Users\ASUS\.m2\repository\net\bytebuddy\byte-buddy-agent\1.15.11\byte-buddy-agent-1.15.11.jar false 

Host: 11th Gen Intel(R) Core(TM) i5-1135G7 @ 2.40GHz, 8 cores, 15G,  Windows 11 , 64 bit Build 22621 (10.0.22621.5415)
Time: Sat Jun  6 17:32:53 2026 SE Asia Standard Time elapsed time: 0.023382 seconds (0d 0h 0m 0s)

---------------  T H R E A D  ---------------

Current thread (0x00000214de6fcd50):  JavaThread "Unknown thread" [_thread_in_vm, id=23912, stack(0x000000a81c000000,0x000000a81c100000) (1024K)]

Stack: [0x000000a81c000000,0x000000a81c100000]
Native frames: (J=compiled Java code, j=interpreted, Vv=VM code, C=native code)
V  [jvm.dll+0x6c9029]
V  [jvm.dll+0x854b81]
V  [jvm.dll+0x856e5e]
V  [jvm.dll+0x857543]
V  [jvm.dll+0x280c06]
V  [jvm.dll+0x6c5715]
V  [jvm.dll+0x6ba10a]
V  [jvm.dll+0x3557ea]
V  [jvm.dll+0x35d436]
V  [jvm.dll+0x3ae1be]
V  [jvm.dll+0x3ae468]
V  [jvm.dll+0x3291fc]
V  [jvm.dll+0x329d8b]
V  [jvm.dll+0x81d179]
V  [jvm.dll+0x3bb4f1]
V  [jvm.dll+0x805ae8]
V  [jvm.dll+0x44effe]
V  [jvm.dll+0x450901]
C  [jli.dll+0x52a3]
C  [ucrtbase.dll+0x29333]
C  [KERNEL32.DLL+0x1259d]
C  [ntdll.dll+0x5af78]


---------------  P R O C E S S  ---------------

Threads class SMR info:
_java_thread_list=0x00007fff1a489b88, length=0, elements={
}

Java Threads: ( => current thread )
Total: 0

Other Threads:
  0x00000214de8edf00 WorkerThread "GC Thread#0"                     [id=32228, stack(0x000000a81c100000,0x000000a81c200000) (1024K)]
  0x00000214de8febe0 ConcurrentGCThread "G1 Main Marker"            [id=3160, stack(0x000000a81c200000,0x000000a81c300000) (1024K)]
  0x00000214de8ffe80 WorkerThread "G1 Conc#0"                       [id=8904, stack(0x000000a81c300000,0x000000a81c400000) (1024K)]

[error occurred during error reporting (printing all threads), id 0xc0000005, EXCEPTION_ACCESS_VIOLATION (0xc0000005) at pc=0x00007fff19bfc2c7]
VM state: not at safepoint (not fully initialized)

VM Mutex/Monitor currently owned by a thread:  ([mutex/lock_event])
[0x00007fff1a4fa6f8] Heap_lock - owner thread: 0x00000214de6fcd50

Heap address: 0x0000000704a00000, size: 4022 MB, Compressed Oops mode: Zero based, Oop shift amount: 3

CDS archive(s) mapped at: [0x0000000000000000-0x0000000000000000-0x0000000000000000), size 0, SharedBaseAddress: 0x0000000800000000, ArchiveRelocationMode: 1.
Narrow klass base: 0x0000000000000000, Narrow klass shift: 0, Narrow klass range: 0x0

GC Precious Log:
 CardTable entry size: 512
 Card Set container configuration: InlinePtr #cards 4 size 8 Array Of Cards #cards 16 size 48 Howl #buckets 8 coarsen threshold 3686 Howl Bitmap #cards 512 size 80 coarsen threshold 460 Card regions per heap region 1 cards per card region 4096

Heap:
 garbage-first heap   total 0K, used 0K [0x0000000704a00000, 0x0000000800000000)
  region size 2048K, 0 young (0K), 0 survivors (0K)

[error occurred during error reporting (printing heap information), id 0xc0000005, EXCEPTION_ACCESS_VIOLATION (0xc0000005) at pc=0x00007fff19fe1be9]
GC Heap History (0 events):
No events

Dll operation events (1 events):
Event: 0.014 Loaded shared library D:\jdk21\bin\java.dll

Deoptimization events (0 events):
No events

Classes loaded (0 events):
No events

Classes unloaded (0 events):
No events

Classes redefined (0 events):
No events

Internal exceptions (0 events):
No events

ZGC Phase Switch (0 events):
No events

VM Operations (0 events):
No events

Events (0 events):
No events


Dynamic libraries:
0x00007ff6fa470000 - 0x00007ff6fa480000 	D:\jdk21\bin\java.exe
0x00007fff83710000 - 0x00007fff83927000 	C:\WINDOWS\SYSTEM32\ntdll.dll
0x00007fff81e30000 - 0x00007fff81ef4000 	C:\WINDOWS\System32\KERNEL32.DLL
0x00007fff80e90000 - 0x00007fff81262000 	C:\WINDOWS\System32\KERNELBASE.dll
0x00007fff80bd0000 - 0x00007fff80ce1000 	C:\WINDOWS\System32\ucrtbase.dll
0x00007fff66c60000 - 0x00007fff66c7b000 	D:\jdk21\bin\VCRUNTIME140.dll
0x00007fff66760000 - 0x00007fff66779000 	D:\jdk21\bin\jli.dll
0x00007fff82460000 - 0x00007fff82511000 	C:\WINDOWS\System32\ADVAPI32.dll
0x00007fff82c30000 - 0x00007fff82cd7000 	C:\WINDOWS\System32\msvcrt.dll
0x00007fff829d0000 - 0x00007fff82a78000 	C:\WINDOWS\System32\sechost.dll
0x00007fff80e60000 - 0x00007fff80e88000 	C:\WINDOWS\System32\bcrypt.dll
0x00007fff83380000 - 0x00007fff83494000 	C:\WINDOWS\System32\RPCRT4.dll
0x00007fff83510000 - 0x00007fff836c1000 	C:\WINDOWS\System32\USER32.dll
0x00007fff6cbf0000 - 0x00007fff6ce8b000 	C:\WINDOWS\WinSxS\amd64_microsoft.windows.common-controls_6595b64144ccf1df_6.0.22621.5547_none_27104afb73855772\COMCTL32.dll
0x00007fff80e30000 - 0x00007fff80e56000 	C:\WINDOWS\System32\win32u.dll
0x00007fff82290000 - 0x00007fff822b9000 	C:\WINDOWS\System32\GDI32.dll
0x00007fff81270000 - 0x00007fff81393000 	C:\WINDOWS\System32\gdi32full.dll
0x00007fff80a30000 - 0x00007fff80aca000 	C:\WINDOWS\System32\msvcp_win.dll
0x00007fff73a70000 - 0x00007fff73a7a000 	C:\WINDOWS\SYSTEM32\VERSION.dll
0x00007fff821a0000 - 0x00007fff821d1000 	C:\WINDOWS\System32\IMM32.DLL
0x00007fff66810000 - 0x00007fff6681c000 	D:\jdk21\bin\vcruntime140_1.dll
0x00007fff3b1b0000 - 0x00007fff3b23e000 	D:\jdk21\bin\msvcp140.dll
0x00007fff198c0000 - 0x00007fff1a5d5000 	D:\jdk21\bin\server\jvm.dll
0x00007fff823e0000 - 0x00007fff82451000 	C:\WINDOWS\System32\WS2_32.dll
0x00007fff7ff50000 - 0x00007fff7ff9d000 	C:\WINDOWS\SYSTEM32\POWRPROF.dll
0x00007fff76220000 - 0x00007fff76254000 	C:\WINDOWS\SYSTEM32\WINMM.dll
0x00007fff7fdf0000 - 0x00007fff7fe03000 	C:\WINDOWS\SYSTEM32\UMPDC.dll
0x00007fff7f800000 - 0x00007fff7f818000 	C:\WINDOWS\SYSTEM32\kernel.appcore.dll
0x00007fff66750000 - 0x00007fff6675a000 	D:\jdk21\bin\jimage.dll
0x00007fff7e230000 - 0x00007fff7e463000 	C:\WINDOWS\SYSTEM32\DBGHELP.DLL
0x00007fff82630000 - 0x00007fff829c3000 	C:\WINDOWS\System32\combase.dll
0x00007fff83160000 - 0x00007fff83237000 	C:\WINDOWS\System32\OLEAUT32.dll
0x00007fff53d40000 - 0x00007fff53d72000 	C:\WINDOWS\SYSTEM32\dbgcore.DLL
0x00007fff80b50000 - 0x00007fff80bcb000 	C:\WINDOWS\System32\bcryptPrimitives.dll
0x00007fff66720000 - 0x00007fff6673f000 	D:\jdk21\bin\java.dll

dbghelp: loaded successfully - version: 4.0.5 - missing functions: none
symbol engine: initialized successfully - sym options: 0x614 - pdb path: .;D:\jdk21\bin;C:\WINDOWS\SYSTEM32;C:\WINDOWS\WinSxS\amd64_microsoft.windows.common-controls_6595b64144ccf1df_6.0.22621.5547_none_27104afb73855772;D:\jdk21\bin\server

VM Arguments:
jvm_args: -Dnet.bytebuddy.agent.attacher.dump= 
java_command: net.bytebuddy.agent.Attacher com.sun.tools.attach.VirtualMachine 15604 C:\Users\ASUS\.m2\repository\net\bytebuddy\byte-buddy-agent\1.15.11\byte-buddy-agent-1.15.11.jar false 
java_class_path (initial): C:\Users\ASUS\.m2\repository\net\bytebuddy\byte-buddy-agent\1.15.11\byte-buddy-agent-1.15.11.jar
Launcher Type: SUN_STANDARD

[Global flags]
     intx CICompilerCount                          = 4                                         {product} {ergonomic}
     uint ConcGCThreads                            = 2                                         {product} {ergonomic}
     uint G1ConcRefinementThreads                  = 8                                         {product} {ergonomic}
   size_t G1HeapRegionSize                         = 2097152                                   {product} {ergonomic}
    uintx GCDrainStackTargetSize                   = 64                                        {product} {ergonomic}
   size_t InitialHeapSize                          = 264241152                                 {product} {ergonomic}
   size_t MarkStackSize                            = 4194304                                   {product} {ergonomic}
   size_t MaxHeapSize                              = 4217372672                                {product} {ergonomic}
   size_t MinHeapDeltaBytes                        = 2097152                                   {product} {ergonomic}
   size_t MinHeapSize                              = 8388608                                   {product} {ergonomic}
    uintx NonNMethodCodeHeapSize                   = 5839372                                {pd product} {ergonomic}
    uintx NonProfiledCodeHeapSize                  = 122909434                              {pd product} {ergonomic}
    uintx ProfiledCodeHeapSize                     = 122909434                              {pd product} {ergonomic}
    uintx ReservedCodeCacheSize                    = 251658240                              {pd product} {ergonomic}
     bool SegmentedCodeCache                       = true                                      {product} {ergonomic}
   size_t SoftMaxHeapSize                          = 4217372672                             {manageable} {ergonomic}
     bool UseCompressedOops                        = true                           {product lp64_product} {ergonomic}
     bool UseG1GC                                  = true                                      {product} {ergonomic}
     bool UseLargePagesIndividualAllocation        = false                                  {pd product} {ergonomic}

Logging:
Log output configuration:
 #0: stdout all=warning uptime,level,tags foldmultilines=false
 #1: stderr all=off uptime,level,tags foldmultilines=false

Environment Variables:
PATH=C:\Program Files\Python312\Scripts\;C:\Program Files\Python312\;C:\Program Files\Common Files\Oracle\Java\javapath;C:\WINDOWS\system32;C:\WINDOWS;C:\WINDOWS\System32\Wbem;C:\WINDOWS\System32\WindowsPowerShell\v1.0\;C:\WINDOWS\System32\OpenSSH\;C:\Program Files (x86)\Java\jre1.8.0_351;C:\Program Files\Git\cmd;C:\Program Files (x86)\Microsoft SQL Server\160\Tools\Binn\;C:\Program Files\Microsoft SQL Server\160\Tools\Binn\;C:\Program Files\Microsoft SQL Server\Client SDK\ODBC\170\Tools\Binn\;C:\Program Files\Microsoft SQL Server\160\DTS\Binn\;C:\Program Files\Microsoft SQL Server\150\Tools\Binn\;C:\apache-maven-3.9.9-bin\apache-maven-3.9.9\bin;C:\Program Files\PuTTY\;C:\gradle-8.13\bin;D:\jdk21\bin;C:\Users\YourName\AppData\Roaming\npm;C:\Program Files\dotnet\;D:\download\ngrok-v3-stable-windows-amd64;C:\Users\ASUS\AppData\Local\Android\Sdk\platform-tools;C:\Program Files\nodejs\;C:\Program Files\k6\;C:\Users\ASUS\AppData\Roaming\Python\Python312\Scripts;D:\download\sdk_flutter\flutter_3.27.1\flutter\bin;C:\Users\ASUS\.dotnet\tools;D:\Microsoft VS Code\bin;C:\Program Files\Python312\Scripts;C:\Users\ASUS\AppData\Local\Android\Sdk\platform-tools;C:\Users\ASUS\AppData\Roaming\npm;D:\intellj\IntelliJ IDEA 2025.3.1\bin;C:\Program Files\k6;C:\Users\ASUS\AppData\Roaming\Python\Python312\Scripts;C:\Users\ASUS\AppData\Local\Programs\Antigravity IDE\bin;C:\Users\ASUS\AppData\Local\Pub\Cache\bin;D:\Antigravity IDE\bin;
USERNAME=ASUS
TERM=xterm
OS=Windows_NT
PROCESSOR_IDENTIFIER=Intel64 Family 6 Model 140 Stepping 1, GenuineIntel
TMP=C:\Users\ASUS\AppData\Local\Temp
TEMP=C:\Users\ASUS\AppData\Local\Temp




Periodic native trim disabled

---------------  S Y S T E M  ---------------

OS:
 Windows 11 , 64 bit Build 22621 (10.0.22621.5415)
OS uptime: 56 days 4:32 hours
Hyper-V role detected

CPU: total 8 (initial active 8) (4 cores per cpu, 2 threads per core) family 6 model 140 stepping 1 microcode 0x8a, cx8, cmov, fxsr, ht, mmx, 3dnowpref, sse, sse2, sse3, ssse3, sse4.1, sse4.2, popcnt, lzcnt, tsc, tscinvbit, avx, avx2, aes, erms, clmul, bmi1, bmi2, adx, avx512f, avx512dq, avx512cd, avx512bw, avx512vl, sha, fma, vzeroupper, avx512_vpopcntdq, avx512_vpclmulqdq, avx512_vaes, avx512_vnni, clflush, clflushopt, clwb, avx512_vbmi2, avx512_vbmi, hv, rdtscp, rdpid, fsrm, gfni, avx512_bitalg, f16c, cet_ibt, cet_ss, avx512_ifma
Processor Information for processor 0
  Max Mhz: 2419, Current Mhz: 1612, Mhz Limit: 2419
Processor Information for processor 1
  Max Mhz: 2419, Current Mhz: 1612, Mhz Limit: 2419
Processor Information for processor 2
  Max Mhz: 2419, Current Mhz: 1612, Mhz Limit: 2419
Processor Information for processor 3
  Max Mhz: 2419, Current Mhz: 1612, Mhz Limit: 2419
Processor Information for processor 4
  Max Mhz: 2419, Current Mhz: 1612, Mhz Limit: 2419
Processor Information for processor 5
  Max Mhz: 2419, Current Mhz: 1007, Mhz Limit: 2419
Processor Information for processor 6
  Max Mhz: 2419, Current Mhz: 1612, Mhz Limit: 2419
Processor Information for processor 7
  Max Mhz: 2419, Current Mhz: 1612, Mhz Limit: 2419

Memory: 4k page, system-wide physical 16080M (683M free)
TotalPageFile size 35840M (AvailPageFile size 214M)
current process WorkingSet (physical memory assigned to process): 11M, peak: 11M
current process commit charge ("private bytes"): 60M, peak: 312M

vm_info: Java HotSpot(TM) 64-Bit Server VM (21.0.1+12-LTS-29) for windows-amd64 JRE (21.0.1+12-LTS-29), built on 2023-10-05T13:27:09Z by "mach5one" with MS VC++ 17.1 (VS2022)

END.
